Component: ARM Compiler 5.06 update 5 (build 528) Tool: armlink [4d35e2]

==============================================================================

Section Cross References

    startup_stm32f401xe.o(RESET) refers to startup_stm32f401xe.o(STACK) for __initial_sp
    startup_stm32f401xe.o(RESET) refers to startup_stm32f401xe.o(.text) for Reset_Handler
    startup_stm32f401xe.o(RESET) refers to stm32f4xx_it.o(i.NMI_Handler) for NMI_Handler
    startup_stm32f401xe.o(RESET) refers to stm32f4xx_it.o(i.HardFault_Handler) for HardFault_Handler
    startup_stm32f401xe.o(RESET) refers to stm32f4xx_it.o(i.MemManage_Handler) for MemManage_Handler
    startup_stm32f401xe.o(RESET) refers to stm32f4xx_it.o(i.BusFault_Handler) for BusFault_Handler
    startup_stm32f401xe.o(RESET) refers to stm32f4xx_it.o(i.UsageFault_Handler) for UsageFault_Handler
    startup_stm32f401xe.o(RESET) refers to port.o(.emb_text) for SVC_Handler
    startup_stm32f401xe.o(RESET) refers to stm32f4xx_it.o(i.DebugMon_Handler) for DebugMon_Handler
    startup_stm32f401xe.o(RESET) refers to cmsis_os2.o(i.SysTick_Handler) for SysTick_Handler
    startup_stm32f401xe.o(RESET) refers to stm32f4xx_it.o(i.DMA1_Stream0_IRQHandler) for DMA1_Stream0_IRQHandler
    startup_stm32f401xe.o(RESET) refers to stm32f4xx_it.o(i.DMA1_Stream6_IRQHandler) for DMA1_Stream6_IRQHandler
    startup_stm32f401xe.o(RESET) refers to stm32f4xx_it.o(i.TIM1_UP_TIM10_IRQHandler) for TIM1_UP_TIM10_IRQHandler
    startup_stm32f401xe.o(RESET) refers to stm32f4xx_it.o(i.TIM2_IRQHandler) for TIM2_IRQHandler
    startup_stm32f401xe.o(RESET) refers to stm32f4xx_it.o(i.I2C1_EV_IRQHandler) for I2C1_EV_IRQHandler
    startup_stm32f401xe.o(RESET) refers to stm32f4xx_it.o(i.I2C1_ER_IRQHandler) for I2C1_ER_IRQHandler
    startup_stm32f401xe.o(RESET) refers to stm32f4xx_it.o(i.USART6_IRQHandler) for USART6_IRQHandler
    startup_stm32f401xe.o(.text) refers to system_stm32f4xx.o(i.SystemInit) for SystemInit
    startup_stm32f401xe.o(.text) refers to entry.o(.ARM.Collect$$$$00000000) for __main
    gy86.o(i.BMP180_Init) refers to tasks.o(i.vTaskDelay) for vTaskDelay
    gy86.o(i.BMP180_Init) refers to queue.o(i.xQueueSemaphoreTake) for xQueueSemaphoreTake
    gy86.o(i.BMP180_Init) refers to stm32f4xx_hal_i2c.o(i.HAL_I2C_Mem_Read_DMA) for HAL_I2C_Mem_Read_DMA
    gy86.o(i.BMP180_Init) refers to queue.o(i.xQueueGenericSend) for xQueueGenericSend
    gy86.o(i.BMP180_Init) refers to i2c.o(.data) for I2CSemaphore
    gy86.o(i.BMP180_Init) refers to gy86.o(.bss) for .bss
    gy86.o(i.BMP180_Init) refers to i2c.o(.bss) for hi2c1
    gy86.o(i.BMP180_Init) refers to gy86.o(.data) for .data
    gy86.o(i.BMP180_read_pressure) refers to gy86.o(i.bmp180_read_ut) for bmp180_read_ut
    gy86.o(i.BMP180_read_pressure) refers to gy86.o(i.bmp180_read_up) for bmp180_read_up
    gy86.o(i.BMP180_read_pressure) refers to gy86.o(.data) for .data
    gy86.o(i.Get_GYROandACCEL) refers to tasks.o(i.xTaskGetTickCount) for xTaskGetTickCount
    gy86.o(i.Get_GYROandACCEL) refers to gy86.o(i.MPU6050_Init) for MPU6050_Init
    gy86.o(i.Get_GYROandACCEL) refers to gy86.o(i.MPU6050_Read_GYRO) for MPU6050_Read_GYRO
    gy86.o(i.Get_GYROandACCEL) refers to gy86.o(i.MPU6050_Read_ACCEL) for MPU6050_Read_ACCEL
    gy86.o(i.Get_GYROandACCEL) refers to queue.o(i.xQueueGenericSend) for xQueueGenericSend
    gy86.o(i.Get_GYROandACCEL) refers to tasks.o(i.vTaskDelayUntil) for vTaskDelayUntil
    gy86.o(i.Get_GYROandACCEL) refers to gy86.o(.data) for .data
    gy86.o(i.Get_MAG) refers to tasks.o(i.xTaskGetTickCount) for xTaskGetTickCount
    gy86.o(i.Get_MAG) refers to gy86.o(i.HMC5883L_Init) for HMC5883L_Init
    gy86.o(i.Get_MAG) refers to gy86.o(i.HMC5883L_Read_MAG) for HMC5883L_Read_MAG
    gy86.o(i.Get_MAG) refers to queue.o(i.xQueueGenericSend) for xQueueGenericSend
    gy86.o(i.Get_MAG) refers to tasks.o(i.vTaskDelayUntil) for vTaskDelayUntil
    gy86.o(i.Get_MAG) refers to gy86.o(.data) for .data
    gy86.o(i.Get_Pressure) refers to tasks.o(i.xTaskGetTickCount) for xTaskGetTickCount
    gy86.o(i.Get_Pressure) refers to gy86.o(i.BMP180_Init) for BMP180_Init
    gy86.o(i.Get_Pressure) refers to gy86.o(i.BMP180_read_pressure) for BMP180_read_pressure
    gy86.o(i.Get_Pressure) refers to queue.o(i.xQueueGenericSend) for xQueueGenericSend
    gy86.o(i.Get_Pressure) refers to tasks.o(i.vTaskDelayUntil) for vTaskDelayUntil
    gy86.o(i.Get_Pressure) refers to gy86.o(.data) for .data
    gy86.o(i.HMC5883L_CheckID) refers to queue.o(i.xQueueSemaphoreTake) for xQueueSemaphoreTake
    gy86.o(i.HMC5883L_CheckID) refers to stm32f4xx_hal_i2c.o(i.HAL_I2C_Mem_Write_DMA) for HAL_I2C_Mem_Write_DMA
    gy86.o(i.HMC5883L_CheckID) refers to tasks.o(i.vTaskDelay) for vTaskDelay
    gy86.o(i.HMC5883L_CheckID) refers to gy86.o(i.IIC_Read) for IIC_Read
    gy86.o(i.HMC5883L_CheckID) refers to i2c.o(.data) for I2CSemaphore
    gy86.o(i.HMC5883L_CheckID) refers to gy86.o(.data) for .data
    gy86.o(i.HMC5883L_CheckID) refers to i2c.o(.bss) for hi2c1
[...]
    xNumberOfSuccessfulFrees                 0x200000ec   Data           4  heap_4.o(.data)
    xBlockAllocatedBit                       0x200000f0   Data           4  heap_4.o(.data)
    xStart                                   0x200000f4   Data           8  heap_4.o(.data)
    .data                                    0x200000fc   Section       12  port.o(.data)
    ucMaxSysCallPriority                     0x200000fc   Data           1  port.o(.data)
    uxCriticalNesting                        0x20000100   Data           4  port.o(.data)
    ulMaxPRIGROUPValue                       0x20000104   Data           4  port.o(.data)
    .data                                    0x20000108   Section        4  errno.o(.data)
    _errno                                   0x20000108   Data           4  errno.o(.data)
    .bss                                     0x2000010c   Section       36  gy86.o(.bss)
    prom                                     0x2000010c   Data          22  gy86.o(.bss)
    .bss                                     0x20000130   Section       18  getppm_task.o(.bss)
    .bss                                     0x20000142   Section       64  main.o(.bss)
    g_rxBuffer                               0x20000142   Data          64  main.o(.bss)
    .bss                                     0x20000184   Section      276  i2c.o(.bss)
    .bss                                     0x20000298   Section      144  tim.o(.bss)
    .bss                                     0x20000328   Section      216  usart.o(.bss)
    .bss                                     0x20000400   Section       72  stm32f4xx_hal_timebase_tim.o(.bss)
    .bss                                     0x20000448   Section      784  flightcontrol.o(.bss)
    g_gyroBiasRaw                            0x20000448   Data          12  flightcontrol.o(.bss)
    g_accelBiasRaw                           0x20000454   Data          12  flightcontrol.o(.bss)
    g_gyroSum                                0x20000460   Data          24  flightcontrol.o(.bss)
    g_accelSum                               0x20000478   Data          24  flightcontrol.o(.bss)
    g_estimator                              0x20000490   Data          56  flightcontrol.o(.bss)
    g_controller                             0x200004c8   Data         508  flightcontrol.o(.bss)
    g_altitudePid                            0x200006c4   Data          96  flightcontrol.o(.bss)
    g_debug                                  0x20000724   Data          52  flightcontrol.o(.bss)
    .bss                                     0x20000758   Section       64  queue.o(.bss)
    .bss                                     0x20000798   Section     1220  tasks.o(.bss)
    pxReadyTasksLists                        0x20000798   Data        1120  tasks.o(.bss)
    xDelayedTaskList1                        0x20000bf8   Data          20  tasks.o(.bss)
    xDelayedTaskList2                        0x20000c0c   Data          20  tasks.o(.bss)
    xPendingReadyList                        0x20000c20   Data          20  tasks.o(.bss)
    xTasksWaitingTermination                 0x20000c34   Data          20  tasks.o(.bss)
    xSuspendedTaskList                       0x20000c48   Data          20  tasks.o(.bss)
    .bss                                     0x20000c5c   Section      280  timers.o(.bss)
    xStaticTimerQueue                        0x20000c5c   Data          80  timers.o(.bss)
    ucStaticTimerQueueStorage                0x20000cac   Data         160  timers.o(.bss)
    xActiveTimerList1                        0x20000d4c   Data          20  timers.o(.bss)
    xActiveTimerList2                        0x20000d60   Data          20  timers.o(.bss)
    .bss                                     0x20000d74   Section     1720  cmsis_os2.o(.bss)
    Idle_TCB                                 0x20000d74   Data          92  cmsis_os2.o(.bss)
    Idle_Stack                               0x20000dd0   Data         512  cmsis_os2.o(.bss)
    Timer_TCB                                0x20000fd0   Data          92  cmsis_os2.o(.bss)
    Timer_Stack                              0x2000102c   Data        1024  cmsis_os2.o(.bss)
    .bss                                     0x2000142c   Section    15360  heap_4.o(.bss)
    ucHeap                                   0x2000142c   Data       15360  heap_4.o(.bss)
    STACK                                    0x20005030   Section     1024  startup_stm32f401xe.o(STACK)

    Global Symbols

    Symbol Name                              Value     Ov Type        Size  Object(Section)

    BuildAttributes$$THM_ISAv4$E$P$D$K$B$S$7EM$VFPi3$EXTD16$VFPS$VFMA$PE$A:L22UL41UL21$X:L11$S22US41US21$IEEE1$IW$USESV6$~STKCKD$USESV7$~SHL$OTIME$ROPI$IEEEX$EBA8$MICROLIB$REQ8$PRES8$EABIv2 0x00000000   Number         0  anon$$obj.o ABSOLUTE
    __ARM_use_no_argv                        0x00000000   Number         0  main.o ABSOLUTE
    _printf_a                                0x00000000   Number         0  stubs.o ABSOLUTE
    _printf_c                                0x00000000   Number         0  stubs.o ABSOLUTE
    _printf_charcount                        0x00000000   Number         0  stubs.o ABSOLUTE
    _printf_d                                0x00000000   Number         0  stubs.o ABSOLUTE
    _printf_e                                0x00000000   Number         0  stubs.o ABSOLUTE
    _printf_f                                0x00000000   Number         0  stubs.o ABSOLUTE
    _printf_flags                            0x00000000   Number         0  stubs.o ABSOLUTE
    _printf_fp_dec                           0x00000000   Number         0  stubs.o ABSOLUTE
    _printf_fp_hex                           0x00000000   Number         0  stubs.o ABSOLUTE
    _printf_g                                0x00000000   Number         0  stubs.o ABSOLUTE
    _printf_i                                0x00000000   Number         0  stubs.o ABSOLUTE
    _printf_int_dec                          0x00000000   Number         0  stubs.o ABSOLUTE
    _printf_l                                0x00000000   Number         0  stubs.o ABSOLUTE
    _printf_lc                               0x00000000   Number         0  stubs.o ABSOLUTE
    _printf_ll                               0x00000000   Number         0  stubs.o ABSOLUTE
    _printf_lld                              0x00000000   Number         0  stubs.o ABSOLUTE
    _printf_lli                              0x00000000   Number         0  stubs.o ABSOLUTE
    _printf_llo                              0x00000000   Number         0  stubs.o ABSOLUTE
    _printf_llu                              0x00000000   Number         0  stubs.o ABSOLUTE
    _printf_llx                              0x00000000   Number         0  stubs.o ABSOLUTE
    _printf_longlong_dec                     0x00000000   Number         0  stubs.o ABSOLUTE
    _printf_longlong_hex                     0x00000000   Number         0  stubs.o ABSOLUTE
    _printf_longlong_oct                     0x00000000   Number         0  stubs.o ABSOLUTE
    _printf_ls                               0x00000000   Number         0  stubs.o ABSOLUTE
    _printf_mbtowc                           0x00000000   Number         0  stubs.o ABSOLUTE
    _printf_n                                0x00000000   Number         0  stubs.o ABSOLUTE
    _printf_o                                0x00000000   Number         0  stubs.o ABSOLUTE
    _printf_p                                0x00000000   Number         0  stubs.o ABSOLUTE
    _printf_percent                          0x00000000   Number         0  stubs.o ABSOLUTE
    _printf_pre_padding                      0x00000000   Number         0  stubs.o ABSOLUTE
    _printf_return_value                     0x00000000   Number         0  stubs.o ABSOLUTE
    _printf_s                                0x00000000   Number         0  stubs.o ABSOLUTE
    _printf_sizespec                         0x00000000   Number         0  stubs.o ABSOLUTE
    _printf_str                              0x00000000   Number         0  stubs.o ABSOLUTE
    _printf_truncate_signed                  0x00000000   Number         0  stubs.o ABSOLUTE
    _printf_truncate_unsigned                0x00000000   Number         0  stubs.o ABSOLUTE
    _printf_u                                0x00000000   Number         0  stubs.o ABSOLUTE
    _printf_wc                               0x00000000   Number         0  stubs.o ABSOLUTE
    _printf_wctomb                           0x00000000   Number         0  stubs.o ABSOLUTE
    _printf_widthprec                        0x00000000   Number         0  stubs.o ABSOLUTE
    _printf_x                                0x00000000   Number         0  stubs.o ABSOLUTE
    __cpp_initialize__aeabi_                  - Undefined Weak Reference
    __cxa_finalize                            - Undefined Weak Reference
    __decompress                              - Undefined Weak Reference
    _clock_init                               - Undefined Weak Reference
    _microlib_exit                            - Undefined Weak Reference
    __Vectors_Size                           0x00000194   Number         0  startup_stm32f401xe.o ABSOLUTE
    __Vectors                                0x08000000   Data           4  startup_stm32f401xe.o(RESET)
    __Vectors_End                            0x08000194   Data           0  startup_stm32f401xe.o(RESET)
    __main                                   0x08000195   Thumb Code     0  entry.o(.ARM.Collect$$$$00000000)
    _main_stk                                0x08000195   Thumb Code     0  entry2.o(.ARM.Collect$$$$00000001)
    _main_scatterload                        0x08000199   Thumb Code     0  entry5.o(.ARM.Collect$$$$00000004)
    __main_after_scatterload                 0x0800019d   Thumb Code     0  entry5.o(.ARM.Collect$$$$00000004)
    _main_clock                              0x0800019d   Thumb Code     0  entry7b.o(.ARM.Collect$$$$00000008)
    _main_cpp_init                           0x0800019d   Thumb Code     0  entry8b.o(.ARM.Collect$$$$0000000A)
    _main_init                               0x0800019d   Thumb Code     0  entry9a.o(.ARM.Collect$$$$0000000B)
    __rt_final_cpp                           0x080001a5   Thumb Code     0  entry10a.o(.ARM.Collect$$$$0000000D)
    __rt_final_exit                          0x080001a5   Thumb Code     0  entry11a.o(.ARM.Collect$$$$0000000F)
    SVC_Handler                              0x080001a9   Thumb Code    28  port.o(.emb_text)
    __asm___6_port_c_39a90d8d__prvStartFirstTask 0x080001c9   Thumb Code    36  port.o(.emb_text)
    __asm___6_port_c_39a90d8d__prvEnableVFP  0x080001f1   Thumb Code    16  port.o(.emb_text)
    PendSV_Handler                           0x08000205   Thumb Code    88  port.o(.emb_text)
    vPortGetIPSR                             0x08000261   Thumb Code     6  port.o(.emb_text)
    Reset_Handler                            0x08000269   Thumb Code     8  startup_stm32f401xe.o(.text)
    ADC_IRQHandler                           0x08000283   Thumb Code     0  startup_stm32f401xe.o(.text)
    DMA1_Stream1_IRQHandler                  0x08000283   Thumb Code     0  startup_stm32f401xe.o(.text)
    DMA1_Stream2_IRQHandler                  0x08000283   Thumb Code     0  startup_stm32f401xe.o(.text)
    DMA1_Stream3_IRQHandler                  0x08000283   Thumb Code     0  startup_stm32f401xe.o(.text)
    DMA1_Stream4_IRQHandler                  0x08000283   Thumb Code     0  startup_stm32f401xe.o(.text)
    DMA1_Stream5_IRQHandler                  0x08000283   Thumb Code     0  startup_stm32f401xe.o(.text)
    DMA1_Stream7_IRQHandler                  0x08000283   Thumb Code     0  startup_stm32f401xe.o(.text)
    DMA2_Stream0_IRQHandler                  0x08000283   Thumb Code     0  startup_stm32f401xe.o(.text)
    DMA2_Stream1_IRQHandler                  0x08000283   Thumb Code     0  startup_stm32f401xe.o(.text)
    DMA2_Stream2_IRQHandler                  0x08000283   Thumb Code     0  startup_stm32f401xe.o(.text)
    DMA2_Stream3_IRQHandler                  0x08000283   Thumb Code     0  startup_stm32f401xe.o(.text)
    DMA2_Stream4_IRQHandler                  0x08000283   Thumb Code     0  startup_stm32f401xe.o(.text)
    DMA2_Stream5_IRQHandler                  0x08000283   Thumb Code     0  startup_stm32f401xe.o(.text)
    DMA2_Stream6_IRQHandler                  0x08000283   Thumb Code     0  startup_stm32f401xe.o(.text)
    DMA2_Stream7_IRQHandler                  0x08000283   Thumb Code     0  startup_stm32f401xe.o(.text)
    EXTI0_IRQHandler                         0x08000283   Thumb Code     0  startup_stm32f401xe.o(.text)
    EXTI15_10_IRQHandler                     0x08000283   Thumb Code     0  startup_stm32f401xe.o(.text)
    EXTI1_IRQHandler                         0x08000283   Thumb Code     0  startup_stm32f401xe.o(.text)
    EXTI2_IRQHandler                         0x08000283   Thumb Code     0  startup_stm32f401xe.o(.text)
    EXTI3_IRQHandler                         0x08000283   Thumb Code     0  startup_stm32f401xe.o(.text)
    EXTI4_IRQHandler                         0x08000283   Thumb Code     0  startup_stm32f401xe.o(.text)
    EXTI9_5_IRQHandler                       0x08000283   Thumb Code     0  startup_stm32f401xe.o(.text)
    FLASH_IRQHandler                         0x08000283   Thumb Code     0  startup_stm32f401xe.o(.text)
    FPU_IRQHandler                           0x08000283   Thumb Code     0  startup_stm32f401xe.o(.text)
    I2C2_ER_IRQHandler                       0x08000283   Thumb Code     0  startup_stm32f401xe.o(.text)
    I2C2_EV_IRQHandler                       0x08000283   Thumb Code     0  startup_stm32f401xe.o(.text)
    I2C3_ER_IRQHandler                       0x08000283   Thumb Code     0  startup_stm32f401xe.o(.text)
    I2C3_EV_IRQHandler                       0x08000283   Thumb Code     0  startup_stm32f401xe.o(.text)
    OTG_FS_IRQHandler                        0x08000283   Thumb Code     0  startup_stm32f401xe.o(.text)
    OTG_FS_WKUP_IRQHandler                   0x08000283   Thumb Code     0  startup_stm32f401xe.o(.text)
    PVD_IRQHandler                           0x08000283   Thumb Code     0  startup_stm32f401xe.o(.text)
    RCC_IRQHandler                           0x08000283   Thumb Code     0  startup_stm32f401xe.o(.text)
    RTC_Alarm_IRQHandler                     0x08000283   Thumb Code     0  startup_stm32f401xe.o(.text)
    RTC_WKUP_IRQHandler                      0x08000283   Thumb Code     0  startup_stm32f401xe.o(.text)
    SDIO_IRQHandler                          0x08000283   Thumb Code     0  startup_stm32f401xe.o(.text)
    SPI1_IRQHandler                          0x08000283   Thumb Code     0  startup_stm32f401xe.o(.text)
    SPI2_IRQHandler                          0x08000283   Thumb Code     0  startup_stm32f401xe.o(.text)
    SPI3_IRQHandler                          0x08000283   Thumb Code     0  startup_stm32f401xe.o(.text)
    SPI4_IRQHandler                          0x08000283   Thumb Code     0  startup_stm32f401xe.o(.text)
    TAMP_STAMP_IRQHandler                    0x08000283   Thumb Code     0  startup_stm32f401xe.o(.text)
    TIM1_BRK_TIM9_IRQHandler                 0x08000283   Thumb Code     0  startup_stm32f401xe.o(.text)
    TIM1_CC_IRQHandler                       0x08000283   Thumb Code     0  startup_stm32f401xe.o(.text)
    TIM1_TRG_COM_TIM11_IRQHandler            0x08000283   Thumb Code     0  startup_stm32f401xe.o(.text)
    TIM3_IRQHandler                          0x08000283   Thumb Code     0  startup_stm32f401xe.o(.text)
    TIM4_IRQHandler                          0x08000283   Thumb Code     0  startup_stm32f401xe.o(.text)
    TIM5_IRQHandler                          0x08000283   Thumb Code     0  startup_stm32f401xe.o(.text)
    USART1_IRQHandler                        0x08000283   Thumb Code     0  startup_stm32f401xe.o(.text)
    USART2_IRQHandler                        0x08000283   Thumb Code     0  startup_stm32f401xe.o(.text)
    WWDG_IRQHandler                          0x08000283   Thumb Code     0  startup_stm32f401xe.o(.text)
    __aeabi_uldivmod                         0x0800028d   Thumb Code    98  uldiv.o(.text)
    __aeabi_ldivmod                          0x080002ef   Thumb Code    98  ldiv.o(.text)
    __aeabi_memcpy                           0x08000351   Thumb Code    36  memcpya.o(.text)
    __aeabi_memcpy4                          0x08000351   Thumb Code     0  memcpya.o(.text)
    __aeabi_memcpy8                          0x08000351   Thumb Code     0  memcpya.o(.text)
    __aeabi_memset                           0x08000375   Thumb Code    14  memseta.o(.text)
    __aeabi_memset4                          0x08000375   Thumb Code     0  memseta.o(.text)
    __aeabi_memset8                          0x08000375   Thumb Code     0  memseta.o(.text)
    __aeabi_memclr                           0x08000383   Thumb Code     4  memseta.o(.text)
    __aeabi_memclr4                          0x08000383   Thumb Code     0  memseta.o(.text)
    __aeabi_memclr8                          0x08000383   Thumb Code     0  memseta.o(.text)
    memset                                   0x08000387   Thumb Code    18  memseta.o(.text)
    __aeabi_llsl                             0x08000399   Thumb Code    30  llshl.o(.text)
    _ll_shift_l                              0x08000399   Thumb Code     0  llshl.o(.text)
    __aeabi_llsr                             0x080003b7   Thumb Code    32  llushr.o(.text)
    _ll_ushift_r                             0x080003b7   Thumb Code     0  llushr.o(.text)
    __I$use$fp                               0x080003d7   Thumb Code     0  iusefp.o(.text)
    __fp_status                              0x080003d7   Thumb Code     4  fpstat.o(.text)
    __ieee_status                            0x080003d7   Thumb Code     0  fpstat.o(.text)
    __scatterload                            0x080003dd   Thumb Code    28  init.o(.text)
    __scatterload_rt2                        0x080003dd   Thumb Code     0  init.o(.text)
    AttitudeController_GenerateSetpoint      0x08000521   Thumb Code    92  attitudecontrol.o(i.AttitudeController_GenerateSetpoint)
    AttitudeController_Init                  0x08000589   Thumb Code   360  attitudecontrol.o(i.AttitudeController_Init)
    AttitudeController_LoadProfile           0x08000705   Thumb Code   194  attitudecontrol.o(i.AttitudeController_LoadProfile)
    AttitudeController_MixToMotor            0x080007cd   Thumb Code   232  attitudecontrol.o(i.AttitudeController_MixToMotor)
    AttitudeController_Reset                 0x080008c1   Thumb Code    86  attitudecontrol.o(i.AttitudeController_Reset)
    AttitudeController_Update                0x0800091d   Thumb Code   268  attitudecontrol.o(i.AttitudeController_Update)
    AttitudeEstimator_GetEuler               0x08000a39   Thumb Code     8  attitudeestimator.o(i.AttitudeEstimator_GetEuler)
    AttitudeEstimator_Init                   0x08000a41   Thumb Code   106  attitudeestimator.o(i.AttitudeEstimator_Init)
    AttitudeEstimator_Update                 0x08000ab1   Thumb Code    42  attitudeestimator.o(i.AttitudeEstimator_Update)
    AttitudeEstimator_UpdateIMU              0x08000add   Thumb Code   440  attitudeestimator.o(i.AttitudeEstimator_UpdateIMU)
    BMP180_Init                              0x08000c99   Thumb Code   146  gy86.o(i.BMP180_Init)
    BMP180_read_pressure                     0x08000d3d   Thumb Code   172  gy86.o(i.BMP180_read_pressure)
    BusFault_Handler                         0x08000df1   Thumb Code     2  stm32f4xx_it.o(i.BusFault_Handler)
    DMA1_Stream0_IRQHandler                  0x08000df5   Thumb Code     6  stm32f4xx_it.o(i.DMA1_Stream0_IRQHandler)
    DMA1_Stream6_IRQHandler                  0x08000e01   Thumb Code     6  stm32f4xx_it.o(i.DMA1_Stream6_IRQHandler)
    DebugMon_Handler                         0x08000eb1   Thumb Code     2  stm32f4xx_it.o(i.DebugMon_Handler)
    DelayUs_Init                             0x08000eb5   Thumb Code    36  delay.o(i.DelayUs_Init)
    Delay_ms                                 0x08000ee1   Thumb Code    22  delay.o(i.Delay_ms)
    Delay_us                                 0x08000ef9   Thumb Code    32  delay.o(i.Delay_us)
    Error_Handler                            0x08000f25   Thumb Code     4  main.o(i.Error_Handler)
    FlightControl_Init                       0x08000f29   Thumb Code   218  flightcontrol.o(i.FlightControl_Init)
    FlightControl_Task                       0x08001039   Thumb Code  1668  flightcontrol.o(i.FlightControl_Task)
    Flight_Control_Task                      0x080016ed   Thumb Code     4  freertos.o(i.Flight_Control_Task)
    Get_GYROandACCEL                         0x080016f1   Thumb Code    50  gy86.o(i.Get_GYROandACCEL)
    Get_GYROandACCEL_Task                    0x08001729   Thumb Code     4  freertos.o(i.Get_GYROandACCEL_Task)
    Get_MAG                                  0x0800172d   Thumb Code    42  gy86.o(i.Get_MAG)
    Get_MAG_Task                             0x0800175d   Thumb Code     4  freertos.o(i.Get_MAG_Task)
    Get_Pressure                             0x08001761   Thumb Code    44  gy86.o(i.Get_Pressure)
    Get_Pressure_Task                        0x08001791   Thumb Code     4  freertos.o(i.Get_Pressure_Task)
    HAL_DMA_Abort                            0x08001795   Thumb Code   146  stm32f4xx_hal_dma.o(i.HAL_DMA_Abort)
    HAL_DMA_Abort_IT                         0x08001827   Thumb Code    36  stm32f4xx_hal_dma.o(i.HAL_DMA_Abort_IT)
    HAL_DMA_GetError                         0x0800184b   Thumb Code     4  stm32f4xx_hal_dma.o(i.HAL_DMA_GetError)
    HAL_DMA_GetState                         0x0800184f   Thumb Code     6  stm32f4xx_hal_dma.o(i.HAL_DMA_GetState)
    HAL_DMA_IRQHandler                       0x08001855   Thumb Code   412  stm32f4xx_hal_dma.o(i.HAL_DMA_IRQHandler)
    HAL_DMA_Init                             0x080019f5   Thumb Code   206  stm32f4xx_hal_dma.o(i.HAL_DMA_Init)
    HAL_DMA_Start_IT                         0x08001ac9   Thumb Code   110  stm32f4xx_hal_dma.o(i.HAL_DMA_Start_IT)
    HAL_GPIO_Init                            0x08001b39   Thumb Code   446  stm32f4xx_hal_gpio.o(i.HAL_GPIO_Init)
    HAL_GPIO_WritePin                        0x08001d19   Thumb Code    10  stm32f4xx_hal_gpio.o(i.HAL_GPIO_WritePin)
    HAL_GetTick                              0x08001d25   Thumb Code     6  stm32f4xx_hal.o(i.HAL_GetTick)
    HAL_I2C_AbortCpltCallback                0x08001d31   Thumb Code     2  stm32f4xx_hal_i2c.o(i.HAL_I2C_AbortCpltCallback)
    HAL_I2C_AddrCallback                     0x08001d33   Thumb Code     2  stm32f4xx_hal_i2c.o(i.HAL_I2C_AddrCallback)
    HAL_I2C_ER_IRQHandler                    0x08001d35   Thumb Code   186  stm32f4xx_hal_i2c.o(i.HAL_I2C_ER_IRQHandler)
    HAL_I2C_EV_IRQHandler                    0x08001def   Thumb Code   560  stm32f4xx_hal_i2c.o(i.HAL_I2C_EV_IRQHandler)
    HAL_I2C_ErrorCallback                    0x08002021   Thumb Code    46  i2c.o(i.HAL_I2C_ErrorCallback)
    HAL_I2C_Init                             0x0800205d   Thumb Code   376  stm32f4xx_hal_i2c.o(i.HAL_I2C_Init)
    HAL_I2C_ListenCpltCallback               0x080021e5   Thumb Code     2  stm32f4xx_hal_i2c.o(i.HAL_I2C_ListenCpltCallback)
    HAL_I2C_MasterRxCpltCallback             0x080021e9   Thumb Code    46  i2c.o(i.HAL_I2C_MasterRxCpltCallback)
    HAL_I2C_MasterTxCpltCallback             0x08002225   Thumb Code    46  i2c.o(i.HAL_I2C_MasterTxCpltCallback)
    HAL_I2C_MemRxCpltCallback                0x08002261   Thumb Code    46  i2c.o(i.HAL_I2C_MemRxCpltCallback)
    HAL_I2C_MemTxCpltCallback                0x0800229d   Thumb Code    46  i2c.o(i.HAL_I2C_MemTxCpltCallback)
    HAL_I2C_Mem_Read_DMA                     0x080022d9   Thumb Code   444  stm32f4xx_hal_i2c.o(i.HAL_I2C_Mem_Read_DMA)
    HAL_I2C_Mem_Write                        0x080024a5   Thumb Code   294  stm32f4xx_hal_i2c.o(i.HAL_I2C_Mem_Write)
    HAL_I2C_Mem_Write_DMA                    0x080025d5   Thumb Code   388  stm32f4xx_hal_i2c.o(i.HAL_I2C_Mem_Write_DMA)
    HAL_I2C_MspInit                          0x08002769   Thumb Code   232  i2c.o(i.HAL_I2C_MspInit)
    HAL_I2C_SlaveRxCpltCallback              0x08002865   Thumb Code     2  stm32f4xx_hal_i2c.o(i.HAL_I2C_SlaveRxCpltCallback)
    HAL_I2C_SlaveTxCpltCallback              0x08002867   Thumb Code     2  stm32f4xx_hal_i2c.o(i.HAL_I2C_SlaveTxCpltCallback)
    HAL_IncTick                              0x08002869   Thumb Code    12  stm32f4xx_hal.o(i.HAL_IncTick)
    HAL_Init                                 0x08002879   Thumb Code    48  stm32f4xx_hal.o(i.HAL_Init)
    HAL_InitTick                             0x080028ad   Thumb Code   118  stm32f4xx_hal_timebase_tim.o(i.HAL_InitTick)
    HAL_MspInit                              0x08002939   Thumb Code    52  stm32f4xx_hal_msp.o(i.HAL_MspInit)
    HAL_NVIC_EnableIRQ                       0x08002971   Thumb Code    26  stm32f4xx_hal_cortex.o(i.HAL_NVIC_EnableIRQ)
    HAL_NVIC_SetPriority                     0x0800298d   Thumb Code    60  stm32f4xx_hal_cortex.o(i.HAL_NVIC_SetPriority)
    HAL_NVIC_SetPriorityGrouping             0x080029cd   Thumb Code    26  stm32f4xx_hal_cortex.o(i.HAL_NVIC_SetPriorityGrouping)
    HAL_RCC_ClockConfig                      0x080029f1   Thumb Code   288  stm32f4xx_hal_rcc.o(i.HAL_RCC_ClockConfig)
    HAL_RCC_GetClockConfig                   0x08002b25   Thumb Code    54  stm32f4xx_hal_rcc.o(i.HAL_RCC_GetClockConfig)
    HAL_RCC_GetPCLK1Freq                     0x08002b65   Thumb Code    20  stm32f4xx_hal_rcc.o(i.HAL_RCC_GetPCLK1Freq)
    HAL_RCC_GetPCLK2Freq                     0x08002b85   Thumb Code    20  stm32f4xx_hal_rcc.o(i.HAL_RCC_GetPCLK2Freq)
    HAL_RCC_GetSysClockFreq                  0x08002ba5   Thumb Code    88  stm32f4xx_hal_rcc.o(i.HAL_RCC_GetSysClockFreq)
    HAL_RCC_OscConfig                        0x08002c05   Thumb Code   856  stm32f4xx_hal_rcc.o(i.HAL_RCC_OscConfig)
    HAL_TIMEx_BreakCallback                  0x08002f71   Thumb Code     2  stm32f4xx_hal_tim_ex.o(i.HAL_TIMEx_BreakCallback)
    HAL_TIMEx_CommutCallback                 0x08002f73   Thumb Code     2  stm32f4xx_hal_tim_ex.o(i.HAL_TIMEx_CommutCallback)
    HAL_TIMEx_MasterConfigSynchronization    0x08002f75   Thumb Code   104  stm32f4xx_hal_tim_ex.o(i.HAL_TIMEx_MasterConfigSynchronization)
    HAL_TIM_Base_Init                        0x08002ff1   Thumb Code    90  stm32f4xx_hal_tim.o(i.HAL_TIM_Base_Init)
    HAL_TIM_Base_MspInit                     0x0800304d   Thumb Code   130  tim.o(i.HAL_TIM_Base_MspInit)
    HAL_TIM_Base_Start_IT                    0x080030dd   Thumb Code    88  stm32f4xx_hal_tim.o(i.HAL_TIM_Base_Start_IT)
    HAL_TIM_ConfigClockSource                0x08003149   Thumb Code   220  stm32f4xx_hal_tim.o(i.HAL_TIM_ConfigClockSource)
    HAL_TIM_IC_CaptureCallback               0x08003225   Thumb Code   106  getppm_task.o(i.HAL_TIM_IC_CaptureCallback)
    HAL_TIM_IC_ConfigChannel                 0x080032a1   Thumb Code   292  stm32f4xx_hal_tim.o(i.HAL_TIM_IC_ConfigChannel)
    HAL_TIM_IC_Init                          0x080033c5   Thumb Code    90  stm32f4xx_hal_tim.o(i.HAL_TIM_IC_Init)
    HAL_TIM_IC_MspInit                       0x0800341f   Thumb Code     2  stm32f4xx_hal_tim.o(i.HAL_TIM_IC_MspInit)
    HAL_TIM_IRQHandler                       0x08003421   Thumb Code   304  stm32f4xx_hal_tim.o(i.HAL_TIM_IRQHandler)
    HAL_TIM_MspPostInit                      0x08003551   Thumb Code    70  tim.o(i.HAL_TIM_MspPostInit)
    HAL_TIM_OC_DelayElapsedCallback          0x080035a5   Thumb Code     2  stm32f4xx_hal_tim.o(i.HAL_TIM_OC_DelayElapsedCallback)
    HAL_TIM_PWM_ConfigChannel                0x080035a7   Thumb Code   204  stm32f4xx_hal_tim.o(i.HAL_TIM_PWM_ConfigChannel)
    HAL_TIM_PWM_Init                         0x08003673   Thumb Code    90  stm32f4xx_hal_tim.o(i.HAL_TIM_PWM_Init)
    HAL_TIM_PWM_MspInit                      0x080036cd   Thumb Code     2  stm32f4xx_hal_tim.o(i.HAL_TIM_PWM_MspInit)
    HAL_TIM_PWM_PulseFinishedCallback        0x080036cf   Thumb Code     2  stm32f4xx_hal_tim.o(i.HAL_TIM_PWM_PulseFinishedCallback)
    HAL_TIM_PWM_Start                        0x080036d1   Thumb Code   156  stm32f4xx_hal_tim.o(i.HAL_TIM_PWM_Start)
    HAL_TIM_PeriodElapsedCallback            0x08003781   Thumb Code    14  main.o(i.HAL_TIM_PeriodElapsedCallback)
    HAL_TIM_ReadCapturedValue                0x08003795   Thumb Code    42  stm32f4xx_hal_tim.o(i.HAL_TIM_ReadCapturedValue)
    HAL_TIM_TriggerCallback                  0x080037bf   Thumb Code     2  stm32f4xx_hal_tim.o(i.HAL_TIM_TriggerCallback)
    HAL_UARTEx_ReceiveToIdle_IT              0x080037c1   Thumb Code    78  stm32f4xx_hal_uart.o(i.HAL_UARTEx_ReceiveToIdle_IT)
    HAL_UARTEx_RxEventCallback               0x0800380f   Thumb Code     2  stm32f4xx_hal_uart.o(i.HAL_UARTEx_RxEventCallback)
    HAL_UART_ErrorCallback                   0x08003811   Thumb Code     2  stm32f4xx_hal_uart.o(i.HAL_UART_ErrorCallback)
    HAL_UART_IRQHandler                      0x08003815   Thumb Code   636  stm32f4xx_hal_uart.o(i.HAL_UART_IRQHandler)
    HAL_UART_Init                            0x08003a95   Thumb Code   100  stm32f4xx_hal_uart.o(i.HAL_UART_Init)
    HAL_UART_MspInit                         0x08003af9   Thumb Code   232  usart.o(i.HAL_UART_MspInit)
    HAL_UART_RxCpltCallback                  0x08003bf9   Thumb Code    22  main.o(i.HAL_UART_RxCpltCallback)
    HAL_UART_TxCpltCallback                  0x08003c21   Thumb Code     2  stm32f4xx_hal_uart.o(i.HAL_UART_TxCpltCallback)
    HMC5883L_Init                            0x08003c25   Thumb Code   238  gy86.o(i.HMC5883L_Init)
    HMC5883L_Read_MAG                        0x08003d21   Thumb Code    92  gy86.o(i.HMC5883L_Read_MAG)
    HMC5883L_SetupAutoRead                   0x08003d85   Thumb Code   134  gy86.o(i.HMC5883L_SetupAutoRead)
    HardFault_Handler                        0x08003e19   Thumb Code     2  stm32f4xx_it.o(i.HardFault_Handler)
    I2C1_ER_IRQHandler                       0x08003e1d   Thumb Code     6  stm32f4xx_it.o(i.I2C1_ER_IRQHandler)
    I2C1_EV_IRQHandler                       0x08003e29   Thumb Code     6  stm32f4xx_it.o(i.I2C1_EV_IRQHandler)
    IIC_Write                                0x08004d05   Thumb Code    44  gy86.o(i.IIC_Write)
    MPU6050_Init                             0x08004d3d   Thumb Code   248  gy86.o(i.MPU6050_Init)
    MPU6050_Read_ACCEL                       0x08004e41   Thumb Code    96  gy86.o(i.MPU6050_Read_ACCEL)
    MPU6050_Read_GYRO                        0x08004ead   Thumb Code    96  gy86.o(i.MPU6050_Read_GYRO)
    MX_DMA_Init                              0x08004f19   Thumb Code    56  dma.o(i.MX_DMA_Init)
    MX_FREERTOS_Init                         0x08004f55   Thumb Code   144  freertos.o(i.MX_FREERTOS_Init)
    MX_GPIO_Init                             0x08005061   Thumb Code   272  gpio.o(i.MX_GPIO_Init)
    MX_I2C1_Init                             0x08005185   Thumb Code    74  i2c.o(i.MX_I2C1_Init)
    MX_TIM2_Init                             0x080051e1   Thumb Code   156  tim.o(i.MX_TIM2_Init)
    MX_TIM3_Init                             0x08005281   Thumb Code   192  tim.o(i.MX_TIM3_Init)
    MX_USART1_UART_Init                      0x08005349   Thumb Code    48  usart.o(i.MX_USART1_UART_Init)
    MX_USART2_UART_Init                      0x08005381   Thumb Code    48  usart.o(i.MX_USART2_UART_Init)
    MX_USART6_UART_Init                      0x080053b9   Thumb Code    48  usart.o(i.MX_USART6_UART_Init)
    MemManage_Handler                        0x080053f1   Thumb Code     2  stm32f4xx_it.o(i.MemManage_Handler)
    Motor_WriteOutput                        0x080053f5   Thumb Code    32  attitudecontrol.o(i.Motor_WriteOutput)
    NMI_Handler                              0x08005419   Thumb Code     2  stm32f4xx_it.o(i.NMI_Handler)
    SensorData_ConvertFromRaw                0x0800558d   Thumb Code   190  attitudeestimator.o(i.SensorData_ConvertFromRaw)
    StartDefaultTask                         0x08005661   Thumb Code     8  freertos.o(i.StartDefaultTask)
    SysTick_Handler                          0x08005669   Thumb Code    26  cmsis_os2.o(i.SysTick_Handler)
    SystemClock_Config                       0x08005685   Thumb Code   140  main.o(i.SystemClock_Config)
    SystemInit                               0x08005719   Thumb Code    12  system_stm32f4xx.o(i.SystemInit)
    TIM1_UP_TIM10_IRQHandler                 0x08005729   Thumb Code     6  stm32f4xx_it.o(i.TIM1_UP_TIM10_IRQHandler)
    TIM2_IRQHandler                          0x08005735   Thumb Code     6  stm32f4xx_it.o(i.TIM2_IRQHandler)
    TIM_Base_SetConfig                       0x08005741   Thumb Code   130  stm32f4xx_hal_tim.o(i.TIM_Base_SetConfig)
    TIM_CCxChannelCmd                        0x080057e1   Thumb Code    26  stm32f4xx_hal_tim.o(i.TIM_CCxChannelCmd)
    TIM_ETR_SetConfig                        0x080057fb   Thumb Code    20  stm32f4xx_hal_tim.o(i.TIM_ETR_SetConfig)
    TIM_OC2_SetConfig                        0x08005871   Thumb Code    84  stm32f4xx_hal_tim.o(i.TIM_OC2_SetConfig)
    TIM_TI1_SetConfig                        0x08005989   Thumb Code    88  stm32f4xx_hal_tim.o(i.TIM_TI1_SetConfig)
    UART_Start_Receive_IT                    0x08005c79   Thumb Code    54  stm32f4xx_hal_uart.o(i.UART_Start_Receive_IT)
    USART6_IRQHandler                        0x08005cb1   Thumb Code     6  stm32f4xx_it.o(i.USART6_IRQHandler)
    UsageFault_Handler                       0x08005cbd   Thumb Code     2  stm32f4xx_it.o(i.UsageFault_Handler)
    __ARM_fpclassifyf                        0x08005cbf   Thumb Code    38  fpclassifyf.o(i.__ARM_fpclassifyf)
    __hardfp_asinf                           0x08005d05   Thumb Code   258  asinf.o(i.__hardfp_asinf)
    __hardfp_atan2f                          0x08005e31   Thumb Code   502  atan2f.o(i.__hardfp_atan2f)
    __hardfp_cosf                            0x08006081   Thumb Code   280  cosf.o(i.__hardfp_cosf)
    __hardfp_powf                            0x080061d1   Thumb Code  1606  powf.o(i.__hardfp_powf)
    __mathlib_powf                           0x080061d1   Thumb Code     0  powf.o(i.__hardfp_powf)
    __hardfp_sinf                            0x08006835   Thumb Code   344  sinf.o(i.__hardfp_sinf)
    __hardfp_sqrtf                           0x080069c5   Thumb Code    58  sqrtf.o(i.__hardfp_sqrtf)
    __hardfp_tanf                            0x08006a01   Thumb Code   322  tanf.o(i.__hardfp_tanf)
    __mathlib_flt_divzero                    0x08006b7d   Thumb Code    14  funder.o(i.__mathlib_flt_divzero)
    __mathlib_flt_infnan                     0x08006b91   Thumb Code     6  funder.o(i.__mathlib_flt_infnan)
    __mathlib_flt_infnan2                    0x08006b97   Thumb Code     6  funder.o(i.__mathlib_flt_infnan2)
    __mathlib_flt_invalid                    0x08006b9d   Thumb Code    10  funder.o(i.__mathlib_flt_invalid)
    __mathlib_flt_overflow                   0x08006bad   Thumb Code    10  funder.o(i.__mathlib_flt_overflow)
    __mathlib_flt_underflow                  0x08006bbd   Thumb Code    10  funder.o(i.__mathlib_flt_underflow)
    __mathlib_rredf2                         0x08006bcd   Thumb Code   316  rredf.o(i.__mathlib_rredf2)
    __scatterload_copy                       0x08006d21   Thumb Code    14  handlers.o(i.__scatterload_copy)
    __scatterload_null                       0x08006d2f   Thumb Code     2  handlers.o(i.__scatterload_null)
    __scatterload_zeroinit                   0x08006d31   Thumb Code    14  handlers.o(i.__scatterload_zeroinit)
    __set_errno                              0x08006d41   Thumb Code     6  errno.o(i.__set_errno)
    bmp180_read_up                           0x08006d4d   Thumb Code   104  gy86.o(i.bmp180_read_up)
    bmp180_read_ut                           0x08006dbd   Thumb Code    92  gy86.o(i.bmp180_read_ut)
    lpf2pApply                               0x080070d9   Thumb Code    80  filter.o(i.lpf2pApply)
    lpf2pInit                                0x08007129   Thumb Code    20  filter.o(i.lpf2pInit)
    lpf2pSetCutoffFreq                       0x0800713d   Thumb Code   158  filter.o(i.lpf2pSetCutoffFreq)
    main                                     0x080071e9   Thumb Code   160  main.o(i.main)
    osDelay                                  0x08007315   Thumb Code    26  cmsis_os2.o(i.osDelay)
    osKernelInitialize                       0x08007331   Thumb Code    32  cmsis_os2.o(i.osKernelInitialize)
    osKernelStart                            0x08007355   Thumb Code    48  cmsis_os2.o(i.osKernelStart)
    osThreadNew                              0x0800738d   Thumb Code   138  cmsis_os2.o(i.osThreadNew)
    pidInit                                  0x08007419   Thumb Code    72  pid.o(i.pidInit)
    pidReset                                 0x08007469   Thumb Code    22  pid.o(i.pidReset)
    pidSetDesired                            0x08007485   Thumb Code     6  pid.o(i.pidSetDesired)
    pidSetIntegralLimit                      0x0800748b   Thumb Code     6  pid.o(i.pidSetIntegralLimit)
    pidSetKd                                 0x08007491   Thumb Code     6  pid.o(i.pidSetKd)
    pidSetKi                                 0x08007497   Thumb Code     6  pid.o(i.pidSetKi)
    pidSetKp                                 0x0800749d   Thumb Code     6  pid.o(i.pidSetKp)
    pidUpdate                                0x080074a5   Thumb Code   394  pid.o(i.pidUpdate)
    pvPortMalloc                             0x08007dd5   Thumb Code   216  heap_4.o(i.pvPortMalloc)
    pvTaskIncrementMutexHeldCount            0x08007eb1   Thumb Code    18  tasks.o(i.pvTaskIncrementMutexHeldCount)
    pxPortInitialiseStack                    0x08007ec9   Thumb Code    40  port.o(i.pxPortInitialiseStack)
    sqrtf                                    0x080080d5   Thumb Code    62  sqrtf.o(i.sqrtf)
    uxListRemove                             0x08008113   Thumb Code    38  list.o(i.uxListRemove)
    vApplicationGetIdleTaskMemory            0x08008139   Thumb Code    16  cmsis_os2.o(i.vApplicationGetIdleTaskMemory)
    vApplicationGetTimerTaskMemory           0x0800814d   Thumb Code    18  cmsis_os2.o(i.vApplicationGetTimerTaskMemory)
    vListInitialise                          0x08008165   Thumb Code    22  list.o(i.vListInitialise)
    vListInitialiseItem                      0x0800817b   Thumb Code     6  list.o(i.vListInitialiseItem)
    vListInsert                              0x08008181   Thumb Code    48  list.o(i.vListInsert)
    vListInsertEnd                           0x080081b1   Thumb Code    24  list.o(i.vListInsertEnd)
    vPortEnterCritical                       0x080081c9   Thumb Code    54  port.o(i.vPortEnterCritical)
    vPortExitCritical                        0x08008209   Thumb Code    34  port.o(i.vPortExitCritical)
    vPortFree                                0x08008231   Thumb Code    94  heap_4.o(i.vPortFree)
    vPortSetupTimerInterrupt                 0x08008295   Thumb Code    32  port.o(i.vPortSetupTimerInterrupt)
    vPortValidateInterruptPriority           0x080082b9   Thumb Code    74  port.o(i.vPortValidateInterruptPriority)
    vQueueAddToRegistry                      0x0800830d   Thumb Code    34  queue.o(i.vQueueAddToRegistry)
    vQueueWaitForMessageRestricted           0x08008335   Thumb Code    68  queue.o(i.vQueueWaitForMessageRestricted)
    vTaskDelay                               0x08008379   Thumb Code    66  tasks.o(i.vTaskDelay)
    vTaskDelayUntil                          0x080083c5   Thumb Code   132  tasks.o(i.vTaskDelayUntil)
    vTaskInternalSetTimeOutState             0x08008451   Thumb Code    12  tasks.o(i.vTaskInternalSetTimeOutState)
    vTaskMissedYield                         0x08008461   Thumb Code     8  tasks.o(i.vTaskMissedYield)
    vTaskPlaceOnEventList                    0x0800846d   Thumb Code    44  tasks.o(i.vTaskPlaceOnEventList)
    vTaskPlaceOnEventListRestricted          0x0800849d   Thumb Code    52  tasks.o(i.vTaskPlaceOnEventListRestricted)
    vTaskPriorityDisinheritAfterTimeout      0x080084d5   Thumb Code   134  tasks.o(i.vTaskPriorityDisinheritAfterTimeout)
    vTaskStartScheduler                      0x08008565   Thumb Code   118  tasks.o(i.vTaskStartScheduler)
    vTaskSuspendAll                          0x080085ed   Thumb Code    10  tasks.o(i.vTaskSuspendAll)
    vTaskSwitchContext                       0x080085fd   Thumb Code    90  tasks.o(i.vTaskSwitchContext)
    xPortStartScheduler                      0x08008661   Thumb Code   222  port.o(i.xPortStartScheduler)
    xPortSysTickHandler                      0x08008755   Thumb Code    38  port.o(i.xPortSysTickHandler)
    xQueueGenericCreate                      0x08008781   Thumb Code    66  queue.o(i.xQueueGenericCreate)
    xQueueGenericCreateStatic                0x080087c3   Thumb Code   102  queue.o(i.xQueueGenericCreateStatic)
    xQueueGenericReset                       0x08008829   Thumb Code   132  queue.o(i.xQueueGenericReset)
    xQueueGenericSend                        0x080088b1   Thumb Code   346  queue.o(i.xQueueGenericSend)
    xQueueGenericSendFromISR                 0x08008a11   Thumb Code   190  queue.o(i.xQueueGenericSendFromISR)
    xQueueGiveFromISR                        0x08008acf   Thumb Code   156  queue.o(i.xQueueGiveFromISR)
    xQueueReceive                            0x08008b6d   Thumb Code   308  queue.o(i.xQueueReceive)
    xQueueSemaphoreTake                      0x08008ca5   Thumb Code   372  queue.o(i.xQueueSemaphoreTake)
    xTaskCheckForTimeOut                     0x08008e1d   Thumb Code   112  tasks.o(i.xTaskCheckForTimeOut)
    xTaskCreate                              0x08008e91   Thumb Code    90  tasks.o(i.xTaskCreate)
    xTaskCreateStatic                        0x08008eeb   Thumb Code    86  tasks.o(i.xTaskCreateStatic)
    xTaskGetSchedulerState                   0x08008f41   Thumb Code    22  tasks.o(i.xTaskGetSchedulerState)
    xTaskGetTickCount                        0x08008f5d   Thumb Code     6  tasks.o(i.xTaskGetTickCount)
    xTaskIncrementTick                       0x08008f69   Thumb Code   192  tasks.o(i.xTaskIncrementTick)
    xTaskPriorityDisinherit                  0x08009031   Thumb Code   118  tasks.o(i.xTaskPriorityDisinherit)
    xTaskPriorityInherit                     0x080090b1   Thumb Code   112  tasks.o(i.xTaskPriorityInherit)
    xTaskRemoveFromEventList                 0x08009129   Thumb Code    98  tasks.o(i.xTaskRemoveFromEventList)
    xTaskResumeAll                           0x08009199   Thumb Code   182  tasks.o(i.xTaskResumeAll)
    xTimerCreateTimerTask                    0x0800925d   Thumb Code    78  timers.o(i.xTimerCreateTimerTask)
    xTimerGenericCommand                     0x080092bd   Thumb Code    98  timers.o(i.xTimerGenericCommand)
    defaultTask_attributes                   0x08009324   Data          36  freertos.o(.constdata)
    AHBPrescTable                            0x080093bc   Data          16  system_stm32f4xx.o(.constdata)
    APBPrescTable                            0x080093cc   Data           8  system_stm32f4xx.o(.constdata)
    Region$$Table$$Base                      0x08009540   Number         0  anon$$obj.o(Region$$Table)
    Region$$Table$$Limit                     0x08009560   Number         0  anon$$obj.o(Region$$Table)
    ac1                                      0x20000010   Data           2  gy86.o(.data)
    ac2                                      0x20000012   Data           2  gy86.o(.data)
    ac3                                      0x20000014   Data           2  gy86.o(.data)
    ac4                                      0x20000016   Data           2  gy86.o(.data)
    ac5                                      0x20000018   Data           2  gy86.o(.data)
    ac6                                      0x2000001a   Data           2  gy86.o(.data)
    b1                                       0x2000001c   Data           2  gy86.o(.data)
    b2                                       0x2000001e   Data           2  gy86.o(.data)
    mb                                       0x20000020   Data           2  gy86.o(.data)
    mc                                       0x20000022   Data           2  gy86.o(.data)
    md                                       0x20000024   Data           2  gy86.o(.data)
    QueueGYROACCEL                           0x20000030   Data           4  gy86.o(.data)
    QueueMAG                                 0x20000034   Data           4  gy86.o(.data)
    QueuePressure                            0x20000038   Data           4  gy86.o(.data)
    xHigherPriorityTaskWoken                 0x20000050   Data           4  getppm_task.o(.data)
    QueuePPM                                 0x20000058   Data           4  getppm_task.o(.data)
    defaultTaskHandle                        0x20000060   Data           4  freertos.o(.data)
    I2CSemaphore                             0x20000064   Data           4  i2c.o(.data)
    uwTickFreq                               0x20000078   Data           1  stm32f4xx_hal.o(.data)
    uwTickPrio                               0x2000007c   Data           4  stm32f4xx_hal.o(.data)
    uwTick                                   0x20000080   Data           4  stm32f4xx_hal.o(.data)
    SystemCoreClock                          0x20000084   Data           4  system_stm32f4xx.o(.data)
    pxCurrentTCB                             0x20000088   Data           4  tasks.o(.data)
    c                                        0x20000122   Data          14  gy86.o(.bss)
    idata                                    0x20000130   Data          18  getppm_task.o(.bss)
    hi2c1                                    0x20000184   Data          84  i2c.o(.bss)
    hdma_i2c1_rx                             0x200001d8   Data          96  i2c.o(.bss)
    hdma_i2c1_tx                             0x20000238   Data          96  i2c.o(.bss)
    htim2                                    0x20000298   Data          72  tim.o(.bss)
    htim3                                    0x200002e0   Data          72  tim.o(.bss)
    huart1                                   0x20000328   Data          72  usart.o(.bss)
    huart2                                   0x20000370   Data          72  usart.o(.bss)
    huart6                                   0x200003b8   Data          72  usart.o(.bss)
    htim1                                    0x20000400   Data          72  stm32f4xx_hal_timebase_tim.o(.bss)
    xQueueRegistry                           0x20000758   Data          64  queue.o(.bss)
    __initial_sp                             0x20005430   Data           0  startup_stm32f401xe.o(STACK)



==============================================================================

Memory Map of the image

  Image Entry point : 0x08000195

  Load Region LR_IROM1 (Base: 0x08000000, Size: 0x0000966c, Max: 0x00080000, ABSOLUTE)

    Execution Region ER_IROM1 (Exec base: 0x08000000, Load base: 0x08000000, Size: 0x00009560, Max: 0x00080000, ABSOLUTE)

    Exec Addr    Load Addr    Size         Type   Attr      Idx    E Section Name        Object

    0x08000000   0x08000000   0x00000194   Data   RO            3    RESET               startup_stm32f401xe.o
    0x08000194   0x08000194   0x00000000   Code   RO         6626  * .ARM.Collect$$$$00000000  mc_w.l(entry.o)
    0x08000194   0x08000194   0x00000004   Code   RO         6931    .ARM.Collect$$$$00000001  mc_w.l(entry2.o)
    0x08000198   0x08000198   0x00000004   Code   RO         6934    .ARM.Collect$$$$00000004  mc_w.l(entry5.o)
    0x0800019c   0x0800019c   0x00000000   Code   RO         6936    .ARM.Collect$$$$00000008  mc_w.l(entry7b.o)
    0x0800019c   0x0800019c   0x00000000   Code   RO         6938    .ARM.Collect$$$$0000000A  mc_w.l(entry8b.o)
    0x0800019c   0x0800019c   0x00000008   Code   RO         6939    .ARM.Collect$$$$0000000B  mc_w.l(entry9a.o)
    0x080001a4   0x080001a4   0x00000000   Code   RO         6941    .ARM.Collect$$$$0000000D  mc_w.l(entry10a.o)
    0x080001a4   0x080001a4   0x00000000   Code   RO         6943    .ARM.Collect$$$$0000000F  mc_w.l(entry11a.o)
    0x080001a4   0x080001a4   0x00000004   Code   RO         6932    .ARM.Collect$$$$00002712  mc_w.l(entry2.o)
    0x080001a8   0x080001a8   0x000000be   Code   RO         6457    .emb_text           port.o
    0x08000266   0x08000266   0x00000002   PAD
    0x08000268   0x08000268   0x00000024   Code   RO            4    .text               startup_stm32f401xe.o
    0x0800028c   0x0800028c   0x00000062   Code   RO         6629    .text               mc_w.l(uldiv.o)
    0x080002ee   0x080002ee   0x00000062   Code   RO         6631    .text               mc_w.l(ldiv.o)
    0x08000350   0x08000350   0x00000024   Code   RO         6633    .text               mc_w.l(memcpya.o)
    0x08000374   0x08000374   0x00000024   Code   RO         6637    .text               mc_w.l(memseta.o)
    0x08000398   0x08000398   0x0000001e   Code   RO         6948    .text               mc_w.l(llshl.o)
    0x080003b6   0x080003b6   0x00000020   Code   RO         6950    .text               mc_w.l(llushr.o)
    0x080003d6   0x080003d6   0x00000000   Code   RO         6961    .text               mc_w.l(iusefp.o)
    0x080003d6   0x080003d6   0x00000004   Code   RO         6972    .text               mf_w.l(fpstat.o)
    0x080003da   0x080003da   0x00000002   PAD
    0x080003dc   0x080003dc   0x00000024   Code   RO         6982    .text               mc_w.l(init.o)
    0x08000400   0x08000400   0x00000034   Code   RO         1398    i.AngleWrapDeg      attitudeestimator.o
    0x08000434   0x08000434   0x000000ec   Code   RO         1399    i.ApplyMagYawCorrection  attitudeestimator.o
    0x08000520   0x08000520   0x00000068   Code   RO         1307    i.AttitudeController_GenerateSetpoint  attitudecontrol.o
    0x08000588   0x08000588   0x0000017c   Code   RO         1308    i.AttitudeController_Init  attitudecontrol.o
    0x08000704   0x08000704   0x000000c8   Code   RO         1309    i.AttitudeController_LoadProfile  attitudecontrol.o
    0x080007cc   0x080007cc   0x000000f4   Code   RO         1310    i.AttitudeController_MixToMotor  attitudecontrol.o
    0x080008c0   0x080008c0   0x0000005c   Code   RO         1311    i.AttitudeController_Reset  attitudecontrol.o
    0x0800091c   0x0800091c   0x0000011c   Code   RO         1312    i.AttitudeController_Update  attitudecontrol.o
    0x08000a38   0x08000a38   0x00000008   Code   RO         1400    i.AttitudeEstimator_GetEuler  attitudeestimator.o
    0x08000a40   0x08000a40   0x00000070   Code   RO         1402    i.AttitudeEstimator_Init  attitudeestimator.o
    0x08000ab0   0x08000ab0   0x0000002a   Code   RO         1405    i.AttitudeEstimator_Update  attitudeestimator.o
    0x08000ada   0x08000ada   0x00000002   PAD
    0x08000adc   0x08000adc   0x000001bc   Code   RO         1406    i.AttitudeEstimator_UpdateIMU  attitudeestimator.o
    0x08000c98   0x08000c98   0x000000a4   Code   RO           13    i.BMP180_Init       gy86.o
    0x08000d3c   0x08000d3c   0x000000b4   Code   RO           14    i.BMP180_read_pressure  gy86.o
    0x08000df0   0x08000df0   0x00000002   Code   RO         1144    i.BusFault_Handler  stm32f4xx_it.o
    0x08000df2   0x08000df2   0x00000002   PAD
    0x08000df4   0x08000df4   0x0000000c   Code   RO         1145    i.DMA1_Stream0_IRQHandler  stm32f4xx_it.o
    0x08000e00   0x08000e00   0x0000000c   Code   RO         1146    i.DMA1_Stream6_IRQHandler  stm32f4xx_it.o
    0x08000e0c   0x08000e0c   0x00000028   Code   RO         3208    i.DMA_CalcBaseAndBitshift  stm32f4xx_hal_dma.o
    0x08000e34   0x08000e34   0x00000054   Code   RO         3209    i.DMA_CheckFifoParam  stm32f4xx_hal_dma.o
    0x08000e88   0x08000e88   0x00000028   Code   RO         3210    i.DMA_SetConfig     stm32f4xx_hal_dma.o
    0x08000eb0   0x08000eb0   0x00000002   Code   RO         1147    i.DebugMon_Handler  stm32f4xx_it.o
    0x08000eb2   0x08000eb2   0x00000002   PAD
    0x08000eb4   0x08000eb4   0x0000002c   Code   RO          317    i.DelayUs_Init      delay.o
    0x08000ee0   0x08000ee0   0x00000016   Code   RO          318    i.Delay_ms          delay.o
    0x08000ef6   0x08000ef6   0x00000002   PAD
    0x08000ef8   0x08000ef8   0x0000002c   Code   RO          320    i.Delay_us          delay.o
    0x08000f24   0x08000f24   0x00000004   Code   RO          640    i.Error_Handler     main.o
    0x08000f28   0x08000f28   0x00000110   Code   RO         1498    i.FlightControl_Init  flightcontrol.o
    0x08001038   0x08001038   0x000006b4   Code   RO         1500    i.FlightControl_Task  flightcontrol.o
    0x080016ec   0x080016ec   0x00000004   Code   RO          776    i.Flight_Control_Task  freertos.o
    0x080016f0   0x080016f0   0x00000038   Code   RO           15    i.Get_GYROandACCEL  gy86.o
    0x08001728   0x08001728   0x00000004   Code   RO          777    i.Get_GYROandACCEL_Task  freertos.o
    0x0800172c   0x0800172c   0x00000030   Code   RO           16    i.Get_MAG           gy86.o
    0x0800175c   0x0800175c   0x00000004   Code   RO          778    i.Get_MAG_Task      freertos.o
    0x08001760   0x08001760   0x00000030   Code   RO           17    i.Get_Pressure      gy86.o
    0x08001790   0x08001790   0x00000004   Code   RO          780    i.Get_Pressure_Task  freertos.o
    0x08001794   0x08001794   0x00000092   Code   RO         3211    i.HAL_DMA_Abort     stm32f4xx_hal_dma.o
    0x08001826   0x08001826   0x00000024   Code   RO         3212    i.HAL_DMA_Abort_IT  stm32f4xx_hal_dma.o
    0x0800184a   0x0800184a   0x00000004   Code   RO         3214    i.HAL_DMA_GetError  stm32f4xx_hal_dma.o
    0x0800184e   0x0800184e   0x00000006   Code   RO         3215    i.HAL_DMA_GetState  stm32f4xx_hal_dma.o
    0x08001854   0x08001854   0x000001a0   Code   RO         3216    i.HAL_DMA_IRQHandler  stm32f4xx_hal_dma.o
    0x080019f4   0x080019f4   0x000000d4   Code   RO         3217    i.HAL_DMA_Init      stm32f4xx_hal_dma.o
    0x08001ac8   0x08001ac8   0x0000006e   Code   RO         3221    i.HAL_DMA_Start_IT  stm32f4xx_hal_dma.o
    0x08001b36   0x08001b36   0x00000002   PAD
    0x08001b38   0x08001b38   0x000001e0   Code   RO         3104    i.HAL_GPIO_Init     stm32f4xx_hal_gpio.o
    0x08001d18   0x08001d18   0x0000000a   Code   RO         3108    i.HAL_GPIO_WritePin  stm32f4xx_hal_gpio.o
    0x08001d22   0x08001d22   0x00000002   PAD
    0x08001d24   0x08001d24   0x0000000c   Code   RO         3678    i.HAL_GetTick       stm32f4xx_hal.o
    0x08001d30   0x08001d30   0x00000002   Code   RO         3923    i.HAL_I2C_AbortCpltCallback  stm32f4xx_hal_i2c.o
    0x08001d32   0x08001d32   0x00000002   Code   RO         3924    i.HAL_I2C_AddrCallback  stm32f4xx_hal_i2c.o
    0x08001d34   0x08001d34   0x000000ba   Code   RO         3927    i.HAL_I2C_ER_IRQHandler  stm32f4xx_hal_i2c.o
    0x08001dee   0x08001dee   0x00000230   Code   RO         3928    i.HAL_I2C_EV_IRQHandler  stm32f4xx_hal_i2c.o
    0x0800201e   0x0800201e   0x00000002   PAD
    0x08002020   0x08002020   0x0000003c   Code   RO          900    i.HAL_I2C_ErrorCallback  i2c.o
    0x0800205c   0x0800205c   0x00000188   Code   RO         3934    i.HAL_I2C_Init      stm32f4xx_hal_i2c.o
    0x080021e4   0x080021e4   0x00000002   Code   RO         3936    i.HAL_I2C_ListenCpltCallback  stm32f4xx_hal_i2c.o
    0x080021e6   0x080021e6   0x00000002   PAD
    0x080021e8   0x080021e8   0x0000003c   Code   RO          901    i.HAL_I2C_MasterRxCpltCallback  i2c.o
    0x08002224   0x08002224   0x0000003c   Code   RO          903    i.HAL_I2C_MasterTxCpltCallback  i2c.o
    0x08002260   0x08002260   0x0000003c   Code   RO          905    i.HAL_I2C_MemRxCpltCallback  i2c.o
    0x0800229c   0x0800229c   0x0000003c   Code   RO          907    i.HAL_I2C_MemTxCpltCallback  i2c.o
    0x080022d8   0x080022d8   0x000001cc   Code   RO         3953    i.HAL_I2C_Mem_Read_DMA  stm32f4xx_hal_i2c.o
    0x080024a4   0x080024a4   0x00000130   Code   RO         3955    i.HAL_I2C_Mem_Write  stm32f4xx_hal_i2c.o
    0x080025d4   0x080025d4   0x00000194   Code   RO         3956    i.HAL_I2C_Mem_Write_DMA  stm32f4xx_hal_i2c.o
    0x08002768   0x08002768   0x000000fc   Code   RO          910    i.HAL_I2C_MspInit   i2c.o
    0x08002864   0x08002864   0x00000002   Code   RO         3960    i.HAL_I2C_SlaveRxCpltCallback  stm32f4xx_hal_i2c.o
    0x08002866   0x08002866   0x00000002   Code   RO         3961    i.HAL_I2C_SlaveTxCpltCallback  stm32f4xx_hal_i2c.o
    0x08002868   0x08002868   0x00000010   Code   RO         3684    i.HAL_IncTick       stm32f4xx_hal.o
    0x08002878   0x08002878   0x00000034   Code   RO         3685    i.HAL_Init          stm32f4xx_hal.o
    0x080028ac   0x080028ac   0x0000008c   Code   RO         1268    i.HAL_InitTick      stm32f4xx_hal_timebase_tim.o
    0x08002938   0x08002938   0x00000038   Code   RO         1244    i.HAL_MspInit       stm32f4xx_hal_msp.o
    0x08002970   0x08002970   0x0000001a   Code   RO         3520    i.HAL_NVIC_EnableIRQ  stm32f4xx_hal_cortex.o
    0x0800298a   0x0800298a   0x00000002   PAD
    0x0800298c   0x0800298c   0x00000040   Code   RO         3526    i.HAL_NVIC_SetPriority  stm32f4xx_hal_cortex.o
    0x080029cc   0x080029cc   0x00000024   Code   RO         3527    i.HAL_NVIC_SetPriorityGrouping  stm32f4xx_hal_cortex.o
    0x080029f0   0x080029f0   0x00000134   Code   RO         2726    i.HAL_RCC_ClockConfig  stm32f4xx_hal_rcc.o
    0x08002b24   0x08002b24   0x00000040   Code   RO         2730    i.HAL_RCC_GetClockConfig  stm32f4xx_hal_rcc.o
    0x08002b64   0x08002b64   0x00000020   Code   RO         2733    i.HAL_RCC_GetPCLK1Freq  stm32f4xx_hal_rcc.o
    0x08002b84   0x08002b84   0x00000020   Code   RO         2734    i.HAL_RCC_GetPCLK2Freq  stm32f4xx_hal_rcc.o
    0x08002ba4   0x08002ba4   0x00000060   Code   RO         2735    i.HAL_RCC_GetSysClockFreq  stm32f4xx_hal_rcc.o
    0x08002c04   0x08002c04   0x0000036c   Code   RO         2738    i.HAL_RCC_OscConfig  stm32f4xx_hal_rcc.o
    0x08002f70   0x08002f70   0x00000002   Code   RO         2458    i.HAL_TIMEx_BreakCallback  stm32f4xx_hal_tim_ex.o
    0x08002f72   0x08002f72   0x00000002   Code   RO         2459    i.HAL_TIMEx_CommutCallback  stm32f4xx_hal_tim_ex.o
    0x08002f74   0x08002f74   0x0000007c   Code   RO         2477    i.HAL_TIMEx_MasterConfigSynchronization  stm32f4xx_hal_tim_ex.o
    0x08002ff0   0x08002ff0   0x0000005a   Code   RO         1754    i.HAL_TIM_Base_Init  stm32f4xx_hal_tim.o
    0x0800304a   0x0800304a   0x00000002   PAD
    0x0800304c   0x0800304c   0x00000090   Code   RO         1000    i.HAL_TIM_Base_MspInit  tim.o
    0x080030dc   0x080030dc   0x0000006c   Code   RO         1759    i.HAL_TIM_Base_Start_IT  stm32f4xx_hal_tim.o
    0x08003148   0x08003148   0x000000dc   Code   RO         1763    i.HAL_TIM_ConfigClockSource  stm32f4xx_hal_tim.o
    0x08003224   0x08003224   0x0000007c   Code   RO          602    i.HAL_TIM_IC_CaptureCallback  getppm_task.o
    0x080032a0   0x080032a0   0x00000124   Code   RO         1790    i.HAL_TIM_IC_ConfigChannel  stm32f4xx_hal_tim.o
    0x080033c4   0x080033c4   0x0000005a   Code   RO         1793    i.HAL_TIM_IC_Init   stm32f4xx_hal_tim.o
    0x0800341e   0x0800341e   0x00000002   Code   RO         1795    i.HAL_TIM_IC_MspInit  stm32f4xx_hal_tim.o
    0x08003420   0x08003420   0x00000130   Code   RO         1802    i.HAL_TIM_IRQHandler  stm32f4xx_hal_tim.o
    0x08003550   0x08003550   0x00000054   Code   RO         1001    i.HAL_TIM_MspPostInit  tim.o
    0x080035a4   0x080035a4   0x00000002   Code   RO         1805    i.HAL_TIM_OC_DelayElapsedCallback  stm32f4xx_hal_tim.o
    0x080035a6   0x080035a6   0x000000cc   Code   RO         1826    i.HAL_TIM_PWM_ConfigChannel  stm32f4xx_hal_tim.o
    0x08003672   0x08003672   0x0000005a   Code   RO         1829    i.HAL_TIM_PWM_Init  stm32f4xx_hal_tim.o
    0x080036cc   0x080036cc   0x00000002   Code   RO         1831    i.HAL_TIM_PWM_MspInit  stm32f4xx_hal_tim.o
    0x080036ce   0x080036ce   0x00000002   Code   RO         1832    i.HAL_TIM_PWM_PulseFinishedCallback  stm32f4xx_hal_tim.o
    0x080036d0   0x080036d0   0x000000b0   Code   RO         1834    i.HAL_TIM_PWM_Start  stm32f4xx_hal_tim.o
    0x08003780   0x08003780   0x00000014   Code   RO          641    i.HAL_TIM_PeriodElapsedCallback  main.o
    0x08003794   0x08003794   0x0000002a   Code   RO         1842    i.HAL_TIM_ReadCapturedValue  stm32f4xx_hal_tim.o
    0x080037be   0x080037be   0x00000002   Code   RO         1845    i.HAL_TIM_TriggerCallback  stm32f4xx_hal_tim.o
    0x080037c0   0x080037c0   0x0000004e   Code   RO         4401    i.HAL_UARTEx_ReceiveToIdle_IT  stm32f4xx_hal_uart.o
    0x0800380e   0x0800380e   0x00000002   Code   RO         4402    i.HAL_UARTEx_RxEventCallback  stm32f4xx_hal_uart.o
    0x08003810   0x08003810   0x00000002   Code   RO         4416    i.HAL_UART_ErrorCallback  stm32f4xx_hal_uart.o
    0x08003812   0x08003812   0x00000002   PAD
    0x08003814   0x08003814   0x00000280   Code   RO         4419    i.HAL_UART_IRQHandler  stm32f4xx_hal_uart.o
    0x08003a94   0x08003a94   0x00000064   Code   RO         4420    i.HAL_UART_Init     stm32f4xx_hal_uart.o
    0x08003af8   0x08003af8   0x00000100   Code   RO         1054    i.HAL_UART_MspInit  usart.o
    0x08003bf8   0x08003bf8   0x00000028   Code   RO          642    i.HAL_UART_RxCpltCallback  main.o
    0x08003c20   0x08003c20   0x00000002   Code   RO         4431    i.HAL_UART_TxCpltCallback  stm32f4xx_hal_uart.o
    0x08003c22   0x08003c22   0x00000002   PAD
    0x08003c24   0x08003c24   0x000000fc   Code   RO           19    i.HMC5883L_Init     gy86.o
    0x08003d20   0x08003d20   0x00000064   Code   RO           20    i.HMC5883L_Read_MAG  gy86.o
    0x08003d84   0x08003d84   0x00000094   Code   RO           21    i.HMC5883L_SetupAutoRead  gy86.o
    0x08003e18   0x08003e18   0x00000002   Code   RO         1148    i.HardFault_Handler  stm32f4xx_it.o
    0x08003e1a   0x08003e1a   0x00000002   PAD
    0x08003e1c   0x08003e1c   0x0000000c   Code   RO         1149    i.I2C1_ER_IRQHandler  stm32f4xx_it.o
    0x08003e28   0x08003e28   0x0000000c   Code   RO         1150    i.I2C1_EV_IRQHandler  stm32f4xx_it.o
    0x08003e34   0x08003e34   0x000000bc   Code   RO         3972    i.I2C_DMAAbort      stm32f4xx_hal_i2c.o
    0x08003ef0   0x08003ef0   0x00000040   Code   RO         3973    i.I2C_DMAError      stm32f4xx_hal_i2c.o
    0x08003f30   0x08003f30   0x00000112   Code   RO         3974    i.I2C_DMAXferCplt   stm32f4xx_hal_i2c.o
    0x08004042   0x08004042   0x00000010   Code   RO         3975    i.I2C_Flush_DR      stm32f4xx_hal_i2c.o
    0x08004052   0x08004052   0x00000002   PAD
    0x08004054   0x08004054   0x00000158   Code   RO         3976    i.I2C_ITError       stm32f4xx_hal_i2c.o
    0x080041ac   0x080041ac   0x0000002e   Code   RO         3977    i.I2C_IsAcknowledgeFailed  stm32f4xx_hal_i2c.o
    0x080041da   0x080041da   0x000000da   Code   RO         3978    i.I2C_MasterReceive_BTF  stm32f4xx_hal_i2c.o
    0x080042b4   0x080042b4   0x000000f4   Code   RO         3979    i.I2C_MasterReceive_RXNE  stm32f4xx_hal_i2c.o
    0x080043a8   0x080043a8   0x00000082   Code   RO         3982    i.I2C_MasterTransmit_BTF  stm32f4xx_hal_i2c.o
    0x0800442a   0x0800442a   0x00000002   PAD
    0x0800442c   0x0800442c   0x000000b6   Code   RO         3983    i.I2C_MasterTransmit_TXE  stm32f4xx_hal_i2c.o
    0x080044e2   0x080044e2   0x00000002   PAD
    0x080044e4   0x080044e4   0x00000118   Code   RO         3984    i.I2C_Master_ADDR   stm32f4xx_hal_i2c.o
    0x080045fc   0x080045fc   0x0000008c   Code   RO         3985    i.I2C_Master_SB     stm32f4xx_hal_i2c.o
    0x08004688   0x08004688   0x000000a8   Code   RO         3986    i.I2C_MemoryTransmit_TXE_BTF  stm32f4xx_hal_i2c.o
    0x08004730   0x08004730   0x000000fc   Code   RO         3987    i.I2C_RequestMemoryRead  stm32f4xx_hal_i2c.o
    0x0800482c   0x0800482c   0x000000a8   Code   RO         3988    i.I2C_RequestMemoryWrite  stm32f4xx_hal_i2c.o
    0x080048d4   0x080048d4   0x00000046   Code   RO         3989    i.I2C_Slave_ADDR    stm32f4xx_hal_i2c.o
    0x0800491a   0x0800491a   0x00000002   PAD
    0x0800491c   0x0800491c   0x00000090   Code   RO         3990    i.I2C_Slave_AF      stm32f4xx_hal_i2c.o
    0x080049ac   0x080049ac   0x0000015c   Code   RO         3991    i.I2C_Slave_STOPF   stm32f4xx_hal_i2c.o
    0x08004b08   0x08004b08   0x00000056   Code   RO         3992    i.I2C_WaitOnBTFFlagUntilTimeout  stm32f4xx_hal_i2c.o
    0x08004b5e   0x08004b5e   0x00000002   PAD
    0x08004b60   0x08004b60   0x00000090   Code   RO         3993    i.I2C_WaitOnFlagUntilTimeout  stm32f4xx_hal_i2c.o
    0x08004bf0   0x08004bf0   0x000000bc   Code   RO         3994    i.I2C_WaitOnMasterAddressFlagUntilTimeout  stm32f4xx_hal_i2c.o
    0x08004cac   0x08004cac   0x00000056   Code   RO         3996    i.I2C_WaitOnTXEFlagUntilTimeout  stm32f4xx_hal_i2c.o
    0x08004d02   0x08004d02   0x00000002   PAD
    0x08004d04   0x08004d04   0x00000038   Code   RO           24    i.IIC_Write         gy86.o
    0x08004d3c   0x08004d3c   0x00000104   Code   RO           27    i.MPU6050_Init      gy86.o
    0x08004e40   0x08004e40   0x0000006c   Code   RO           28    i.MPU6050_Read_ACCEL  gy86.o
    0x08004eac   0x08004eac   0x0000006c   Code   RO           29    i.MPU6050_Read_GYRO  gy86.o
    0x08004f18   0x08004f18   0x0000003c   Code   RO          876    i.MX_DMA_Init       dma.o
    0x08004f54   0x08004f54   0x0000010c   Code   RO          782    i.MX_FREERTOS_Init  freertos.o
    0x08005060   0x08005060   0x00000124   Code   RO          706    i.MX_GPIO_Init      gpio.o
    0x08005184   0x08005184   0x0000005c   Code   RO          911    i.MX_I2C1_Init      i2c.o
    0x080051e0   0x080051e0   0x000000a0   Code   RO         1002    i.MX_TIM2_Init      tim.o
    0x08005280   0x08005280   0x000000c8   Code   RO         1003    i.MX_TIM3_Init      tim.o
    0x08005348   0x08005348   0x00000038   Code   RO         1055    i.MX_USART1_UART_Init  usart.o
    0x08005380   0x08005380   0x00000038   Code   RO         1056    i.MX_USART2_UART_Init  usart.o
    0x080053b8   0x080053b8   0x00000038   Code   RO         1057    i.MX_USART6_UART_Init  usart.o
    0x080053f0   0x080053f0   0x00000002   Code   RO         1151    i.MemManage_Handler  stm32f4xx_it.o
    0x080053f2   0x080053f2   0x00000002   PAD
    0x080053f4   0x080053f4   0x00000024   Code   RO         1313    i.Motor_WriteOutput  attitudecontrol.o
    0x08005418   0x08005418   0x00000002   Code   RO         1152    i.NMI_Handler       stm32f4xx_it.o
    0x0800541a   0x0800541a   0x00000002   PAD
    0x0800541c   0x0800541c   0x00000084   Code   RO         1407    i.Quaternion_Normalize  attitudeestimator.o
    0x080054a0   0x080054a0   0x000000ec   Code   RO         1408    i.Quaternion_ToEuler  attitudeestimator.o
    0x0800558c   0x0800558c   0x000000d4   Code   RO         1409    i.SensorData_ConvertFromRaw  attitudeestimator.o
    0x08005660   0x08005660   0x00000008   Code   RO          784    i.StartDefaultTask  freertos.o
    0x08005668   0x08005668   0x0000001a   Code   RO         5892    i.SysTick_Handler   cmsis_os2.o
    0x08005682   0x08005682   0x00000002   PAD
    0x08005684   0x08005684   0x00000094   Code   RO          643    i.SystemClock_Config  main.o
    0x08005718   0x08005718   0x00000010   Code   RO         4754    i.SystemInit        system_stm32f4xx.o
    0x08005728   0x08005728   0x0000000c   Code   RO         1153    i.TIM1_UP_TIM10_IRQHandler  stm32f4xx_it.o
    0x08005734   0x08005734   0x0000000c   Code   RO         1154    i.TIM2_IRQHandler   stm32f4xx_it.o
    0x08005740   0x08005740   0x000000a0   Code   RO         1847    i.TIM_Base_SetConfig  stm32f4xx_hal_tim.o
    0x080057e0   0x080057e0   0x0000001a   Code   RO         1848    i.TIM_CCxChannelCmd  stm32f4xx_hal_tim.o
    0x080057fa   0x080057fa   0x00000014   Code   RO         1858    i.TIM_ETR_SetConfig  stm32f4xx_hal_tim.o
    0x0800580e   0x0800580e   0x00000010   Code   RO         1859    i.TIM_ITRx_SetConfig  stm32f4xx_hal_tim.o
    0x0800581e   0x0800581e   0x00000002   PAD
    0x08005820   0x08005820   0x00000050   Code   RO         1860    i.TIM_OC1_SetConfig  stm32f4xx_hal_tim.o
    0x08005870   0x08005870   0x00000058   Code   RO         1861    i.TIM_OC2_SetConfig  stm32f4xx_hal_tim.o
    0x080058c8   0x080058c8   0x00000058   Code   RO         1862    i.TIM_OC3_SetConfig  stm32f4xx_hal_tim.o
    0x08005920   0x08005920   0x00000044   Code   RO         1863    i.TIM_OC4_SetConfig  stm32f4xx_hal_tim.o
    0x08005964   0x08005964   0x00000022   Code   RO         1865    i.TIM_TI1_ConfigInputStage  stm32f4xx_hal_tim.o
    0x08005986   0x08005986   0x00000002   PAD
    0x08005988   0x08005988   0x0000006c   Code   RO         1866    i.TIM_TI1_SetConfig  stm32f4xx_hal_tim.o
    0x080059f4   0x080059f4   0x00000024   Code   RO         1867    i.TIM_TI2_ConfigInputStage  stm32f4xx_hal_tim.o
    0x08005a18   0x08005a18   0x00000036   Code   RO         1868    i.TIM_TI2_SetConfig  stm32f4xx_hal_tim.o
    0x08005a4e   0x08005a4e   0x0000000e   Code   RO         4433    i.UART_DMAAbortOnError  stm32f4xx_hal_uart.o
    0x08005a5c   0x08005a5c   0x0000004e   Code   RO         4443    i.UART_EndRxTransfer  stm32f4xx_hal_uart.o
    0x08005aaa   0x08005aaa   0x000000c2   Code   RO         4445    i.UART_Receive_IT   stm32f4xx_hal_uart.o
    0x08005b6c   0x08005b6c   0x0000010c   Code   RO         4446    i.UART_SetConfig    stm32f4xx_hal_uart.o
    0x08005c78   0x08005c78   0x00000036   Code   RO         4448    i.UART_Start_Receive_IT  stm32f4xx_hal_uart.o
    0x08005cae   0x08005cae   0x00000002   PAD
    0x08005cb0   0x08005cb0   0x0000000c   Code   RO         1155    i.USART6_IRQHandler  stm32f4xx_it.o
    0x08005cbc   0x08005cbc   0x00000002   Code   RO         1156    i.UsageFault_Handler  stm32f4xx_it.o
    0x08005cbe   0x08005cbe   0x00000026   Code   RO         6912    i.__ARM_fpclassifyf  m_wm.l(fpclassifyf.o)
    0x08005ce4   0x08005ce4   0x00000020   Code   RO         3533    i.__NVIC_SetPriority  stm32f4xx_hal_cortex.o
    0x08005d04   0x08005d04   0x0000012c   Code   RO         6534    i.__hardfp_asinf    m_wm.l(asinf.o)
    0x08005e30   0x08005e30   0x00000250   Code   RO         6546    i.__hardfp_atan2f   m_wm.l(atan2f.o)
    0x08006080   0x08006080   0x00000150   Code   RO         6558    i.__hardfp_cosf     m_wm.l(cosf.o)
    0x080061d0   0x080061d0   0x00000664   Code   RO         6570    i.__hardfp_powf     m_wm.l(powf.o)
    0x08006834   0x08006834   0x00000190   Code   RO         6584    i.__hardfp_sinf     m_wm.l(sinf.o)
    0x080069c4   0x080069c4   0x0000003a   Code   RO         6596    i.__hardfp_sqrtf    m_wm.l(sqrtf.o)
    0x080069fe   0x080069fe   0x00000002   PAD
    0x08006a00   0x08006a00   0x0000017c   Code   RO         6614    i.__hardfp_tanf     m_wm.l(tanf.o)
    0x08006b7c   0x08006b7c   0x00000014   Code   RO         6914    i.__mathlib_flt_divzero  m_wm.l(funder.o)
    0x08006b90   0x08006b90   0x00000006   Code   RO         6915    i.__mathlib_flt_infnan  m_wm.l(funder.o)
    0x08006b96   0x08006b96   0x00000006   Code   RO         6916    i.__mathlib_flt_infnan2  m_wm.l(funder.o)
    0x08006b9c   0x08006b9c   0x00000010   Code   RO         6917    i.__mathlib_flt_invalid  m_wm.l(funder.o)
    0x08006bac   0x08006bac   0x00000010   Code   RO         6918    i.__mathlib_flt_overflow  m_wm.l(funder.o)
    0x08006bbc   0x08006bbc   0x00000010   Code   RO         6920    i.__mathlib_flt_underflow  m_wm.l(funder.o)
    0x08006bcc   0x08006bcc   0x00000154   Code   RO         6928    i.__mathlib_rredf2  m_wm.l(rredf.o)
    0x08006d20   0x08006d20   0x0000000e   Code   RO         7017    i.__scatterload_copy  mc_w.l(handlers.o)
    0x08006d2e   0x08006d2e   0x00000002   Code   RO         7018    i.__scatterload_null  mc_w.l(handlers.o)
    0x08006d30   0x08006d30   0x0000000e   Code   RO         7019    i.__scatterload_zeroinit  mc_w.l(handlers.o)
    0x08006d3e   0x08006d3e   0x00000002   PAD
    0x08006d40   0x08006d40   0x0000000c   Code   RO         6954    i.__set_errno       mc_w.l(errno.o)
    0x08006d4c   0x08006d4c   0x00000070   Code   RO           33    i.bmp180_read_up    gy86.o
    0x08006dbc   0x08006dbc   0x00000068   Code   RO           34    i.bmp180_read_ut    gy86.o
    0x08006e24   0x08006e24   0x00000020   Code   RO         1501    i.calcPersistChecksum  flightcontrol.o
    0x08006e44   0x08006e44   0x00000034   Code   RO         1410    i.capAngle          attitudeestimator.o
    0x08006e78   0x08006e78   0x00000020   Code   RO         1314    i.constrain         attitudecontrol.o
    0x08006e98   0x08006e98   0x00000020   Code   RO         1502    i.constrain         flightcontrol.o
    0x08006eb8   0x08006eb8   0x00000020   Code   RO         1657    i.constrain         pid.o
    0x08006ed8   0x08006ed8   0x0000003c   Code   RO         1503    i.getPidObjectById  flightcontrol.o
    0x08006f14   0x08006f14   0x00000030   Code   RO         1504    i.invertPpmChannelU16  flightcontrol.o
    0x08006f44   0x08006f44   0x000000d0   Code   RO         1505    i.isImuStill        flightcontrol.o
    0x08007014   0x08007014   0x00000074   Code   RO         1506    i.loadPidParamsFromFlash  flightcontrol.o
    0x08007088   0x08007088   0x00000050   Code   RO         1507    i.lowPassChannelU16  flightcontrol.o
    0x080070d8   0x080070d8   0x00000050   Code   RO         1619    i.lpf2pApply        filter.o
    0x08007128   0x08007128   0x00000014   Code   RO         1620    i.lpf2pInit         filter.o
    0x0800713c   0x0800713c   0x000000ac   Code   RO         1622    i.lpf2pSetCutoffFreq  filter.o
    0x080071e8   0x080071e8   0x000000ac   Code   RO          644    i.main              main.o
    0x08007294   0x08007294   0x00000080   Code   RO         1508    i.normalizeMag      flightcontrol.o
    0x08007314   0x08007314   0x0000001a   Code   RO         5894    i.osDelay           cmsis_os2.o
    0x0800732e   0x0800732e   0x00000002   PAD
    0x08007330   0x08007330   0x00000024   Code   RO         5908    i.osKernelInitialize  cmsis_os2.o
    0x08007354   0x08007354   0x00000038   Code   RO         5911    i.osKernelStart     cmsis_os2.o
    0x0800738c   0x0800738c   0x0000008a   Code   RO         5953    i.osThreadNew       cmsis_os2.o
    0x08007416   0x08007416   0x00000002   PAD
    0x08007418   0x08007418   0x00000050   Code   RO         1660    i.pidInit           pid.o
    0x08007468   0x08007468   0x0000001c   Code   RO         1662    i.pidReset          pid.o
    0x08007484   0x08007484   0x00000006   Code   RO         1663    i.pidSetDesired     pid.o
    0x0800748a   0x0800748a   0x00000006   Code   RO         1665    i.pidSetIntegralLimit  pid.o
    0x08007490   0x08007490   0x00000006   Code   RO         1666    i.pidSetKd          pid.o
    0x08007496   0x08007496   0x00000006   Code   RO         1668    i.pidSetKi          pid.o
    0x0800749c   0x0800749c   0x00000006   Code   RO         1669    i.pidSetKp          pid.o
    0x080074a2   0x080074a2   0x00000002   PAD
    0x080074a4   0x080074a4   0x0000019c   Code   RO         1670    i.pidUpdate         pid.o
    0x08007640   0x08007640   0x0000005c   Code   RO         5356    i.prvAddCurrentTaskToDelayedList  tasks.o
    0x0800769c   0x0800769c   0x000000d0   Code   RO         5357    i.prvAddNewTaskToReadyList  tasks.o
    0x0800776c   0x0800776c   0x00000058   Code   RO         5721    i.prvCheckForValidListAndQueue  timers.o
    0x080077c4   0x080077c4   0x00000026   Code   RO         4956    i.prvCopyDataFromQueue  queue.o
    0x080077ea   0x080077ea   0x0000006c   Code   RO         4957    i.prvCopyDataToQueue  queue.o
    0x08007856   0x08007856   0x00000034   Code   RO         5358    i.prvDeleteTCB      tasks.o
    0x0800788a   0x0800788a   0x00000002   PAD
    0x0800788c   0x0800788c   0x0000004c   Code   RO         6402    i.prvHeapInit       heap_4.o
    0x080078d8   0x080078d8   0x00000060   Code   RO         5359    i.prvIdleTask       tasks.o
    0x08007938   0x08007938   0x00000022   Code   RO         4959    i.prvInitialiseNewQueue  queue.o
    0x0800795a   0x0800795a   0x00000002   PAD
    0x0800795c   0x0800795c   0x000000b0   Code   RO         5360    i.prvInitialiseNewTask  tasks.o
    0x08007a0c   0x08007a0c   0x0000004c   Code   RO         6403    i.prvInsertBlockIntoFreeList  heap_4.o
    0x08007a58   0x08007a58   0x00000038   Code   RO         5723    i.prvInsertTimerInActiveList  timers.o
    0x08007a90   0x08007a90   0x0000001c   Code   RO         4960    i.prvIsQueueEmpty   queue.o
    0x08007aac   0x08007aac   0x000000fc   Code   RO         5724    i.prvProcessReceivedCommands  timers.o
    0x08007ba8   0x08007ba8   0x000000c0   Code   RO         5725    i.prvProcessTimerOrBlockTask  timers.o
    0x08007c68   0x08007c68   0x00000020   Code   RO         5362    i.prvResetNextTaskUnblockTime  tasks.o
    0x08007c88   0x08007c88   0x00000028   Code   RO         5726    i.prvSampleTimeNow  timers.o
    0x08007cb0   0x08007cb0   0x0000006c   Code   RO         5727    i.prvSwitchTimerLists  timers.o
    0x08007d1c   0x08007d1c   0x00000028   Code   RO         6458    i.prvTaskExitError  port.o
    0x08007d44   0x08007d44   0x00000024   Code   RO         5728    i.prvTimerTask      timers.o
    0x08007d68   0x08007d68   0x0000006a   Code   RO         4961    i.prvUnlockQueue    queue.o
    0x08007dd2   0x08007dd2   0x00000002   PAD
    0x08007dd4   0x08007dd4   0x000000dc   Code   RO         6404    i.pvPortMalloc      heap_4.o
    0x08007eb0   0x08007eb0   0x00000018   Code   RO         5365    i.pvTaskIncrementMutexHeldCount  tasks.o
    0x08007ec8   0x08007ec8   0x0000002c   Code   RO         6459    i.pxPortInitialiseStack  port.o
    0x08007ef4   0x08007ef4   0x0000002c   Code   RO         1315    i.rcNormalize       attitudecontrol.o
    0x08007f20   0x08007f20   0x00000030   Code   RO         1509    i.resetCalibrationAccumulator  flightcontrol.o
    0x08007f50   0x08007f50   0x00000134   Code   RO         1510    i.runBiasCalibrationStep  flightcontrol.o
    0x08008084   0x08008084   0x00000050   Code   RO         1512    i.setPidGainInternal  flightcontrol.o
    0x080080d4   0x080080d4   0x0000003e   Code   RO         6598    i.sqrtf             m_wm.l(sqrtf.o)
    0x08008112   0x08008112   0x00000026   Code   RO         4916    i.uxListRemove      list.o
    0x08008138   0x08008138   0x00000014   Code   RO         5965    i.vApplicationGetIdleTaskMemory  cmsis_os2.o
    0x0800814c   0x0800814c   0x00000018   Code   RO         5966    i.vApplicationGetTimerTaskMemory  cmsis_os2.o
    0x08008164   0x08008164   0x00000016   Code   RO         4917    i.vListInitialise   list.o
    0x0800817a   0x0800817a   0x00000006   Code   RO         4918    i.vListInitialiseItem  list.o
    0x08008180   0x08008180   0x00000030   Code   RO         4919    i.vListInsert       list.o
    0x080081b0   0x080081b0   0x00000018   Code   RO         4920    i.vListInsertEnd    list.o
    0x080081c8   0x080081c8   0x00000040   Code   RO         6461    i.vPortEnterCritical  port.o
    0x08008208   0x08008208   0x00000028   Code   RO         6462    i.vPortExitCritical  port.o
    0x08008230   0x08008230   0x00000064   Code   RO         6405    i.vPortFree         heap_4.o
    0x08008294   0x08008294   0x00000024   Code   RO         6463    i.vPortSetupTimerInterrupt  port.o
    0x080082b8   0x080082b8   0x00000054   Code   RO         6464    i.vPortValidateInterruptPriority  port.o
    0x0800830c   0x0800830c   0x00000028   Code   RO         4967    i.vQueueAddToRegistry  queue.o
    0x08008334   0x08008334   0x00000044   Code   RO         4971    i.vQueueWaitForMessageRestricted  queue.o
    0x08008378   0x08008378   0x0000004c   Code   RO         5375    i.vTaskDelay        tasks.o
    0x080083c4   0x080083c4   0x0000008c   Code   RO         5376    i.vTaskDelayUntil   tasks.o
    0x08008450   0x08008450   0x00000010   Code   RO         5380    i.vTaskInternalSetTimeOutState  tasks.o
    0x08008460   0x08008460   0x0000000c   Code   RO         5381    i.vTaskMissedYield  tasks.o
    0x0800846c   0x0800846c   0x00000030   Code   RO         5383    i.vTaskPlaceOnEventList  tasks.o
    0x0800849c   0x0800849c   0x00000038   Code   RO         5384    i.vTaskPlaceOnEventListRestricted  tasks.o
    0x080084d4   0x080084d4   0x00000090   Code   RO         5386    i.vTaskPriorityDisinheritAfterTimeout  tasks.o
    0x08008564   0x08008564   0x00000088   Code   RO         5392    i.vTaskStartScheduler  tasks.o
    0x080085ec   0x080085ec   0x00000010   Code   RO         5394    i.vTaskSuspendAll   tasks.o
    0x080085fc   0x080085fc   0x00000064   Code   RO         5395    i.vTaskSwitchContext  tasks.o
    0x08008660   0x08008660   0x000000f4   Code   RO         6465    i.xPortStartScheduler  port.o
    0x08008754   0x08008754   0x0000002c   Code   RO         6466    i.xPortSysTickHandler  port.o
    0x08008780   0x08008780   0x00000042   Code   RO         4976    i.xQueueGenericCreate  queue.o
    0x080087c2   0x080087c2   0x00000066   Code   RO         4977    i.xQueueGenericCreateStatic  queue.o
    0x08008828   0x08008828   0x00000088   Code   RO         4978    i.xQueueGenericReset  queue.o
    0x080088b0   0x080088b0   0x00000160   Code   RO         4979    i.xQueueGenericSend  queue.o
    0x08008a10   0x08008a10   0x000000be   Code   RO         4980    i.xQueueGenericSendFromISR  queue.o
    0x08008ace   0x08008ace   0x0000009c   Code   RO         4983    i.xQueueGiveFromISR  queue.o
    0x08008b6a   0x08008b6a   0x00000002   PAD
    0x08008b6c   0x08008b6c   0x00000138   Code   RO         4989    i.xQueueReceive     queue.o
    0x08008ca4   0x08008ca4   0x00000178   Code   RO         4991    i.xQueueSemaphoreTake  queue.o
    0x08008e1c   0x08008e1c   0x00000074   Code   RO         5397    i.xTaskCheckForTimeOut  tasks.o
    0x08008e90   0x08008e90   0x0000005a   Code   RO         5398    i.xTaskCreate       tasks.o
    0x08008eea   0x08008eea   0x00000056   Code   RO         5399    i.xTaskCreateStatic  tasks.o
    0x08008f40   0x08008f40   0x0000001c   Code   RO         5403    i.xTaskGetSchedulerState  tasks.o
    0x08008f5c   0x08008f5c   0x0000000c   Code   RO         5404    i.xTaskGetTickCount  tasks.o
    0x08008f68   0x08008f68   0x000000c8   Code   RO         5406    i.xTaskIncrementTick  tasks.o
    0x08009030   0x08009030   0x00000080   Code   RO         5409    i.xTaskPriorityDisinherit  tasks.o
    0x080090b0   0x080090b0   0x00000078   Code   RO         5410    i.xTaskPriorityInherit  tasks.o
    0x08009128   0x08009128   0x00000070   Code   RO         5411    i.xTaskRemoveFromEventList  tasks.o
    0x08009198   0x08009198   0x000000c4   Code   RO         5412    i.xTaskResumeAll    tasks.o
    0x0800925c   0x0800925c   0x00000060   Code   RO         5737    i.xTimerCreateTimerTask  timers.o
    0x080092bc   0x080092bc   0x00000068   Code   RO         5738    i.xTimerGenericCommand  timers.o
    0x08009324   0x08009324   0x00000024   Data   RO          787    .constdata          freertos.o
    0x08009348   0x08009348   0x0000006c   Data   RO         1316    .constdata          attitudecontrol.o
    0x080093b4   0x080093b4   0x00000008   Data   RO         3223    .constdata          stm32f4xx_hal_dma.o
    0x080093bc   0x080093bc   0x00000010   Data   RO         4755    .constdata          system_stm32f4xx.o
    0x080093cc   0x080093cc   0x00000008   Data   RO         4756    .constdata          system_stm32f4xx.o
    0x080093d4   0x080093d4   0x00000140   Data   RO         6573    .constdata          m_wm.l(powf.o)
    0x08009514   0x08009514   0x00000020   Data   RO         6929    .constdata          m_wm.l(rredf.o)
    0x08009534   0x08009534   0x0000000c   Data   RO          788    .conststring        freertos.o
    0x08009540   0x08009540   0x00000020   Data   RO         7015    Region$$Table       anon$$obj.o


    Execution Region RW_IRAM1 (Exec base: 0x20000000, Load base: 0x08009560, Size: 0x00005430, Max: 0x00018000, ABSOLUTE)

    Exec Addr    Load Addr    Size         Type   Attr      Idx    E Section Name        Object

    0x20000000   0x08009560   0x00000048   Data   RW           36    .data               gy86.o
    0x20000048   0x080095a8   0x00000014   Data   RW          605    .data               getppm_task.o
    0x2000005c   0x080095bc   0x00000002   Data   RW          646    .data               main.o
    0x2000005e   0x080095be   0x00000002   PAD
    0x20000060   0x080095c0   0x00000004   Data   RW          789    .data               freertos.o
    0x20000064   0x080095c4   0x00000004   Data   RW          915    .data               i2c.o
    0x20000068   0x080095c8   0x00000010   Data   RW         1514    .data               flightcontrol.o
    0x20000078   0x080095d8   0x0000000c   Data   RW         3692    .data               stm32f4xx_hal.o
    0x20000084   0x080095e4   0x00000004   Data   RW         4757    .data               system_stm32f4xx.o
    0x20000088   0x080095e8   0x0000003c   Data   RW         5415    .data               tasks.o
    0x200000c4   0x08009624   0x00000014   Data   RW         5746    .data               timers.o
    0x200000d8   0x08009638   0x00000004   Data   RW         5968    .data               cmsis_os2.o
    0x200000dc   0x0800963c   0x00000020   Data   RW         6411    .data               heap_4.o
    0x200000fc   0x0800965c   0x0000000c   Data   RW         6467    .data               port.o
    0x20000108   0x08009668   0x00000004   Data   RW         6955    .data               mc_w.l(errno.o)
    0x2000010c        -       0x00000024   Zero   RW           35    .bss                gy86.o
    0x20000130        -       0x00000012   Zero   RW          604    .bss                getppm_task.o
    0x20000142        -       0x00000040   Zero   RW          645    .bss                main.o
    0x20000182   0x0800966c   0x00000002   PAD
    0x20000184        -       0x00000114   Zero   RW          912    .bss                i2c.o
    0x20000298        -       0x00000090   Zero   RW         1004    .bss                tim.o
    0x20000328        -       0x000000d8   Zero   RW         1062    .bss                usart.o
    0x20000400        -       0x00000048   Zero   RW         1271    .bss                stm32f4xx_hal_timebase_tim.o
    0x20000448        -       0x00000310   Zero   RW         1513    .bss                flightcontrol.o
    0x20000758        -       0x00000040   Zero   RW         4993    .bss                queue.o
    0x20000798        -       0x000004c4   Zero   RW         5414    .bss                tasks.o
    0x20000c5c        -       0x00000118   Zero   RW         5745    .bss                timers.o
    0x20000d74        -       0x000006b8   Zero   RW         5967    .bss                cmsis_os2.o
    0x2000142c        -       0x00003c00   Zero   RW         6410    .bss                heap_4.o
    0x2000502c   0x0800966c   0x00000004   PAD
    0x20005030        -       0x00000400   Zero   RW            1    STACK               startup_stm32f401xe.o


==============================================================================

Image component sizes


      Code (inc. data)   RO Data    RW Data    ZI Data      Debug   Object Name

      1416         84        108          0          0      12124   attitudecontrol.o
      1526         86          0          0          0       8979   attitudeestimator.o
       326         22          0          4       1720      62811   cmsis_os2.o
       110         20          0          0          0       1963   delay.o
        60          4          0          0          0        846   dma.o
         0          0          0          0          0      18136   event_groups.o
       272         14          0          0          0       3962   filter.o
      3128        264          0         16        784      18640   flightcontrol.o
       292        124         48          4          0       4206   freertos.o
       124         18          0         20         18       1775   getppm_task.o
       292         20          0          0          0       1283   gpio.o
      1744        146          0         72         36     454258   gy86.o
       472         24          0         32      15360       5059   heap_4.o
       644        108          0          4        276       5596   i2c.o
       138          0          0          0          0       3738   list.o
       384         44          0          2         64       3978   main.o
       582         32          0          0          0       6564   pid.o
       786         82          0         12          0      11885   port.o
      2112         24          0          0         64      22216   queue.o
        36          8        404          0       1024        860   startup_stm32f401xe.o
        80         14          0         12          0       8134   stm32f4xx_hal.o
       158         14          0          0          0      33194   stm32f4xx_hal_cortex.o
      1094         16          8          0          0       8876   stm32f4xx_hal_dma.o
       490         34          0          0          0       2264   stm32f4xx_hal_gpio.o
      6096        110          0          0          0      34074   stm32f4xx_hal_i2c.o
        56          4          0          0          0        930   stm32f4xx_hal_msp.o
      1408         82          0          0          0       6141   stm32f4xx_hal_rcc.o
      2404        110          0          0          0      21915   stm32f4xx_hal_tim.o
       128         20          0          0          0       2613   stm32f4xx_hal_tim_ex.o
       140         22          0          0         72       1519   stm32f4xx_hal_timebase_tim.o
      1432         14          0          0          0       9820   stm32f4xx_hal_uart.o
        96         42          0          0          0       6512   stm32f4xx_it.o
        16          4         24          4          0       1223   system_stm32f4xx.o
      2512        200          0         60       1220      31579   tasks.o
       588         40          0          0        144       3541   tim.o
       972         80          0         20        280      30139   timers.o
         0          0          0          0          0       9583   uart_task.o
       424         48          0          0        216       3512   usart.o

    ----------------------------------------------------------------------
     32604       1978        624        264      21284     864448   Object Totals
         0          0         32          0          0          0   (incl. Generated)
        66          0          0          2          6          0   (incl. Padding)

    ----------------------------------------------------------------------

      Code (inc. data)   RO Data    RW Data    ZI Data      Debug   Library Member Name

       300         42          0          0          0        176   asinf.o
       592         90          0          0          0        184   atan2f.o
       336         56          0          0          0        136   cosf.o
        38          0          0          0          0        116   fpclassifyf.o
        80         24          0          0          0        696   funder.o
      1636        110        320          0          0        372   powf.o
       340         24         32          0          0        160   rredf.o
       400         56          0          0          0        212   sinf.o
       120          0          0          0          0        272   sqrtf.o
       380         58          0          0          0        200   tanf.o
         0          0          0          0          0          0   entry.o
         0          0          0          0          0          0   entry10a.o
         0          0          0          0          0          0   entry11a.o
         8          4          0          0          0          0   entry2.o
         4          0          0          0          0          0   entry5.o
         0          0          0          0          0          0   entry7b.o
         0          0          0          0          0          0   entry8b.o
         8          4          0          0          0          0   entry9a.o
        12          6          0          4          0         68   errno.o
        30          0          0          0          0          0   handlers.o
        36          8          0          0          0         68   init.o
         0          0          0          0          0          0   iusefp.o
        98          0          0          0          0         84   ldiv.o
        30          0          0          0          0         68   llshl.o
        32          0          0          0          0         68   llushr.o
        36          0          0          0          0         68   memcpya.o
        36          0          0          0          0        108   memseta.o
        98          0          0          0          0         92   uldiv.o
         4          0          0          0          0         68   fpstat.o

    ----------------------------------------------------------------------
      4660        482        352          4          0       3216   Library Totals
         6          0          0          0          0          0   (incl. Padding)

    ----------------------------------------------------------------------

      Code (inc. data)   RO Data    RW Data    ZI Data      Debug   Library Name

      4222        460        352          0          0       2524   m_wm.l
       428         22          0          4          0        624   mc_w.l
         4          0          0          0          0         68   mf_w.l

    ----------------------------------------------------------------------
      4660        482        352          4          0       3216   Library Totals

    ----------------------------------------------------------------------

==============================================================================


      Code (inc. data)   RO Data    RW Data    ZI Data      Debug   

     37264       2460        976        268      21284     838908   Grand Totals
     37264       2460        976        268      21284     838908   ELF Image Totals
     37264       2460        976        268          0          0   ROM Totals

==============================================================================

    Total RO  Size (Code + RO Data)                38240 (  37.34kB)
    Total RW  Size (RW Data + ZI Data)             21552 (  21.05kB)
    Total ROM Size (Code + RO Data + RW Data)      38508 (  37.61kB)

==============================================================================

