<html>
<body>
<pre>
<h1>�Vision Build Log</h1>
<h2>Tool Versions:</h2>
IDE-Version: ��Vision V5.24.2.0
Copyright (C) 2017 ARM Ltd and ARM Germany GmbH. All rights reserved.
License Information: y YLWIS, uestc, LIC=EXJT4-FZTQD-Z92G9-4BCKM-16VJV-6DQ1Q
 
Tool Versions:
Toolchain:       MDK-ARM Plus  Version: 5.24.1
Toolchain Path:  C:\Keil_v5\ARM\ARMCC\Bin
C Compiler:      Armcc.exe V5.06 update 5 (build 528)
Assembler:       Armasm.exe V5.06 update 5 (build 528)
Linker/Locator:  ArmLink.exe V5.06 update 5 (build 528)
Library Manager: ArmAr.exe V5.06 update 5 (build 528)
Hex Converter:   FromElf.exe V5.06 update 5 (build 528)
CPU DLL:         SARMCM3.DLL V5.24.1
Dialog DLL:      DCM.DLL V1.16.0.0
Target DLL:      STLink\ST-LINKIII-KEIL_SWO.dll V3.0.1.0
Dialog DLL:      TCM.DLL V1.32.0.0
 
<h2>Project:</h2>
C:\Users\YLWIS\Desktop\Projects\�Զ��������˻�\stm32\flighter\MDK-ARM\flighter.uvprojx
Project File Date:  03/15/2026

<h2>Output:</h2>
*** Using Compiler 'V5.06 update 5 (build 528)', folder: 'C:\Keil_v5\ARM\ARMCC\Bin'
Build target 'flighter'
compiling uart_task.c...
../User/GY86.h(83): warning:  #1295-D: Deprecated declaration MPU6050_Init - give arg types
  void MPU6050_Init();
../User/GY86.h(84): warning:  #1295-D: Deprecated declaration MPU6050_Check - give arg types
  uint8_t MPU6050_Check();													
../User/GY86.h(85): warning:  #1295-D: Deprecated declaration HMC5883L_Init - give arg types
  void HMC5883L_Init();
../User/GY86.h(86): warning:  #1295-D: Deprecated declaration HMC5883L_CheckID - give arg types
  uint8_t HMC5883L_CheckID();  // 检查HMC5883L ID
../User/GY86.h(88): warning:  #1295-D: Deprecated declaration MS5611_Init - give arg types
  void MS5611_Init();
../User/GY86.h(91): warning:  #1295-D: Deprecated declaration MS5611_Read_Pressure - give arg types
  uint32_t MS5611_Read_Pressure();											//读取并计算数据，最终返回气压�?
../User/GY86.h(93): warning:  #1295-D: Deprecated declaration Get_GYROandACCEL - give arg types
  void Get_GYROandACCEL();
../User/GY86.h(94): warning:  #1295-D: Deprecated declaration Get_Pressure - give arg types
  void Get_Pressure();
../User/GY86.h(95): warning:  #1295-D: Deprecated declaration Get_MAG - give arg types
  void Get_MAG();
..\User\User Task\getPPM_task.h(11): warning:  #1295-D: Deprecated declaration getPPM_Task - give arg types
  extern void getPPM_Task();
..\User\User Task\uart_task.c(428): warning:  #1-D: last line of file ends without a newline
  }
..\User\User Task\uart_task.c(349): warning:  #177-D: variable "dbg"  was declared but never referenced
  	FlightDebugData_t dbg;
..\User\User Task\uart_task.c(351): warning:  #177-D: variable "xPeriod"  was declared but never referenced
  	const TickType_t xPeriod = pdMS_TO_TICKS(1000 / CONFIG_UART_DEBUG_RATE_HZ);
..\User\User Task\uart_task.c(298): warning:  #177-D: function "processUartRx"  was declared but never referenced
  static void processUartRx(void)
..\User\User Task\uart_task.c: 14 warnings, 0 errors
linking...
Program Size: Code=22712 RO-data=516 RW-data=228 ZI-data=20652  
"flighter\flighter.axf" - 0 Error(s), 14 Warning(s).

<h2>Software Packages used:</h2>

Package Vendor: ARM
                http://www.keil.com/pack/ARM.CMSIS.5.0.1.pack
                ARM.CMSIS.5.0.1
                CMSIS (Cortex Microcontroller Software Interface Standard)
   * Component: CORE Version: 5.0.1

Package Vendor: Keil
                http://www.keil.com/pack/Keil.STM32F4xx_DFP.2.16.0.pack
                Keil.STM32F4xx_DFP.2.16.0
                STMicroelectronics STM32F4 Series Device Support, Drivers and Examples

<h2>Collection of Component include folders:</h2>
  .\RTE\_flighter
  C:\Keil_v5\ARM\PACK\ARM\CMSIS\5.0.1\CMSIS\Include
  C:\Keil_v5\ARM\PACK\Keil\STM32F4xx_DFP\2.16.0\Drivers\CMSIS\Device\ST\STM32F4xx\Include

<h2>Collection of Component Files used:</h2>

   * Component: ARM::CMSIS:CORE:5.0.1
Build Time Elapsed:  00:00:01
</pre>
</body>
</html>
