Component: ARM Compiler 5.06 update 5 (build 528) Tool: armlink [4d35e2]

==============================================================================

Section Cross References

    startup_stm32f401xe.o(RESET) refers to startup_stm32f401xe.o(STACK) for __initial_sp
    startup_stm32f401xe.o(RESET) refers to startup_stm32f401xe.o(.text) for Reset_Handler
    startup_stm32f401xe.o(RESET) refers to stm32f4xx_it.o(i.NMI_Handler) for NMI_Handler
    startup_stm32f401xe.o(RESET) refers to stm32f4xx_it.o(i.HardFault_Handler) for HardFault_Handler
    startup_stm32f401xe.o(RESET) refers to stm32f4xx_it.o(i.MemManage_Handler) for MemManage_Handler
    startup_stm32f401xe.o(RESET) refers to stm32f4xx_it.o(i.BusFault_Handler) for BusFault_Handler
    startup_stm32f401xe.o(RESET) refers to stm32f4xx_it.o(i.UsageFault_Handler) for UsageFault_Handler
    startup_stm32f401xe.o(RESET) refers to port.o(.emb_text) for SVC_Handler
    startup_stm32f401xe.o(RESET) refers to stm32f4xx_it.o(i.DebugMon_Handler) for DebugMon_Handler
    startup_stm32f401xe.o(RESET) refers to cmsis_os2.o(i.SysTick_Handler) for SysTick_Handler
    startup_stm32f401xe.o(RESET) refers to stm32f4xx_it.o(i.DMA1_Stream0_IRQHandler) for DMA1_Stream0_IRQHandler
    startup_stm32f401xe.o(RESET) refers to stm32f4xx_it.o(i.DMA1_Stream6_IRQHandler) for DMA1_Stream6_IRQHandler
    startup_stm32f401xe.o(RESET) refers to stm32f4xx_it.o(i.TIM1_UP_TIM10_IRQHandler) for TIM1_UP_TIM10_IRQHandler
    startup_stm32f401xe.o(RESET) refers to stm32f4xx_it.o(i.TIM2_IRQHandler) for TIM2_IRQHandler
    startup_stm32f401xe.o(RESET) refers to stm32f4xx_it.o(i.I2C1_EV_IRQHandler) for I2C1_EV_IRQHandler
    startup_stm32f401xe.o(RESET) refers to stm32f4xx_it.o(i.I2C1_ER_IRQHandler) for I2C1_ER_IRQHandler
    startup_stm32f401xe.o(RESET) refers to stm32f4xx_it.o(i.USART1_IRQHandler) for USART1_IRQHandler
    startup_stm32f401xe.o(RESET) refers to stm32f4xx_it.o(i.USART6_IRQHandler) for USART6_IRQHandler
    startup_stm32f401xe.o(.text) refers to system_stm32f4xx.o(i.SystemInit) for SystemInit
    startup_stm32f401xe.o(.text) refers to entry.o(.ARM.Collect$$$$00000000) for __main
    gy86.o(i.BMP180_Init) refers to tasks.o(i.vTaskDelay) for vTaskDelay
    gy86.o(i.BMP180_Init) refers to gy86.o(i.I2C_Mem_Read_DMA_WithRetry) for I2C_Mem_Read_DMA_WithRetry
    gy86.o(i.BMP180_Init) refers to i2c.o(.bss) for hi2c1
    gy86.o(i.BMP180_Init) refers to gy86.o(.data) for .data
    gy86.o(i.BMP180_read_pressure) refers to gy86.o(i.bmp180_read_ut) for bmp180_read_ut
    gy86.o(i.BMP180_read_pressure) refers to gy86.o(i.bmp180_read_up) for bmp180_read_up
    gy86.o(i.BMP180_read_pressure) refers to gy86.o(.data) for .data
    gy86.o(i.Get_GYROandACCEL) refers to tasks.o(i.xTaskGetTickCount) for xTaskGetTickCount
    gy86.o(i.Get_GYROandACCEL) refers to gy86.o(i.MPU6050_Init) for MPU6050_Init
    gy86.o(i.Get_GYROandACCEL) refers to gy86.o(i.MPU6050_Read_GYRO) for MPU6050_Read_GYRO
    gy86.o(i.Get_GYROandACCEL) refers to gy86.o(i.MPU6050_Read_ACCEL) for MPU6050_Read_ACCEL
    gy86.o(i.Get_GYROandACCEL) refers to queue.o(i.xQueueGenericSend) for xQueueGenericSend
    gy86.o(i.Get_GYROandACCEL) refers to tasks.o(i.vTaskDelayUntil) for vTaskDelayUntil
    gy86.o(i.Get_GYROandACCEL) refers to gy86.o(.data) for .data
    gy86.o(i.Get_MAG) refers to tasks.o(i.xTaskGetTickCount) for xTaskGetTickCount
    gy86.o(i.Get_MAG) refers to gy86.o(i.HMC5883L_Init) for HMC5883L_Init
    gy86.o(i.Get_MAG) refers to gy86.o(i.HMC5883L_Read_MAG) for HMC5883L_Read_MAG
    gy86.o(i.Get_MAG) refers to queue.o(i.xQueueGenericSend) for xQueueGenericSend
    gy86.o(i.Get_MAG) refers to tasks.o(i.vTaskDelayUntil) for vTaskDelayUntil
    gy86.o(i.Get_MAG) refers to gy86.o(.data) for .data
    gy86.o(i.Get_Pressure) refers to tasks.o(i.xTaskGetTickCount) for xTaskGetTickCount
    gy86.o(i.Get_Pressure) refers to gy86.o(i.BMP180_Init) for BMP180_Init
    gy86.o(i.Get_Pressure) refers to gy86.o(i.BMP180_read_pressure) for BMP180_read_pressure
    gy86.o(i.Get_Pressure) refers to queue.o(i.xQueueGenericSend) for xQueueGenericSend
    gy86.o(i.Get_Pressure) refers to tasks.o(i.vTaskDelayUntil) for vTaskDelayUntil
    gy86.o(i.Get_Pressure) refers to gy86.o(.data) for .data
    gy86.o(i.HMC5883L_CheckID) refers to gy86.o(i.IIC_Write) for IIC_Write
    gy86.o(i.HMC5883L_CheckID) refers to tasks.o(i.vTaskDelay) for vTaskDelay
    gy86.o(i.HMC5883L_CheckID) refers to gy86.o(i.IIC_Read) for IIC_Read
    gy86.o(i.HMC5883L_CheckID) refers to gy86.o(.data) for .data
    gy86.o(i.HMC5883L_Init) refers to gy86.o(i.IIC_Write) for IIC_Write
    gy86.o(i.HMC5883L_Init) refers to tasks.o(i.vTaskDelay) for vTaskDelay
    gy86.o(i.HMC5883L_Init) refers to gy86.o(i.HMC5883L_SetupAutoRead) for HMC5883L_SetupAutoRead
    gy86.o(i.HMC5883L_Read_MAG) refers to gy86.o(i.I2C_Mem_Read_DMA_WithRetry) for I2C_Mem_Read_DMA_WithRetry
    gy86.o(i.HMC5883L_Read_MAG) refers to i2c.o(.bss) for hi2c1
[...]
    i.TIM_OC2_SetConfig                      0x08003914   Section        0  stm32f4xx_hal_tim.o(i.TIM_OC2_SetConfig)
    i.TIM_OC3_SetConfig                      0x0800396c   Section        0  stm32f4xx_hal_tim.o(i.TIM_OC3_SetConfig)
    TIM_OC3_SetConfig                        0x0800396d   Thumb Code    82  stm32f4xx_hal_tim.o(i.TIM_OC3_SetConfig)
    i.TIM_OC4_SetConfig                      0x080039c4   Section        0  stm32f4xx_hal_tim.o(i.TIM_OC4_SetConfig)
    TIM_OC4_SetConfig                        0x080039c5   Thumb Code    64  stm32f4xx_hal_tim.o(i.TIM_OC4_SetConfig)
    i.TIM_TI1_ConfigInputStage               0x08003a08   Section        0  stm32f4xx_hal_tim.o(i.TIM_TI1_ConfigInputStage)
    TIM_TI1_ConfigInputStage                 0x08003a09   Thumb Code    34  stm32f4xx_hal_tim.o(i.TIM_TI1_ConfigInputStage)
    i.TIM_TI1_SetConfig                      0x08003a2c   Section        0  stm32f4xx_hal_tim.o(i.TIM_TI1_SetConfig)
    i.TIM_TI2_ConfigInputStage               0x08003a98   Section        0  stm32f4xx_hal_tim.o(i.TIM_TI2_ConfigInputStage)
    TIM_TI2_ConfigInputStage                 0x08003a99   Thumb Code    36  stm32f4xx_hal_tim.o(i.TIM_TI2_ConfigInputStage)
    i.TIM_TI2_SetConfig                      0x08003abc   Section        0  stm32f4xx_hal_tim.o(i.TIM_TI2_SetConfig)
    TIM_TI2_SetConfig                        0x08003abd   Thumb Code    54  stm32f4xx_hal_tim.o(i.TIM_TI2_SetConfig)
    i.UART_DMAAbortOnError                   0x08003af2   Section        0  stm32f4xx_hal_uart.o(i.UART_DMAAbortOnError)
    UART_DMAAbortOnError                     0x08003af3   Thumb Code    14  stm32f4xx_hal_uart.o(i.UART_DMAAbortOnError)
    i.UART_EndRxTransfer                     0x08003b00   Section        0  stm32f4xx_hal_uart.o(i.UART_EndRxTransfer)
    UART_EndRxTransfer                       0x08003b01   Thumb Code    78  stm32f4xx_hal_uart.o(i.UART_EndRxTransfer)
    i.UART_Receive_IT                        0x08003b4e   Section        0  stm32f4xx_hal_uart.o(i.UART_Receive_IT)
    UART_Receive_IT                          0x08003b4f   Thumb Code   194  stm32f4xx_hal_uart.o(i.UART_Receive_IT)
    i.UART_SetConfig                         0x08003c10   Section        0  stm32f4xx_hal_uart.o(i.UART_SetConfig)
    UART_SetConfig                           0x08003c11   Thumb Code   258  stm32f4xx_hal_uart.o(i.UART_SetConfig)
    i.UART_Start_Receive_IT                  0x08003d1c   Section        0  stm32f4xx_hal_uart.o(i.UART_Start_Receive_IT)
    i.UART_WaitOnFlagUntilTimeout            0x08003d52   Section        0  stm32f4xx_hal_uart.o(i.UART_WaitOnFlagUntilTimeout)
    UART_WaitOnFlagUntilTimeout              0x08003d53   Thumb Code   114  stm32f4xx_hal_uart.o(i.UART_WaitOnFlagUntilTimeout)
    i.USART1_IRQHandler                      0x08003dc4   Section        0  stm32f4xx_it.o(i.USART1_IRQHandler)
    i.USART6_IRQHandler                      0x08003dd0   Section        0  stm32f4xx_it.o(i.USART6_IRQHandler)
    i.Uart_Debug_Task                        0x08003ddc   Section        0  freertos.o(i.Uart_Debug_Task)
    i.Uart_Send_Task                         0x08003de0   Section        0  uart_task.o(i.Uart_Send_Task)
    i.UsageFault_Handler                     0x08003e08   Section        0  stm32f4xx_it.o(i.UsageFault_Handler)
    i.__0printf$4                            0x08003e0c   Section        0  printf4.o(i.__0printf$4)
    i.__NVIC_SetPriority                     0x08003e2c   Section        0  stm32f4xx_hal_cortex.o(i.__NVIC_SetPriority)
    __NVIC_SetPriority                       0x08003e2d   Thumb Code    32  stm32f4xx_hal_cortex.o(i.__NVIC_SetPriority)
    i.__scatterload_copy                     0x08003e4c   Section       14  handlers.o(i.__scatterload_copy)
    i.__scatterload_null                     0x08003e5a   Section        2  handlers.o(i.__scatterload_null)
    i.__scatterload_zeroinit                 0x08003e5c   Section       14  handlers.o(i.__scatterload_zeroinit)
    i._printf_core                           0x08003e6c   Section        0  printf4.o(i._printf_core)
    _printf_core                             0x08003e6d   Thumb Code   552  printf4.o(i._printf_core)
    i.fputc                                  0x08004098   Section        0  usart.o(i.fputc)
    i.main                                   0x080040b0   Section        0  main.o(i.main)
    i.osDelay                                0x0800415c   Section        0  cmsis_os2.o(i.osDelay)
    i.osKernelInitialize                     0x08004178   Section        0  cmsis_os2.o(i.osKernelInitialize)
    i.osKernelStart                          0x0800419c   Section        0  cmsis_os2.o(i.osKernelStart)
    i.osThreadNew                            0x080041d4   Section        0  cmsis_os2.o(i.osThreadNew)
    i.prvAddCurrentTaskToDelayedList         0x08004260   Section        0  tasks.o(i.prvAddCurrentTaskToDelayedList)
    prvAddCurrentTaskToDelayedList           0x08004261   Thumb Code    84  tasks.o(i.prvAddCurrentTaskToDelayedList)
    i.prvAddNewTaskToReadyList               0x080042bc   Section        0  tasks.o(i.prvAddNewTaskToReadyList)
    prvAddNewTaskToReadyList                 0x080042bd   Thumb Code   190  tasks.o(i.prvAddNewTaskToReadyList)
    i.prvCheckForValidListAndQueue           0x0800438c   Section        0  timers.o(i.prvCheckForValidListAndQueue)
    prvCheckForValidListAndQueue             0x0800438d   Thumb Code    72  timers.o(i.prvCheckForValidListAndQueue)
    i.prvCopyDataFromQueue                   0x080043e4   Section        0  queue.o(i.prvCopyDataFromQueue)
    prvCopyDataFromQueue                     0x080043e5   Thumb Code    38  queue.o(i.prvCopyDataFromQueue)
    i.prvCopyDataToQueue                     0x0800440a   Section        0  queue.o(i.prvCopyDataToQueue)
    prvCopyDataToQueue                       0x0800440b   Thumb Code   108  queue.o(i.prvCopyDataToQueue)
    i.prvDeleteTCB                           0x08004476   Section        0  tasks.o(i.prvDeleteTCB)
    prvDeleteTCB                             0x08004477   Thumb Code    52  tasks.o(i.prvDeleteTCB)
    i.prvHeapInit                            0x080044ac   Section        0  heap_4.o(i.prvHeapInit)
    prvHeapInit                              0x080044ad   Thumb Code    66  heap_4.o(i.prvHeapInit)
    i.prvIdleTask                            0x080044f8   Section        0  tasks.o(i.prvIdleTask)
    prvIdleTask                              0x080044f9   Thumb Code    82  tasks.o(i.prvIdleTask)
    i.prvInitialiseMutex                     0x08004558   Section        0  queue.o(i.prvInitialiseMutex)
    prvInitialiseMutex                       0x08004559   Thumb Code    22  queue.o(i.prvInitialiseMutex)
    i.prvInitialiseNewQueue                  0x08004570   Section        0  queue.o(i.prvInitialiseNewQueue)
    prvInitialiseNewQueue                    0x08004571   Thumb Code    34  queue.o(i.prvInitialiseNewQueue)
    i.prvInitialiseNewTask                   0x08004594   Section        0  tasks.o(i.prvInitialiseNewTask)
    prvInitialiseNewTask                     0x08004595   Thumb Code   176  tasks.o(i.prvInitialiseNewTask)
    i.prvInsertBlockIntoFreeList             0x08004644   Section        0  heap_4.o(i.prvInsertBlockIntoFreeList)
    prvInsertBlockIntoFreeList               0x08004645   Thumb Code    72  heap_4.o(i.prvInsertBlockIntoFreeList)
    i.prvInsertTimerInActiveList             0x08004690   Section        0  timers.o(i.prvInsertTimerInActiveList)
    prvInsertTimerInActiveList               0x08004691   Thumb Code    52  timers.o(i.prvInsertTimerInActiveList)
    i.prvIsQueueEmpty                        0x080046c8   Section        0  queue.o(i.prvIsQueueEmpty)
    prvIsQueueEmpty                          0x080046c9   Thumb Code    28  queue.o(i.prvIsQueueEmpty)
    i.prvProcessReceivedCommands             0x080046e4   Section        0  timers.o(i.prvProcessReceivedCommands)
    prvProcessReceivedCommands               0x080046e5   Thumb Code   248  timers.o(i.prvProcessReceivedCommands)
    i.prvProcessTimerOrBlockTask             0x080047e0   Section        0  timers.o(i.prvProcessTimerOrBlockTask)
    prvProcessTimerOrBlockTask               0x080047e1   Thumb Code   182  timers.o(i.prvProcessTimerOrBlockTask)
    i.prvResetNextTaskUnblockTime            0x080048a0   Section        0  tasks.o(i.prvResetNextTaskUnblockTime)
    prvResetNextTaskUnblockTime              0x080048a1   Thumb Code    26  tasks.o(i.prvResetNextTaskUnblockTime)
    i.prvSampleTimeNow                       0x080048c0   Section        0  timers.o(i.prvSampleTimeNow)
    prvSampleTimeNow                         0x080048c1   Thumb Code    36  timers.o(i.prvSampleTimeNow)
    i.prvSwitchTimerLists                    0x080048e8   Section        0  timers.o(i.prvSwitchTimerLists)
    prvSwitchTimerLists                      0x080048e9   Thumb Code   104  timers.o(i.prvSwitchTimerLists)
    i.prvTaskExitError                       0x08004954   Section        0  port.o(i.prvTaskExitError)
    prvTaskExitError                         0x08004955   Thumb Code    36  port.o(i.prvTaskExitError)
    i.prvTimerTask                           0x0800497c   Section        0  timers.o(i.prvTimerTask)
    prvTimerTask                             0x0800497d   Thumb Code    32  timers.o(i.prvTimerTask)
    i.prvUnlockQueue                         0x080049a0   Section        0  queue.o(i.prvUnlockQueue)
    prvUnlockQueue                           0x080049a1   Thumb Code   106  queue.o(i.prvUnlockQueue)
    i.pvPortMalloc                           0x08004a0c   Section        0  heap_4.o(i.pvPortMalloc)
    i.pxPortInitialiseStack                  0x08004ae8   Section        0  port.o(i.pxPortInitialiseStack)
    i.uart1RxStartIT                         0x08004b14   Section        0  uart_task.o(i.uart1RxStartIT)
    uart1RxStartIT                           0x08004b15   Thumb Code    10  uart_task.o(i.uart1RxStartIT)
    i.uxListRemove                           0x08004b28   Section        0  list.o(i.uxListRemove)
    i.vApplicationGetIdleTaskMemory          0x08004b50   Section        0  cmsis_os2.o(i.vApplicationGetIdleTaskMemory)
    i.vApplicationGetTimerTaskMemory         0x08004b64   Section        0  cmsis_os2.o(i.vApplicationGetTimerTaskMemory)
    i.vListInitialise                        0x08004b7c   Section        0  list.o(i.vListInitialise)
    i.vListInitialiseItem                    0x08004b92   Section        0  list.o(i.vListInitialiseItem)
    i.vListInsert                            0x08004b98   Section        0  list.o(i.vListInsert)
    i.vListInsertEnd                         0x08004bc8   Section        0  list.o(i.vListInsertEnd)
    i.vPortEnterCritical                     0x08004be0   Section        0  port.o(i.vPortEnterCritical)
    i.vPortExitCritical                      0x08004c20   Section        0  port.o(i.vPortExitCritical)
    i.vPortFree                              0x08004c48   Section        0  heap_4.o(i.vPortFree)
    i.vPortSetupTimerInterrupt               0x08004cac   Section        0  port.o(i.vPortSetupTimerInterrupt)
    i.vPortValidateInterruptPriority         0x08004cd0   Section        0  port.o(i.vPortValidateInterruptPriority)
    i.vQueueAddToRegistry                    0x08004d24   Section        0  queue.o(i.vQueueAddToRegistry)
    i.vQueueWaitForMessageRestricted         0x08004d4c   Section        0  queue.o(i.vQueueWaitForMessageRestricted)
    i.vTaskDelay                             0x08004d90   Section        0  tasks.o(i.vTaskDelay)
    i.vTaskInternalSetTimeOutState           0x08004ddc   Section        0  tasks.o(i.vTaskInternalSetTimeOutState)
    i.vTaskMissedYield                       0x08004dec   Section        0  tasks.o(i.vTaskMissedYield)
    i.vTaskPlaceOnEventList                  0x08004df8   Section        0  tasks.o(i.vTaskPlaceOnEventList)
    i.vTaskPlaceOnEventListRestricted        0x08004e28   Section        0  tasks.o(i.vTaskPlaceOnEventListRestricted)
    i.vTaskStartScheduler                    0x08004e60   Section        0  tasks.o(i.vTaskStartScheduler)
    i.vTaskSuspendAll                        0x08004ee8   Section        0  tasks.o(i.vTaskSuspendAll)
    i.vTaskSwitchContext                     0x08004ef8   Section        0  tasks.o(i.vTaskSwitchContext)
    i.xPortStartScheduler                    0x08004f5c   Section        0  port.o(i.xPortStartScheduler)
    i.xPortSysTickHandler                    0x08005050   Section        0  port.o(i.xPortSysTickHandler)
    i.xQueueCreateMutex                      0x0800507c   Section        0  queue.o(i.xQueueCreateMutex)
    i.xQueueGenericCreate                    0x08005092   Section        0  queue.o(i.xQueueGenericCreate)
    i.xQueueGenericCreateStatic              0x080050d4   Section        0  queue.o(i.xQueueGenericCreateStatic)
    i.xQueueGenericReset                     0x0800513c   Section        0  queue.o(i.xQueueGenericReset)
    i.xQueueGenericSend                      0x080051c4   Section        0  queue.o(i.xQueueGenericSend)
    i.xQueueGenericSendFromISR               0x08005324   Section        0  queue.o(i.xQueueGenericSendFromISR)
    i.xQueueGiveFromISR                      0x080053e2   Section        0  queue.o(i.xQueueGiveFromISR)
    i.xQueueReceive                          0x08005480   Section        0  queue.o(i.xQueueReceive)
    i.xTaskCheckForTimeOut                   0x080055b8   Section        0  tasks.o(i.xTaskCheckForTimeOut)
    i.xTaskCreate                            0x0800562c   Section        0  tasks.o(i.xTaskCreate)
    i.xTaskCreateStatic                      0x08005686   Section        0  tasks.o(i.xTaskCreateStatic)
    i.xTaskGetSchedulerState                 0x080056dc   Section        0  tasks.o(i.xTaskGetSchedulerState)
    i.xTaskGetTickCount                      0x080056f8   Section        0  tasks.o(i.xTaskGetTickCount)
    i.xTaskIncrementTick                     0x08005704   Section        0  tasks.o(i.xTaskIncrementTick)
    i.xTaskPriorityDisinherit                0x080057cc   Section        0  tasks.o(i.xTaskPriorityDisinherit)
    i.xTaskRemoveFromEventList               0x0800584c   Section        0  tasks.o(i.xTaskRemoveFromEventList)
    i.xTaskResumeAll                         0x080058bc   Section        0  tasks.o(i.xTaskResumeAll)
    i.xTimerCreateTimerTask                  0x08005980   Section        0  timers.o(i.xTimerCreateTimerTask)
    i.xTimerGenericCommand                   0x080059e0   Section        0  timers.o(i.xTimerGenericCommand)
    .constdata                               0x08005a48   Section       36  freertos.o(.constdata)
    .constdata                               0x08005a6c   Section        8  stm32f4xx_hal_dma.o(.constdata)
    flagBitshiftOffset                       0x08005a6c   Data           8  stm32f4xx_hal_dma.o(.constdata)
    .constdata                               0x08005a74   Section       16  system_stm32f4xx.o(.constdata)
    .constdata                               0x08005a84   Section        8  system_stm32f4xx.o(.constdata)
    .conststring                             0x08005a8c   Section       12  freertos.o(.conststring)
    .data                                    0x20000000   Section       40  gy86.o(.data)
    id_a                                     0x20000000   Data           1  gy86.o(.data)
    id_b                                     0x20000001   Data           1  gy86.o(.data)
    id_c                                     0x20000002   Data           1  gy86.o(.data)
    .data                                    0x20000028   Section        6  uart_task.o(.data)
    s_uart1RxOverflow                        0x20000028   Data           1  uart_task.o(.data)
    s_uart1RxByte                            0x20000029   Data           1  uart_task.o(.data)
    s_uart1RxHead                            0x2000002a   Data           2  uart_task.o(.data)
    s_uart1RxTail                            0x2000002c   Data           2  uart_task.o(.data)
    .data                                    0x20000030   Section       20  getppm_task.o(.data)
    g_ppmChi                                 0x20000030   Data           1  getppm_task.o(.data)
    g_last_capture                           0x20000034   Data           4  getppm_task.o(.data)
    g_now_capture                            0x2000003c   Data           4  getppm_task.o(.data)
    .data                                    0x20000044   Section        4  freertos.o(.data)
    .data                                    0x20000048   Section        8  i2c.o(.data)
    .data                                    0x20000050   Section       12  stm32f4xx_hal.o(.data)
    .data                                    0x2000005c   Section        4  system_stm32f4xx.o(.data)
    .data                                    0x20000060   Section       60  tasks.o(.data)
    uxDeletedTasksWaitingCleanUp             0x20000064   Data           4  tasks.o(.data)
    uxCurrentNumberOfTasks                   0x20000068   Data           4  tasks.o(.data)
    xTickCount                               0x2000006c   Data           4  tasks.o(.data)
    uxTopReadyPriority                       0x20000070   Data           4  tasks.o(.data)
    xSchedulerRunning                        0x20000074   Data           4  tasks.o(.data)
    xPendedTicks                             0x20000078   Data           4  tasks.o(.data)
    xYieldPending                            0x2000007c   Data           4  tasks.o(.data)
    xNumOfOverflows                          0x20000080   Data           4  tasks.o(.data)
    uxTaskNumber                             0x20000084   Data           4  tasks.o(.data)
    xNextTaskUnblockTime                     0x20000088   Data           4  tasks.o(.data)
    xIdleTaskHandle                          0x2000008c   Data           4  tasks.o(.data)
    uxSchedulerSuspended                     0x20000090   Data           4  tasks.o(.data)
    pxDelayedTaskList                        0x20000094   Data           4  tasks.o(.data)
    pxOverflowDelayedTaskList                0x20000098   Data           4  tasks.o(.data)
    .data                                    0x2000009c   Section       20  timers.o(.data)
    xTimerQueue                              0x2000009c   Data           4  timers.o(.data)
    xTimerTaskHandle                         0x200000a0   Data           4  timers.o(.data)
    xLastTime                                0x200000a4   Data           4  timers.o(.data)
    pxCurrentTimerList                       0x200000a8   Data           4  timers.o(.data)
    pxOverflowTimerList                      0x200000ac   Data           4  timers.o(.data)
    .data                                    0x200000b0   Section        4  cmsis_os2.o(.data)
    KernelState                              0x200000b0   Data           4  cmsis_os2.o(.data)
    .data                                    0x200000b4   Section       32  heap_4.o(.data)
    pxEnd                                    0x200000b4   Data           4  heap_4.o(.data)
    xFreeBytesRemaining                      0x200000b8   Data           4  heap_4.o(.data)
    xMinimumEverFreeBytesRemaining           0x200000bc   Data           4  heap_4.o(.data)
    xNumberOfSuccessfulAllocations           0x200000c0   Data           4  heap_4.o(.data)
    xNumberOfSuccessfulFrees                 0x200000c4   Data           4  heap_4.o(.data)
    xBlockAllocatedBit                       0x200000c8   Data           4  heap_4.o(.data)
    xStart                                   0x200000cc   Data           8  heap_4.o(.data)
    .data                                    0x200000d4   Section       12  port.o(.data)
    ucMaxSysCallPriority                     0x200000d4   Data           1  port.o(.data)
    uxCriticalNesting                        0x200000d8   Data           4  port.o(.data)
    ulMaxPRIGROUPValue                       0x200000dc   Data           4  port.o(.data)
    .data                                    0x200000e0   Section        4  stdout.o(.data)
    .bss                                     0x200000e4   Section      256  uart_task.o(.bss)
    s_uart1RxRing                            0x200000e4   Data         256  uart_task.o(.bss)
    .bss                                     0x200001e4   Section       18  getppm_task.o(.bss)
    .bss                                     0x200001f8   Section      276  i2c.o(.bss)
    .bss                                     0x2000030c   Section      144  tim.o(.bss)
    .bss                                     0x2000039c   Section      216  usart.o(.bss)
    .bss                                     0x20000474   Section       72  stm32f4xx_hal_timebase_tim.o(.bss)
    .bss                                     0x200004bc   Section       64  queue.o(.bss)
    .bss                                     0x200004fc   Section     1220  tasks.o(.bss)
    pxReadyTasksLists                        0x200004fc   Data        1120  tasks.o(.bss)
    xDelayedTaskList1                        0x2000095c   Data          20  tasks.o(.bss)
    xDelayedTaskList2                        0x20000970   Data          20  tasks.o(.bss)
    xPendingReadyList                        0x20000984   Data          20  tasks.o(.bss)
    xTasksWaitingTermination                 0x20000998   Data          20  tasks.o(.bss)
    xSuspendedTaskList                       0x200009ac   Data          20  tasks.o(.bss)
    .bss                                     0x200009c0   Section      280  timers.o(.bss)
    xStaticTimerQueue                        0x200009c0   Data          80  timers.o(.bss)
    ucStaticTimerQueueStorage                0x20000a10   Data         160  timers.o(.bss)
    xActiveTimerList1                        0x20000ab0   Data          20  timers.o(.bss)
    xActiveTimerList2                        0x20000ac4   Data          20  timers.o(.bss)
    .bss                                     0x20000ad8   Section     1720  cmsis_os2.o(.bss)
    Idle_TCB                                 0x20000ad8   Data          92  cmsis_os2.o(.bss)
    Idle_Stack                               0x20000b34   Data         512  cmsis_os2.o(.bss)
    Timer_TCB                                0x20000d34   Data          92  cmsis_os2.o(.bss)
    Timer_Stack                              0x20000d90   Data        1024  cmsis_os2.o(.bss)
    .bss                                     0x20001190   Section    15360  heap_4.o(.bss)
    ucHeap                                   0x20001190   Data       15360  heap_4.o(.bss)
    STACK                                    0x20004d90   Section     1024  startup_stm32f401xe.o(STACK)

    Global Symbols

    Symbol Name                              Value     Ov Type        Size  Object(Section)

    BuildAttributes$$THM_ISAv4$E$P$D$K$B$S$7EM$VFPi3$EXTD16$VFPS$VFMA$PE$A:L22UL41UL21$X:L11$S22US41US21$IEEE1$IW$USESV6$~STKCKD$USESV7$~SHL$OTIME$ROPI$IEEEX$EBA8$MICROLIB$REQ8$PRES8$EABIv2 0x00000000   Number         0  anon$$obj.o ABSOLUTE
    __ARM_use_no_argv                        0x00000000   Number         0  main.o ABSOLUTE
    _printf_a                                0x00000000   Number         0  stubs.o ABSOLUTE
    _printf_c                                0x00000000   Number         0  stubs.o ABSOLUTE
    _printf_charcount                        0x00000000   Number         0  stubs.o ABSOLUTE
    _printf_d                                0x00000000   Number         0  stubs.o ABSOLUTE
    _printf_e                                0x00000000   Number         0  stubs.o ABSOLUTE
    _printf_f                                0x00000000   Number         0  stubs.o ABSOLUTE
    _printf_flags                            0x00000000   Number         0  stubs.o ABSOLUTE
    _printf_fp_dec                           0x00000000   Number         0  stubs.o ABSOLUTE
    _printf_fp_hex                           0x00000000   Number         0  stubs.o ABSOLUTE
    _printf_g                                0x00000000   Number         0  stubs.o ABSOLUTE
    _printf_i                                0x00000000   Number         0  stubs.o ABSOLUTE
    _printf_int_dec                          0x00000000   Number         0  stubs.o ABSOLUTE
    _printf_l                                0x00000000   Number         0  stubs.o ABSOLUTE
    _printf_lc                               0x00000000   Number         0  stubs.o ABSOLUTE
    _printf_ll                               0x00000000   Number         0  stubs.o ABSOLUTE
    _printf_lld                              0x00000000   Number         0  stubs.o ABSOLUTE
    _printf_lli                              0x00000000   Number         0  stubs.o ABSOLUTE
    _printf_llo                              0x00000000   Number         0  stubs.o ABSOLUTE
    _printf_llu                              0x00000000   Number         0  stubs.o ABSOLUTE
    _printf_llx                              0x00000000   Number         0  stubs.o ABSOLUTE
    _printf_longlong_dec                     0x00000000   Number         0  stubs.o ABSOLUTE
    _printf_longlong_hex                     0x00000000   Number         0  stubs.o ABSOLUTE
    _printf_longlong_oct                     0x00000000   Number         0  stubs.o ABSOLUTE
    _printf_ls                               0x00000000   Number         0  stubs.o ABSOLUTE
    _printf_mbtowc                           0x00000000   Number         0  stubs.o ABSOLUTE
    _printf_n                                0x00000000   Number         0  stubs.o ABSOLUTE
    _printf_o                                0x00000000   Number         0  stubs.o ABSOLUTE
    _printf_p                                0x00000000   Number         0  stubs.o ABSOLUTE
    _printf_percent                          0x00000000   Number         0  stubs.o ABSOLUTE
    _printf_pre_padding                      0x00000000   Number         0  stubs.o ABSOLUTE
    _printf_return_value                     0x00000000   Number         0  stubs.o ABSOLUTE
    _printf_s                                0x00000000   Number         0  stubs.o ABSOLUTE
    _printf_sizespec                         0x00000000   Number         0  stubs.o ABSOLUTE
    _printf_str                              0x00000000   Number         0  stubs.o ABSOLUTE
    _printf_truncate_signed                  0x00000000   Number         0  stubs.o ABSOLUTE
    _printf_truncate_unsigned                0x00000000   Number         0  stubs.o ABSOLUTE
    _printf_u                                0x00000000   Number         0  stubs.o ABSOLUTE
    _printf_wc                               0x00000000   Number         0  stubs.o ABSOLUTE
    _printf_wctomb                           0x00000000   Number         0  stubs.o ABSOLUTE
    _printf_widthprec                        0x00000000   Number         0  stubs.o ABSOLUTE
    _printf_x                                0x00000000   Number         0  stubs.o ABSOLUTE
    __cpp_initialize__aeabi_                  - Undefined Weak Reference
    __cxa_finalize                            - Undefined Weak Reference
    __decompress                              - Undefined Weak Reference
    _clock_init                               - Undefined Weak Reference
    _microlib_exit                            - Undefined Weak Reference
    __Vectors_Size                           0x00000194   Number         0  startup_stm32f401xe.o ABSOLUTE
    __Vectors                                0x08000000   Data           4  startup_stm32f401xe.o(RESET)
    __Vectors_End                            0x08000194   Data           0  startup_stm32f401xe.o(RESET)
    __main                                   0x08000195   Thumb Code     0  entry.o(.ARM.Collect$$$$00000000)
    _main_stk                                0x08000195   Thumb Code     0  entry2.o(.ARM.Collect$$$$00000001)
    _main_scatterload                        0x08000199   Thumb Code     0  entry5.o(.ARM.Collect$$$$00000004)
    __main_after_scatterload                 0x0800019d   Thumb Code     0  entry5.o(.ARM.Collect$$$$00000004)
    _main_clock                              0x0800019d   Thumb Code     0  entry7b.o(.ARM.Collect$$$$00000008)
    _main_cpp_init                           0x0800019d   Thumb Code     0  entry8b.o(.ARM.Collect$$$$0000000A)
    _main_init                               0x0800019d   Thumb Code     0  entry9a.o(.ARM.Collect$$$$0000000B)
    __rt_final_cpp                           0x080001a5   Thumb Code     0  entry10a.o(.ARM.Collect$$$$0000000D)
    __rt_final_exit                          0x080001a5   Thumb Code     0  entry11a.o(.ARM.Collect$$$$0000000F)
    SVC_Handler                              0x080001a9   Thumb Code    28  port.o(.emb_text)
    __asm___6_port_c_39a90d8d__prvStartFirstTask 0x080001c9   Thumb Code    36  port.o(.emb_text)
    __asm___6_port_c_39a90d8d__prvEnableVFP  0x080001f1   Thumb Code    16  port.o(.emb_text)
    PendSV_Handler                           0x08000205   Thumb Code    88  port.o(.emb_text)
    vPortGetIPSR                             0x08000261   Thumb Code     6  port.o(.emb_text)
    Reset_Handler                            0x08000269   Thumb Code     8  startup_stm32f401xe.o(.text)
    ADC_IRQHandler                           0x08000283   Thumb Code     0  startup_stm32f401xe.o(.text)
    DMA1_Stream1_IRQHandler                  0x08000283   Thumb Code     0  startup_stm32f401xe.o(.text)
    DMA1_Stream2_IRQHandler                  0x08000283   Thumb Code     0  startup_stm32f401xe.o(.text)
    DMA1_Stream3_IRQHandler                  0x08000283   Thumb Code     0  startup_stm32f401xe.o(.text)
    DMA1_Stream4_IRQHandler                  0x08000283   Thumb Code     0  startup_stm32f401xe.o(.text)
    DMA1_Stream5_IRQHandler                  0x08000283   Thumb Code     0  startup_stm32f401xe.o(.text)
    DMA1_Stream7_IRQHandler                  0x08000283   Thumb Code     0  startup_stm32f401xe.o(.text)
    DMA2_Stream0_IRQHandler                  0x08000283   Thumb Code     0  startup_stm32f401xe.o(.text)
    DMA2_Stream1_IRQHandler                  0x08000283   Thumb Code     0  startup_stm32f401xe.o(.text)
    DMA2_Stream2_IRQHandler                  0x08000283   Thumb Code     0  startup_stm32f401xe.o(.text)
    DMA2_Stream3_IRQHandler                  0x08000283   Thumb Code     0  startup_stm32f401xe.o(.text)
    DMA2_Stream4_IRQHandler                  0x08000283   Thumb Code     0  startup_stm32f401xe.o(.text)
    DMA2_Stream5_IRQHandler                  0x08000283   Thumb Code     0  startup_stm32f401xe.o(.text)
    DMA2_Stream6_IRQHandler                  0x08000283   Thumb Code     0  startup_stm32f401xe.o(.text)
    DMA2_Stream7_IRQHandler                  0x08000283   Thumb Code     0  startup_stm32f401xe.o(.text)
    EXTI0_IRQHandler                         0x08000283   Thumb Code     0  startup_stm32f401xe.o(.text)
    EXTI15_10_IRQHandler                     0x08000283   Thumb Code     0  startup_stm32f401xe.o(.text)
    EXTI1_IRQHandler                         0x08000283   Thumb Code     0  startup_stm32f401xe.o(.text)
    EXTI2_IRQHandler                         0x08000283   Thumb Code     0  startup_stm32f401xe.o(.text)
    EXTI3_IRQHandler                         0x08000283   Thumb Code     0  startup_stm32f401xe.o(.text)
    EXTI4_IRQHandler                         0x08000283   Thumb Code     0  startup_stm32f401xe.o(.text)
    EXTI9_5_IRQHandler                       0x08000283   Thumb Code     0  startup_stm32f401xe.o(.text)
    FLASH_IRQHandler                         0x08000283   Thumb Code     0  startup_stm32f401xe.o(.text)
    FPU_IRQHandler                           0x08000283   Thumb Code     0  startup_stm32f401xe.o(.text)
    I2C2_ER_IRQHandler                       0x08000283   Thumb Code     0  startup_stm32f401xe.o(.text)
    I2C2_EV_IRQHandler                       0x08000283   Thumb Code     0  startup_stm32f401xe.o(.text)
    I2C3_ER_IRQHandler                       0x08000283   Thumb Code     0  startup_stm32f401xe.o(.text)
    I2C3_EV_IRQHandler                       0x08000283   Thumb Code     0  startup_stm32f401xe.o(.text)
    OTG_FS_IRQHandler                        0x08000283   Thumb Code     0  startup_stm32f401xe.o(.text)
    OTG_FS_WKUP_IRQHandler                   0x08000283   Thumb Code     0  startup_stm32f401xe.o(.text)
    PVD_IRQHandler                           0x08000283   Thumb Code     0  startup_stm32f401xe.o(.text)
    RCC_IRQHandler                           0x08000283   Thumb Code     0  startup_stm32f401xe.o(.text)
    RTC_Alarm_IRQHandler                     0x08000283   Thumb Code     0  startup_stm32f401xe.o(.text)
    RTC_WKUP_IRQHandler                      0x08000283   Thumb Code     0  startup_stm32f401xe.o(.text)
    SDIO_IRQHandler                          0x08000283   Thumb Code     0  startup_stm32f401xe.o(.text)
    SPI1_IRQHandler                          0x08000283   Thumb Code     0  startup_stm32f401xe.o(.text)
    SPI2_IRQHandler                          0x08000283   Thumb Code     0  startup_stm32f401xe.o(.text)
    SPI3_IRQHandler                          0x08000283   Thumb Code     0  startup_stm32f401xe.o(.text)
    SPI4_IRQHandler                          0x08000283   Thumb Code     0  startup_stm32f401xe.o(.text)
    TAMP_STAMP_IRQHandler                    0x08000283   Thumb Code     0  startup_stm32f401xe.o(.text)
    TIM1_BRK_TIM9_IRQHandler                 0x08000283   Thumb Code     0  startup_stm32f401xe.o(.text)
    TIM1_CC_IRQHandler                       0x08000283   Thumb Code     0  startup_stm32f401xe.o(.text)
    TIM1_TRG_COM_TIM11_IRQHandler            0x08000283   Thumb Code     0  startup_stm32f401xe.o(.text)
    TIM3_IRQHandler                          0x08000283   Thumb Code     0  startup_stm32f401xe.o(.text)
    TIM4_IRQHandler                          0x08000283   Thumb Code     0  startup_stm32f401xe.o(.text)
    TIM5_IRQHandler                          0x08000283   Thumb Code     0  startup_stm32f401xe.o(.text)
    USART2_IRQHandler                        0x08000283   Thumb Code     0  startup_stm32f401xe.o(.text)
    WWDG_IRQHandler                          0x08000283   Thumb Code     0  startup_stm32f401xe.o(.text)
    __aeabi_uldivmod                         0x0800028d   Thumb Code    98  uldiv.o(.text)
    __aeabi_memcpy                           0x080002ef   Thumb Code    36  memcpya.o(.text)
    __aeabi_memcpy4                          0x080002ef   Thumb Code     0  memcpya.o(.text)
    __aeabi_memcpy8                          0x080002ef   Thumb Code     0  memcpya.o(.text)
    __aeabi_memset                           0x08000313   Thumb Code    14  memseta.o(.text)
    __aeabi_memset4                          0x08000313   Thumb Code     0  memseta.o(.text)
    __aeabi_memset8                          0x08000313   Thumb Code     0  memseta.o(.text)
    __aeabi_memclr                           0x08000321   Thumb Code     4  memseta.o(.text)
    __aeabi_memclr4                          0x08000321   Thumb Code     0  memseta.o(.text)
    __aeabi_memclr8                          0x08000321   Thumb Code     0  memseta.o(.text)
    memset                                   0x08000325   Thumb Code    18  memseta.o(.text)
    __aeabi_llsl                             0x08000337   Thumb Code    30  llshl.o(.text)
    _ll_shift_l                              0x08000337   Thumb Code     0  llshl.o(.text)
    __aeabi_llsr                             0x08000355   Thumb Code    32  llushr.o(.text)
    _ll_ushift_r                             0x08000355   Thumb Code     0  llushr.o(.text)
    __scatterload                            0x08000375   Thumb Code    28  init.o(.text)
    __scatterload_rt2                        0x08000375   Thumb Code     0  init.o(.text)
    BusFault_Handler                         0x08000399   Thumb Code     2  stm32f4xx_it.o(i.BusFault_Handler)
    DMA1_Stream0_IRQHandler                  0x0800039d   Thumb Code     6  stm32f4xx_it.o(i.DMA1_Stream0_IRQHandler)
    DMA1_Stream6_IRQHandler                  0x080003a9   Thumb Code     6  stm32f4xx_it.o(i.DMA1_Stream6_IRQHandler)
    DebugMon_Handler                         0x08000431   Thumb Code     2  stm32f4xx_it.o(i.DebugMon_Handler)
    DelayUs_Init                             0x08000435   Thumb Code    36  delay.o(i.DelayUs_Init)
    Delay_ms                                 0x08000461   Thumb Code    22  delay.o(i.Delay_ms)
    Delay_us                                 0x08000479   Thumb Code    32  delay.o(i.Delay_us)
    Error_Handler                            0x080004a5   Thumb Code     4  main.o(i.Error_Handler)
    HAL_DMA_Abort                            0x080004a9   Thumb Code   146  stm32f4xx_hal_dma.o(i.HAL_DMA_Abort)
    HAL_DMA_Abort_IT                         0x0800053b   Thumb Code    36  stm32f4xx_hal_dma.o(i.HAL_DMA_Abort_IT)
    HAL_DMA_GetState                         0x0800055f   Thumb Code     6  stm32f4xx_hal_dma.o(i.HAL_DMA_GetState)
    HAL_DMA_IRQHandler                       0x08000565   Thumb Code   412  stm32f4xx_hal_dma.o(i.HAL_DMA_IRQHandler)
    HAL_DMA_Init                             0x08000705   Thumb Code   206  stm32f4xx_hal_dma.o(i.HAL_DMA_Init)
    HAL_GPIO_Init                            0x080007d9   Thumb Code   446  stm32f4xx_hal_gpio.o(i.HAL_GPIO_Init)
    HAL_GPIO_WritePin                        0x080009b9   Thumb Code    10  stm32f4xx_hal_gpio.o(i.HAL_GPIO_WritePin)
    HAL_GetTick                              0x080009c5   Thumb Code     6  stm32f4xx_hal.o(i.HAL_GetTick)
    HAL_I2C_AbortCpltCallback                0x080009d1   Thumb Code     2  stm32f4xx_hal_i2c.o(i.HAL_I2C_AbortCpltCallback)
    HAL_I2C_AddrCallback                     0x080009d3   Thumb Code     2  stm32f4xx_hal_i2c.o(i.HAL_I2C_AddrCallback)
    HAL_I2C_ER_IRQHandler                    0x080009d5   Thumb Code   186  stm32f4xx_hal_i2c.o(i.HAL_I2C_ER_IRQHandler)
    HAL_I2C_EV_IRQHandler                    0x08000a8f   Thumb Code   560  stm32f4xx_hal_i2c.o(i.HAL_I2C_EV_IRQHandler)
    HAL_I2C_ErrorCallback                    0x08000cc1   Thumb Code    46  i2c.o(i.HAL_I2C_ErrorCallback)
    HAL_I2C_Init                             0x08000cfd   Thumb Code   376  stm32f4xx_hal_i2c.o(i.HAL_I2C_Init)
    HAL_I2C_ListenCpltCallback               0x08000e85   Thumb Code     2  stm32f4xx_hal_i2c.o(i.HAL_I2C_ListenCpltCallback)
    HAL_I2C_MasterRxCpltCallback             0x08000e89   Thumb Code    46  i2c.o(i.HAL_I2C_MasterRxCpltCallback)
    HAL_I2C_MasterTxCpltCallback             0x08000ec5   Thumb Code    46  i2c.o(i.HAL_I2C_MasterTxCpltCallback)
    HAL_I2C_MemRxCpltCallback                0x08000f01   Thumb Code    46  i2c.o(i.HAL_I2C_MemRxCpltCallback)
    HAL_I2C_MemTxCpltCallback                0x08000f3d   Thumb Code    46  i2c.o(i.HAL_I2C_MemTxCpltCallback)
    HAL_I2C_Mem_Write                        0x08000f79   Thumb Code   294  stm32f4xx_hal_i2c.o(i.HAL_I2C_Mem_Write)
    HAL_I2C_MspInit                          0x080010a9   Thumb Code   232  i2c.o(i.HAL_I2C_MspInit)
    HAL_I2C_SlaveRxCpltCallback              0x080011a5   Thumb Code     2  stm32f4xx_hal_i2c.o(i.HAL_I2C_SlaveRxCpltCallback)
    HAL_I2C_SlaveTxCpltCallback              0x080011a7   Thumb Code     2  stm32f4xx_hal_i2c.o(i.HAL_I2C_SlaveTxCpltCallback)
    HAL_IncTick                              0x080011a9   Thumb Code    12  stm32f4xx_hal.o(i.HAL_IncTick)
    HAL_Init                                 0x080011b9   Thumb Code    48  stm32f4xx_hal.o(i.HAL_Init)
    HAL_InitTick                             0x080011ed   Thumb Code   118  stm32f4xx_hal_timebase_tim.o(i.HAL_InitTick)
    HAL_MspInit                              0x08001279   Thumb Code    52  stm32f4xx_hal_msp.o(i.HAL_MspInit)
    HAL_NVIC_EnableIRQ                       0x080012b1   Thumb Code    26  stm32f4xx_hal_cortex.o(i.HAL_NVIC_EnableIRQ)
    HAL_NVIC_SetPriority                     0x080012cd   Thumb Code    60  stm32f4xx_hal_cortex.o(i.HAL_NVIC_SetPriority)
    HAL_NVIC_SetPriorityGrouping             0x0800130d   Thumb Code    26  stm32f4xx_hal_cortex.o(i.HAL_NVIC_SetPriorityGrouping)
    HAL_RCC_ClockConfig                      0x08001331   Thumb Code   288  stm32f4xx_hal_rcc.o(i.HAL_RCC_ClockConfig)
    HAL_RCC_GetClockConfig                   0x08001465   Thumb Code    54  stm32f4xx_hal_rcc.o(i.HAL_RCC_GetClockConfig)
    HAL_RCC_GetPCLK1Freq                     0x080014a5   Thumb Code    20  stm32f4xx_hal_rcc.o(i.HAL_RCC_GetPCLK1Freq)
    HAL_RCC_GetPCLK2Freq                     0x080014c5   Thumb Code    20  stm32f4xx_hal_rcc.o(i.HAL_RCC_GetPCLK2Freq)
    HAL_RCC_GetSysClockFreq                  0x080014e5   Thumb Code    88  stm32f4xx_hal_rcc.o(i.HAL_RCC_GetSysClockFreq)
    HAL_RCC_OscConfig                        0x08001545   Thumb Code   856  stm32f4xx_hal_rcc.o(i.HAL_RCC_OscConfig)
    HAL_TIMEx_BreakCallback                  0x080018b1   Thumb Code     2  stm32f4xx_hal_tim_ex.o(i.HAL_TIMEx_BreakCallback)
    HAL_TIMEx_CommutCallback                 0x080018b3   Thumb Code     2  stm32f4xx_hal_tim_ex.o(i.HAL_TIMEx_CommutCallback)
    HAL_TIMEx_MasterConfigSynchronization    0x080018b5   Thumb Code   104  stm32f4xx_hal_tim_ex.o(i.HAL_TIMEx_MasterConfigSynchronization)
    HAL_TIM_Base_Init                        0x08001931   Thumb Code    90  stm32f4xx_hal_tim.o(i.HAL_TIM_Base_Init)
    HAL_TIM_Base_MspInit                     0x0800198d   Thumb Code   130  tim.o(i.HAL_TIM_Base_MspInit)
    HAL_TIM_Base_Start_IT                    0x08001a1d   Thumb Code    88  stm32f4xx_hal_tim.o(i.HAL_TIM_Base_Start_IT)
    HAL_TIM_ConfigClockSource                0x08001a89   Thumb Code   220  stm32f4xx_hal_tim.o(i.HAL_TIM_ConfigClockSource)
    HAL_TIM_IC_CaptureCallback               0x08001b65   Thumb Code   106  getppm_task.o(i.HAL_TIM_IC_CaptureCallback)
    HAL_TIM_IC_ConfigChannel                 0x08001be1   Thumb Code   292  stm32f4xx_hal_tim.o(i.HAL_TIM_IC_ConfigChannel)
    HAL_TIM_IC_Init                          0x08001d05   Thumb Code    90  stm32f4xx_hal_tim.o(i.HAL_TIM_IC_Init)
    HAL_TIM_IC_MspInit                       0x08001d5f   Thumb Code     2  stm32f4xx_hal_tim.o(i.HAL_TIM_IC_MspInit)
    HAL_TIM_IRQHandler                       0x08001d61   Thumb Code   304  stm32f4xx_hal_tim.o(i.HAL_TIM_IRQHandler)
    HAL_TIM_MspPostInit                      0x08001e91   Thumb Code    70  tim.o(i.HAL_TIM_MspPostInit)
    HAL_TIM_OC_DelayElapsedCallback          0x08001ee5   Thumb Code     2  stm32f4xx_hal_tim.o(i.HAL_TIM_OC_DelayElapsedCallback)
    HAL_TIM_PWM_ConfigChannel                0x08001ee7   Thumb Code   204  stm32f4xx_hal_tim.o(i.HAL_TIM_PWM_ConfigChannel)
    HAL_TIM_PWM_Init                         0x08001fb3   Thumb Code    90  stm32f4xx_hal_tim.o(i.HAL_TIM_PWM_Init)
    HAL_TIM_PWM_MspInit                      0x0800200d   Thumb Code     2  stm32f4xx_hal_tim.o(i.HAL_TIM_PWM_MspInit)
    HAL_TIM_PWM_PulseFinishedCallback        0x0800200f   Thumb Code     2  stm32f4xx_hal_tim.o(i.HAL_TIM_PWM_PulseFinishedCallback)
    HAL_TIM_PWM_Start                        0x08002011   Thumb Code   156  stm32f4xx_hal_tim.o(i.HAL_TIM_PWM_Start)
    HAL_TIM_PeriodElapsedCallback            0x080020c1   Thumb Code    14  main.o(i.HAL_TIM_PeriodElapsedCallback)
    HAL_TIM_ReadCapturedValue                0x080020d5   Thumb Code    42  stm32f4xx_hal_tim.o(i.HAL_TIM_ReadCapturedValue)
    HAL_TIM_TriggerCallback                  0x080020ff   Thumb Code     2  stm32f4xx_hal_tim.o(i.HAL_TIM_TriggerCallback)
    HAL_UARTEx_RxEventCallback               0x08002101   Thumb Code     2  stm32f4xx_hal_uart.o(i.HAL_UARTEx_RxEventCallback)
    HAL_UART_ErrorCallback                   0x08002103   Thumb Code     2  stm32f4xx_hal_uart.o(i.HAL_UART_ErrorCallback)
    HAL_UART_IRQHandler                      0x08002105   Thumb Code   636  stm32f4xx_hal_uart.o(i.HAL_UART_IRQHandler)
    HAL_UART_Init                            0x08002385   Thumb Code   100  stm32f4xx_hal_uart.o(i.HAL_UART_Init)
    HAL_UART_MspInit                         0x080023e9   Thumb Code   248  usart.o(i.HAL_UART_MspInit)
    HAL_UART_Receive_IT                      0x080024f9   Thumb Code    28  stm32f4xx_hal_uart.o(i.HAL_UART_Receive_IT)
    HAL_UART_RxCpltCallback                  0x08002515   Thumb Code    50  uart_task.o(i.HAL_UART_RxCpltCallback)
    HAL_UART_Transmit                        0x08002555   Thumb Code   160  stm32f4xx_hal_uart.o(i.HAL_UART_Transmit)
    HAL_UART_TxCpltCallback                  0x080025f5   Thumb Code     2  stm32f4xx_hal_uart.o(i.HAL_UART_TxCpltCallback)
    HardFault_Handler                        0x080025f7   Thumb Code     2  stm32f4xx_it.o(i.HardFault_Handler)
    I2C1_ER_IRQHandler                       0x080025f9   Thumb Code     6  stm32f4xx_it.o(i.I2C1_ER_IRQHandler)
    I2C1_EV_IRQHandler                       0x08002605   Thumb Code     6  stm32f4xx_it.o(i.I2C1_EV_IRQHandler)
    MX_DMA_Init                              0x08003291   Thumb Code    56  dma.o(i.MX_DMA_Init)
    MX_FREERTOS_Init                         0x080032cd   Thumb Code    94  freertos.o(i.MX_FREERTOS_Init)
    MX_GPIO_Init                             0x0800335d   Thumb Code   272  gpio.o(i.MX_GPIO_Init)
    MX_I2C1_Init                             0x08003481   Thumb Code    94  i2c.o(i.MX_I2C1_Init)
    MX_TIM2_Init                             0x080034f1   Thumb Code   156  tim.o(i.MX_TIM2_Init)
    MX_TIM3_Init                             0x08003591   Thumb Code   192  tim.o(i.MX_TIM3_Init)
    MX_USART1_UART_Init                      0x08003659   Thumb Code    48  usart.o(i.MX_USART1_UART_Init)
    MX_USART2_UART_Init                      0x08003691   Thumb Code    48  usart.o(i.MX_USART2_UART_Init)
    MX_USART6_UART_Init                      0x080036c9   Thumb Code    48  usart.o(i.MX_USART6_UART_Init)
    MemManage_Handler                        0x08003701   Thumb Code     2  stm32f4xx_it.o(i.MemManage_Handler)
    NMI_Handler                              0x08003703   Thumb Code     2  stm32f4xx_it.o(i.NMI_Handler)
    StartDefaultTask                         0x08003705   Thumb Code     8  freertos.o(i.StartDefaultTask)
    SysTick_Handler                          0x0800370d   Thumb Code    26  cmsis_os2.o(i.SysTick_Handler)
    SystemClock_Config                       0x08003729   Thumb Code   140  main.o(i.SystemClock_Config)
    SystemInit                               0x080037bd   Thumb Code    12  system_stm32f4xx.o(i.SystemInit)
    TIM1_UP_TIM10_IRQHandler                 0x080037cd   Thumb Code     6  stm32f4xx_it.o(i.TIM1_UP_TIM10_IRQHandler)
    TIM2_IRQHandler                          0x080037d9   Thumb Code     6  stm32f4xx_it.o(i.TIM2_IRQHandler)
    TIM_Base_SetConfig                       0x080037e5   Thumb Code   130  stm32f4xx_hal_tim.o(i.TIM_Base_SetConfig)
    TIM_CCxChannelCmd                        0x08003885   Thumb Code    26  stm32f4xx_hal_tim.o(i.TIM_CCxChannelCmd)
    TIM_ETR_SetConfig                        0x0800389f   Thumb Code    20  stm32f4xx_hal_tim.o(i.TIM_ETR_SetConfig)
    TIM_OC2_SetConfig                        0x08003915   Thumb Code    84  stm32f4xx_hal_tim.o(i.TIM_OC2_SetConfig)
    TIM_TI1_SetConfig                        0x08003a2d   Thumb Code    88  stm32f4xx_hal_tim.o(i.TIM_TI1_SetConfig)
    UART_Start_Receive_IT                    0x08003d1d   Thumb Code    54  stm32f4xx_hal_uart.o(i.UART_Start_Receive_IT)
    USART1_IRQHandler                        0x08003dc5   Thumb Code     6  stm32f4xx_it.o(i.USART1_IRQHandler)
    USART6_IRQHandler                        0x08003dd1   Thumb Code     6  stm32f4xx_it.o(i.USART6_IRQHandler)
    Uart_Debug_Task                          0x08003ddd   Thumb Code     4  freertos.o(i.Uart_Debug_Task)
    Uart_Send_Task                           0x08003de1   Thumb Code    26  uart_task.o(i.Uart_Send_Task)
    UsageFault_Handler                       0x08003e09   Thumb Code     2  stm32f4xx_it.o(i.UsageFault_Handler)
    __0printf$4                              0x08003e0d   Thumb Code    22  printf4.o(i.__0printf$4)
    __1printf$4                              0x08003e0d   Thumb Code     0  printf4.o(i.__0printf$4)
    __2printf                                0x08003e0d   Thumb Code     0  printf4.o(i.__0printf$4)
    __scatterload_copy                       0x08003e4d   Thumb Code    14  handlers.o(i.__scatterload_copy)
    __scatterload_null                       0x08003e5b   Thumb Code     2  handlers.o(i.__scatterload_null)
    __scatterload_zeroinit                   0x08003e5d   Thumb Code    14  handlers.o(i.__scatterload_zeroinit)
    fputc                                    0x08004099   Thumb Code    20  usart.o(i.fputc)
    main                                     0x080040b1   Thumb Code   160  main.o(i.main)
    osDelay                                  0x0800415d   Thumb Code    26  cmsis_os2.o(i.osDelay)
    osKernelInitialize                       0x08004179   Thumb Code    32  cmsis_os2.o(i.osKernelInitialize)
    osKernelStart                            0x0800419d   Thumb Code    48  cmsis_os2.o(i.osKernelStart)
    osThreadNew                              0x080041d5   Thumb Code   138  cmsis_os2.o(i.osThreadNew)
    pvPortMalloc                             0x08004a0d   Thumb Code   216  heap_4.o(i.pvPortMalloc)
    pxPortInitialiseStack                    0x08004ae9   Thumb Code    40  port.o(i.pxPortInitialiseStack)
    uxListRemove                             0x08004b29   Thumb Code    38  list.o(i.uxListRemove)
    vApplicationGetIdleTaskMemory            0x08004b51   Thumb Code    16  cmsis_os2.o(i.vApplicationGetIdleTaskMemory)
    vApplicationGetTimerTaskMemory           0x08004b65   Thumb Code    18  cmsis_os2.o(i.vApplicationGetTimerTaskMemory)
    vListInitialise                          0x08004b7d   Thumb Code    22  list.o(i.vListInitialise)
    vListInitialiseItem                      0x08004b93   Thumb Code     6  list.o(i.vListInitialiseItem)
    vListInsert                              0x08004b99   Thumb Code    48  list.o(i.vListInsert)
    vListInsertEnd                           0x08004bc9   Thumb Code    24  list.o(i.vListInsertEnd)
    vPortEnterCritical                       0x08004be1   Thumb Code    54  port.o(i.vPortEnterCritical)
    vPortExitCritical                        0x08004c21   Thumb Code    34  port.o(i.vPortExitCritical)
    vPortFree                                0x08004c49   Thumb Code    94  heap_4.o(i.vPortFree)
    vPortSetupTimerInterrupt                 0x08004cad   Thumb Code    32  port.o(i.vPortSetupTimerInterrupt)
    vPortValidateInterruptPriority           0x08004cd1   Thumb Code    74  port.o(i.vPortValidateInterruptPriority)
    vQueueAddToRegistry                      0x08004d25   Thumb Code    34  queue.o(i.vQueueAddToRegistry)
    vQueueWaitForMessageRestricted           0x08004d4d   Thumb Code    68  queue.o(i.vQueueWaitForMessageRestricted)
    vTaskDelay                               0x08004d91   Thumb Code    66  tasks.o(i.vTaskDelay)
    vTaskInternalSetTimeOutState             0x08004ddd   Thumb Code    12  tasks.o(i.vTaskInternalSetTimeOutState)
    vTaskMissedYield                         0x08004ded   Thumb Code     8  tasks.o(i.vTaskMissedYield)
    vTaskPlaceOnEventList                    0x08004df9   Thumb Code    44  tasks.o(i.vTaskPlaceOnEventList)
    vTaskPlaceOnEventListRestricted          0x08004e29   Thumb Code    52  tasks.o(i.vTaskPlaceOnEventListRestricted)
    vTaskStartScheduler                      0x08004e61   Thumb Code   118  tasks.o(i.vTaskStartScheduler)
    vTaskSuspendAll                          0x08004ee9   Thumb Code    10  tasks.o(i.vTaskSuspendAll)
    vTaskSwitchContext                       0x08004ef9   Thumb Code    90  tasks.o(i.vTaskSwitchContext)
    xPortStartScheduler                      0x08004f5d   Thumb Code   222  port.o(i.xPortStartScheduler)
    xPortSysTickHandler                      0x08005051   Thumb Code    38  port.o(i.xPortSysTickHandler)
    xQueueCreateMutex                        0x0800507d   Thumb Code    22  queue.o(i.xQueueCreateMutex)
    xQueueGenericCreate                      0x08005093   Thumb Code    66  queue.o(i.xQueueGenericCreate)
    xQueueGenericCreateStatic                0x080050d5   Thumb Code   102  queue.o(i.xQueueGenericCreateStatic)
    xQueueGenericReset                       0x0800513d   Thumb Code   132  queue.o(i.xQueueGenericReset)
    xQueueGenericSend                        0x080051c5   Thumb Code   346  queue.o(i.xQueueGenericSend)
    xQueueGenericSendFromISR                 0x08005325   Thumb Code   190  queue.o(i.xQueueGenericSendFromISR)
    xQueueGiveFromISR                        0x080053e3   Thumb Code   156  queue.o(i.xQueueGiveFromISR)
    xQueueReceive                            0x08005481   Thumb Code   308  queue.o(i.xQueueReceive)
    xTaskCheckForTimeOut                     0x080055b9   Thumb Code   112  tasks.o(i.xTaskCheckForTimeOut)
    xTaskCreate                              0x0800562d   Thumb Code    90  tasks.o(i.xTaskCreate)
    xTaskCreateStatic                        0x08005687   Thumb Code    86  tasks.o(i.xTaskCreateStatic)
    xTaskGetSchedulerState                   0x080056dd   Thumb Code    22  tasks.o(i.xTaskGetSchedulerState)
    xTaskGetTickCount                        0x080056f9   Thumb Code     6  tasks.o(i.xTaskGetTickCount)
    xTaskIncrementTick                       0x08005705   Thumb Code   192  tasks.o(i.xTaskIncrementTick)
    xTaskPriorityDisinherit                  0x080057cd   Thumb Code   118  tasks.o(i.xTaskPriorityDisinherit)
    xTaskRemoveFromEventList                 0x0800584d   Thumb Code    98  tasks.o(i.xTaskRemoveFromEventList)
    xTaskResumeAll                           0x080058bd   Thumb Code   182  tasks.o(i.xTaskResumeAll)
    xTimerCreateTimerTask                    0x08005981   Thumb Code    78  timers.o(i.xTimerCreateTimerTask)
    xTimerGenericCommand                     0x080059e1   Thumb Code    98  timers.o(i.xTimerGenericCommand)
    defaultTask_attributes                   0x08005a48   Data          36  freertos.o(.constdata)
    AHBPrescTable                            0x08005a74   Data          16  system_stm32f4xx.o(.constdata)
    APBPrescTable                            0x08005a84   Data           8  system_stm32f4xx.o(.constdata)
    Region$$Table$$Base                      0x08005a98   Number         0  anon$$obj.o(Region$$Table)
    Region$$Table$$Limit                     0x08005ab8   Number         0  anon$$obj.o(Region$$Table)
    ac1                                      0x20000004   Data           2  gy86.o(.data)
    ac2                                      0x20000006   Data           2  gy86.o(.data)
    ac3                                      0x20000008   Data           2  gy86.o(.data)
    ac4                                      0x2000000a   Data           2  gy86.o(.data)
    ac5                                      0x2000000c   Data           2  gy86.o(.data)
    ac6                                      0x2000000e   Data           2  gy86.o(.data)
    b1                                       0x20000010   Data           2  gy86.o(.data)
    b2                                       0x20000012   Data           2  gy86.o(.data)
    mb                                       0x20000014   Data           2  gy86.o(.data)
    mc                                       0x20000016   Data           2  gy86.o(.data)
    md                                       0x20000018   Data           2  gy86.o(.data)
    QueueGYROACCEL                           0x2000001c   Data           4  gy86.o(.data)
    QueueMAG                                 0x20000020   Data           4  gy86.o(.data)
    QueuePressure                            0x20000024   Data           4  gy86.o(.data)
    xHigherPriorityTaskWoken                 0x20000038   Data           4  getppm_task.o(.data)
    QueuePPM                                 0x20000040   Data           4  getppm_task.o(.data)
    defaultTaskHandle                        0x20000044   Data           4  freertos.o(.data)
    I2CMutex                                 0x20000048   Data           4  i2c.o(.data)
    I2CDoneSemaphore                         0x2000004c   Data           4  i2c.o(.data)
    uwTickFreq                               0x20000050   Data           1  stm32f4xx_hal.o(.data)
    uwTickPrio                               0x20000054   Data           4  stm32f4xx_hal.o(.data)
    uwTick                                   0x20000058   Data           4  stm32f4xx_hal.o(.data)
    SystemCoreClock                          0x2000005c   Data           4  system_stm32f4xx.o(.data)
    pxCurrentTCB                             0x20000060   Data           4  tasks.o(.data)
    __stdout                                 0x200000e0   Data           4  stdout.o(.data)
    idata                                    0x200001e4   Data          18  getppm_task.o(.bss)
    hi2c1                                    0x200001f8   Data          84  i2c.o(.bss)
    hdma_i2c1_rx                             0x2000024c   Data          96  i2c.o(.bss)
    hdma_i2c1_tx                             0x200002ac   Data          96  i2c.o(.bss)
    htim2                                    0x2000030c   Data          72  tim.o(.bss)
    htim3                                    0x20000354   Data          72  tim.o(.bss)
    huart1                                   0x2000039c   Data          72  usart.o(.bss)
    huart2                                   0x200003e4   Data          72  usart.o(.bss)
    huart6                                   0x2000042c   Data          72  usart.o(.bss)
    htim1                                    0x20000474   Data          72  stm32f4xx_hal_timebase_tim.o(.bss)
    xQueueRegistry                           0x200004bc   Data          64  queue.o(.bss)
    __initial_sp                             0x20005190   Data           0  startup_stm32f401xe.o(STACK)



==============================================================================

Memory Map of the image

  Image Entry point : 0x08000195

  Load Region LR_IROM1 (Base: 0x08000000, Size: 0x00005b9c, Max: 0x00080000, ABSOLUTE)

    Execution Region ER_IROM1 (Exec base: 0x08000000, Load base: 0x08000000, Size: 0x00005ab8, Max: 0x00080000, ABSOLUTE)

    Exec Addr    Load Addr    Size         Type   Attr      Idx    E Section Name        Object

    0x08000000   0x08000000   0x00000194   Data   RO            3    RESET               startup_stm32f401xe.o
    0x08000194   0x08000194   0x00000000   Code   RO         6679  * .ARM.Collect$$$$00000000  mc_w.l(entry.o)
    0x08000194   0x08000194   0x00000004   Code   RO         6976    .ARM.Collect$$$$00000001  mc_w.l(entry2.o)
    0x08000198   0x08000198   0x00000004   Code   RO         6979    .ARM.Collect$$$$00000004  mc_w.l(entry5.o)
    0x0800019c   0x0800019c   0x00000000   Code   RO         6981    .ARM.Collect$$$$00000008  mc_w.l(entry7b.o)
    0x0800019c   0x0800019c   0x00000000   Code   RO         6983    .ARM.Collect$$$$0000000A  mc_w.l(entry8b.o)
    0x0800019c   0x0800019c   0x00000008   Code   RO         6984    .ARM.Collect$$$$0000000B  mc_w.l(entry9a.o)
    0x080001a4   0x080001a4   0x00000000   Code   RO         6986    .ARM.Collect$$$$0000000D  mc_w.l(entry10a.o)
    0x080001a4   0x080001a4   0x00000000   Code   RO         6988    .ARM.Collect$$$$0000000F  mc_w.l(entry11a.o)
    0x080001a4   0x080001a4   0x00000004   Code   RO         6977    .ARM.Collect$$$$00002712  mc_w.l(entry2.o)
    0x080001a8   0x080001a8   0x000000be   Code   RO         6516    .emb_text           port.o
    0x08000266   0x08000266   0x00000002   PAD
    0x08000268   0x08000268   0x00000024   Code   RO            4    .text               startup_stm32f401xe.o
    0x0800028c   0x0800028c   0x00000062   Code   RO         6682    .text               mc_w.l(uldiv.o)
    0x080002ee   0x080002ee   0x00000024   Code   RO         6686    .text               mc_w.l(memcpya.o)
    0x08000312   0x08000312   0x00000024   Code   RO         6690    .text               mc_w.l(memseta.o)
    0x08000336   0x08000336   0x0000001e   Code   RO         6993    .text               mc_w.l(llshl.o)
    0x08000354   0x08000354   0x00000020   Code   RO         6995    .text               mc_w.l(llushr.o)
    0x08000374   0x08000374   0x00000024   Code   RO         7017    .text               mc_w.l(init.o)
    0x08000398   0x08000398   0x00000002   Code   RO         1642    i.BusFault_Handler  stm32f4xx_it.o
    0x0800039a   0x0800039a   0x00000002   PAD
    0x0800039c   0x0800039c   0x0000000c   Code   RO         1643    i.DMA1_Stream0_IRQHandler  stm32f4xx_it.o
    0x080003a8   0x080003a8   0x0000000c   Code   RO         1644    i.DMA1_Stream6_IRQHandler  stm32f4xx_it.o
    0x080003b4   0x080003b4   0x00000028   Code   RO         3267    i.DMA_CalcBaseAndBitshift  stm32f4xx_hal_dma.o
    0x080003dc   0x080003dc   0x00000054   Code   RO         3268    i.DMA_CheckFifoParam  stm32f4xx_hal_dma.o
    0x08000430   0x08000430   0x00000002   Code   RO         1645    i.DebugMon_Handler  stm32f4xx_it.o
    0x08000432   0x08000432   0x00000002   PAD
    0x08000434   0x08000434   0x0000002c   Code   RO          336    i.DelayUs_Init      delay.o
    0x08000460   0x08000460   0x00000016   Code   RO          337    i.Delay_ms          delay.o
    0x08000476   0x08000476   0x00000002   PAD
    0x08000478   0x08000478   0x0000002c   Code   RO          339    i.Delay_us          delay.o
    0x080004a4   0x080004a4   0x00000004   Code   RO         1147    i.Error_Handler     main.o
    0x080004a8   0x080004a8   0x00000092   Code   RO         3270    i.HAL_DMA_Abort     stm32f4xx_hal_dma.o
    0x0800053a   0x0800053a   0x00000024   Code   RO         3271    i.HAL_DMA_Abort_IT  stm32f4xx_hal_dma.o
    0x0800055e   0x0800055e   0x00000006   Code   RO         3274    i.HAL_DMA_GetState  stm32f4xx_hal_dma.o
    0x08000564   0x08000564   0x000001a0   Code   RO         3275    i.HAL_DMA_IRQHandler  stm32f4xx_hal_dma.o
    0x08000704   0x08000704   0x000000d4   Code   RO         3276    i.HAL_DMA_Init      stm32f4xx_hal_dma.o
    0x080007d8   0x080007d8   0x000001e0   Code   RO         3163    i.HAL_GPIO_Init     stm32f4xx_hal_gpio.o
    0x080009b8   0x080009b8   0x0000000a   Code   RO         3167    i.HAL_GPIO_WritePin  stm32f4xx_hal_gpio.o
    0x080009c2   0x080009c2   0x00000002   PAD
    0x080009c4   0x080009c4   0x0000000c   Code   RO         3737    i.HAL_GetTick       stm32f4xx_hal.o
    0x080009d0   0x080009d0   0x00000002   Code   RO         3982    i.HAL_I2C_AbortCpltCallback  stm32f4xx_hal_i2c.o
    0x080009d2   0x080009d2   0x00000002   Code   RO         3983    i.HAL_I2C_AddrCallback  stm32f4xx_hal_i2c.o
    0x080009d4   0x080009d4   0x000000ba   Code   RO         3986    i.HAL_I2C_ER_IRQHandler  stm32f4xx_hal_i2c.o
    0x08000a8e   0x08000a8e   0x00000230   Code   RO         3987    i.HAL_I2C_EV_IRQHandler  stm32f4xx_hal_i2c.o
    0x08000cbe   0x08000cbe   0x00000002   PAD
    0x08000cc0   0x08000cc0   0x0000003c   Code   RO         1398    i.HAL_I2C_ErrorCallback  i2c.o
    0x08000cfc   0x08000cfc   0x00000188   Code   RO         3993    i.HAL_I2C_Init      stm32f4xx_hal_i2c.o
    0x08000e84   0x08000e84   0x00000002   Code   RO         3995    i.HAL_I2C_ListenCpltCallback  stm32f4xx_hal_i2c.o
    0x08000e86   0x08000e86   0x00000002   PAD
    0x08000e88   0x08000e88   0x0000003c   Code   RO         1399    i.HAL_I2C_MasterRxCpltCallback  i2c.o
    0x08000ec4   0x08000ec4   0x0000003c   Code   RO         1401    i.HAL_I2C_MasterTxCpltCallback  i2c.o
    0x08000f00   0x08000f00   0x0000003c   Code   RO         1403    i.HAL_I2C_MemRxCpltCallback  i2c.o
    0x08000f3c   0x08000f3c   0x0000003c   Code   RO         1405    i.HAL_I2C_MemTxCpltCallback  i2c.o
    0x08000f78   0x08000f78   0x00000130   Code   RO         4014    i.HAL_I2C_Mem_Write  stm32f4xx_hal_i2c.o
    0x080010a8   0x080010a8   0x000000fc   Code   RO         1408    i.HAL_I2C_MspInit   i2c.o
    0x080011a4   0x080011a4   0x00000002   Code   RO         4019    i.HAL_I2C_SlaveRxCpltCallback  stm32f4xx_hal_i2c.o
    0x080011a6   0x080011a6   0x00000002   Code   RO         4020    i.HAL_I2C_SlaveTxCpltCallback  stm32f4xx_hal_i2c.o
    0x080011a8   0x080011a8   0x00000010   Code   RO         3743    i.HAL_IncTick       stm32f4xx_hal.o
    0x080011b8   0x080011b8   0x00000034   Code   RO         3744    i.HAL_Init          stm32f4xx_hal.o
    0x080011ec   0x080011ec   0x0000008c   Code   RO         1772    i.HAL_InitTick      stm32f4xx_hal_timebase_tim.o
    0x08001278   0x08001278   0x00000038   Code   RO         1748    i.HAL_MspInit       stm32f4xx_hal_msp.o
    0x080012b0   0x080012b0   0x0000001a   Code   RO         3579    i.HAL_NVIC_EnableIRQ  stm32f4xx_hal_cortex.o
    0x080012ca   0x080012ca   0x00000002   PAD
    0x080012cc   0x080012cc   0x00000040   Code   RO         3585    i.HAL_NVIC_SetPriority  stm32f4xx_hal_cortex.o
    0x0800130c   0x0800130c   0x00000024   Code   RO         3586    i.HAL_NVIC_SetPriorityGrouping  stm32f4xx_hal_cortex.o
    0x08001330   0x08001330   0x00000134   Code   RO         2785    i.HAL_RCC_ClockConfig  stm32f4xx_hal_rcc.o
    0x08001464   0x08001464   0x00000040   Code   RO         2789    i.HAL_RCC_GetClockConfig  stm32f4xx_hal_rcc.o
    0x080014a4   0x080014a4   0x00000020   Code   RO         2792    i.HAL_RCC_GetPCLK1Freq  stm32f4xx_hal_rcc.o
    0x080014c4   0x080014c4   0x00000020   Code   RO         2793    i.HAL_RCC_GetPCLK2Freq  stm32f4xx_hal_rcc.o
    0x080014e4   0x080014e4   0x00000060   Code   RO         2794    i.HAL_RCC_GetSysClockFreq  stm32f4xx_hal_rcc.o
    0x08001544   0x08001544   0x0000036c   Code   RO         2797    i.HAL_RCC_OscConfig  stm32f4xx_hal_rcc.o
    0x080018b0   0x080018b0   0x00000002   Code   RO         2517    i.HAL_TIMEx_BreakCallback  stm32f4xx_hal_tim_ex.o
    0x080018b2   0x080018b2   0x00000002   Code   RO         2518    i.HAL_TIMEx_CommutCallback  stm32f4xx_hal_tim_ex.o
    0x080018b4   0x080018b4   0x0000007c   Code   RO         2536    i.HAL_TIMEx_MasterConfigSynchronization  stm32f4xx_hal_tim_ex.o
    0x08001930   0x08001930   0x0000005a   Code   RO         1813    i.HAL_TIM_Base_Init  stm32f4xx_hal_tim.o
    0x0800198a   0x0800198a   0x00000002   PAD
    0x0800198c   0x0800198c   0x00000090   Code   RO         1498    i.HAL_TIM_Base_MspInit  tim.o
    0x08001a1c   0x08001a1c   0x0000006c   Code   RO         1818    i.HAL_TIM_Base_Start_IT  stm32f4xx_hal_tim.o
    0x08001a88   0x08001a88   0x000000dc   Code   RO         1822    i.HAL_TIM_ConfigClockSource  stm32f4xx_hal_tim.o
    0x08001b64   0x08001b64   0x0000007c   Code   RO          606    i.HAL_TIM_IC_CaptureCallback  getppm_task.o
    0x08001be0   0x08001be0   0x00000124   Code   RO         1849    i.HAL_TIM_IC_ConfigChannel  stm32f4xx_hal_tim.o
    0x08001d04   0x08001d04   0x0000005a   Code   RO         1852    i.HAL_TIM_IC_Init   stm32f4xx_hal_tim.o
    0x08001d5e   0x08001d5e   0x00000002   Code   RO         1854    i.HAL_TIM_IC_MspInit  stm32f4xx_hal_tim.o
    0x08001d60   0x08001d60   0x00000130   Code   RO         1861    i.HAL_TIM_IRQHandler  stm32f4xx_hal_tim.o
    0x08001e90   0x08001e90   0x00000054   Code   RO         1499    i.HAL_TIM_MspPostInit  tim.o
    0x08001ee4   0x08001ee4   0x00000002   Code   RO         1864    i.HAL_TIM_OC_DelayElapsedCallback  stm32f4xx_hal_tim.o
    0x08001ee6   0x08001ee6   0x000000cc   Code   RO         1885    i.HAL_TIM_PWM_ConfigChannel  stm32f4xx_hal_tim.o
    0x08001fb2   0x08001fb2   0x0000005a   Code   RO         1888    i.HAL_TIM_PWM_Init  stm32f4xx_hal_tim.o
    0x0800200c   0x0800200c   0x00000002   Code   RO         1890    i.HAL_TIM_PWM_MspInit  stm32f4xx_hal_tim.o
    0x0800200e   0x0800200e   0x00000002   Code   RO         1891    i.HAL_TIM_PWM_PulseFinishedCallback  stm32f4xx_hal_tim.o
    0x08002010   0x08002010   0x000000b0   Code   RO         1893    i.HAL_TIM_PWM_Start  stm32f4xx_hal_tim.o
    0x080020c0   0x080020c0   0x00000014   Code   RO         1148    i.HAL_TIM_PeriodElapsedCallback  main.o
    0x080020d4   0x080020d4   0x0000002a   Code   RO         1901    i.HAL_TIM_ReadCapturedValue  stm32f4xx_hal_tim.o
    0x080020fe   0x080020fe   0x00000002   Code   RO         1904    i.HAL_TIM_TriggerCallback  stm32f4xx_hal_tim.o
    0x08002100   0x08002100   0x00000002   Code   RO         4461    i.HAL_UARTEx_RxEventCallback  stm32f4xx_hal_uart.o
    0x08002102   0x08002102   0x00000002   Code   RO         4475    i.HAL_UART_ErrorCallback  stm32f4xx_hal_uart.o
    0x08002104   0x08002104   0x00000280   Code   RO         4478    i.HAL_UART_IRQHandler  stm32f4xx_hal_uart.o
    0x08002384   0x08002384   0x00000064   Code   RO         4479    i.HAL_UART_Init     stm32f4xx_hal_uart.o
    0x080023e8   0x080023e8   0x00000110   Code   RO         1552    i.HAL_UART_MspInit  usart.o
    0x080024f8   0x080024f8   0x0000001c   Code   RO         4484    i.HAL_UART_Receive_IT  stm32f4xx_hal_uart.o
    0x08002514   0x08002514   0x00000040   Code   RO          509    i.HAL_UART_RxCpltCallback  uart_task.o
    0x08002554   0x08002554   0x000000a0   Code   RO         4487    i.HAL_UART_Transmit  stm32f4xx_hal_uart.o
    0x080025f4   0x080025f4   0x00000002   Code   RO         4490    i.HAL_UART_TxCpltCallback  stm32f4xx_hal_uart.o
    0x080025f6   0x080025f6   0x00000002   Code   RO         1646    i.HardFault_Handler  stm32f4xx_it.o
    0x080025f8   0x080025f8   0x0000000c   Code   RO         1647    i.I2C1_ER_IRQHandler  stm32f4xx_it.o
    0x08002604   0x08002604   0x0000000c   Code   RO         1648    i.I2C1_EV_IRQHandler  stm32f4xx_it.o
    0x08002610   0x08002610   0x000000bc   Code   RO         4031    i.I2C_DMAAbort      stm32f4xx_hal_i2c.o
    0x080026cc   0x080026cc   0x00000010   Code   RO         4034    i.I2C_Flush_DR      stm32f4xx_hal_i2c.o
    0x080026dc   0x080026dc   0x00000158   Code   RO         4035    i.I2C_ITError       stm32f4xx_hal_i2c.o
    0x08002834   0x08002834   0x0000002e   Code   RO         4036    i.I2C_IsAcknowledgeFailed  stm32f4xx_hal_i2c.o
    0x08002862   0x08002862   0x000000da   Code   RO         4037    i.I2C_MasterReceive_BTF  stm32f4xx_hal_i2c.o
    0x0800293c   0x0800293c   0x000000f4   Code   RO         4038    i.I2C_MasterReceive_RXNE  stm32f4xx_hal_i2c.o
    0x08002a30   0x08002a30   0x00000082   Code   RO         4041    i.I2C_MasterTransmit_BTF  stm32f4xx_hal_i2c.o
    0x08002ab2   0x08002ab2   0x00000002   PAD
    0x08002ab4   0x08002ab4   0x000000b6   Code   RO         4042    i.I2C_MasterTransmit_TXE  stm32f4xx_hal_i2c.o
    0x08002b6a   0x08002b6a   0x00000002   PAD
    0x08002b6c   0x08002b6c   0x00000118   Code   RO         4043    i.I2C_Master_ADDR   stm32f4xx_hal_i2c.o
    0x08002c84   0x08002c84   0x0000008c   Code   RO         4044    i.I2C_Master_SB     stm32f4xx_hal_i2c.o
    0x08002d10   0x08002d10   0x000000a8   Code   RO         4045    i.I2C_MemoryTransmit_TXE_BTF  stm32f4xx_hal_i2c.o
    0x08002db8   0x08002db8   0x000000a8   Code   RO         4047    i.I2C_RequestMemoryWrite  stm32f4xx_hal_i2c.o
    0x08002e60   0x08002e60   0x00000046   Code   RO         4048    i.I2C_Slave_ADDR    stm32f4xx_hal_i2c.o
    0x08002ea6   0x08002ea6   0x00000002   PAD
    0x08002ea8   0x08002ea8   0x00000090   Code   RO         4049    i.I2C_Slave_AF      stm32f4xx_hal_i2c.o
    0x08002f38   0x08002f38   0x0000015c   Code   RO         4050    i.I2C_Slave_STOPF   stm32f4xx_hal_i2c.o
    0x08003094   0x08003094   0x00000056   Code   RO         4051    i.I2C_WaitOnBTFFlagUntilTimeout  stm32f4xx_hal_i2c.o
    0x080030ea   0x080030ea   0x00000002   PAD
    0x080030ec   0x080030ec   0x00000090   Code   RO         4052    i.I2C_WaitOnFlagUntilTimeout  stm32f4xx_hal_i2c.o
    0x0800317c   0x0800317c   0x000000bc   Code   RO         4053    i.I2C_WaitOnMasterAddressFlagUntilTimeout  stm32f4xx_hal_i2c.o
    0x08003238   0x08003238   0x00000056   Code   RO         4055    i.I2C_WaitOnTXEFlagUntilTimeout  stm32f4xx_hal_i2c.o
    0x0800328e   0x0800328e   0x00000002   PAD
    0x08003290   0x08003290   0x0000003c   Code   RO         1374    i.MX_DMA_Init       dma.o
    0x080032cc   0x080032cc   0x00000090   Code   RO         1280    i.MX_FREERTOS_Init  freertos.o
    0x0800335c   0x0800335c   0x00000124   Code   RO         1204    i.MX_GPIO_Init      gpio.o
    0x08003480   0x08003480   0x00000070   Code   RO         1409    i.MX_I2C1_Init      i2c.o
    0x080034f0   0x080034f0   0x000000a0   Code   RO         1500    i.MX_TIM2_Init      tim.o
    0x08003590   0x08003590   0x000000c8   Code   RO         1501    i.MX_TIM3_Init      tim.o
    0x08003658   0x08003658   0x00000038   Code   RO         1553    i.MX_USART1_UART_Init  usart.o
    0x08003690   0x08003690   0x00000038   Code   RO         1554    i.MX_USART2_UART_Init  usart.o
    0x080036c8   0x080036c8   0x00000038   Code   RO         1555    i.MX_USART6_UART_Init  usart.o
    0x08003700   0x08003700   0x00000002   Code   RO         1649    i.MemManage_Handler  stm32f4xx_it.o
    0x08003702   0x08003702   0x00000002   Code   RO         1650    i.NMI_Handler       stm32f4xx_it.o
    0x08003704   0x08003704   0x00000008   Code   RO         1282    i.StartDefaultTask  freertos.o
    0x0800370c   0x0800370c   0x0000001a   Code   RO         5951    i.SysTick_Handler   cmsis_os2.o
    0x08003726   0x08003726   0x00000002   PAD
    0x08003728   0x08003728   0x00000094   Code   RO         1149    i.SystemClock_Config  main.o
    0x080037bc   0x080037bc   0x00000010   Code   RO         4813    i.SystemInit        system_stm32f4xx.o
    0x080037cc   0x080037cc   0x0000000c   Code   RO         1651    i.TIM1_UP_TIM10_IRQHandler  stm32f4xx_it.o
    0x080037d8   0x080037d8   0x0000000c   Code   RO         1652    i.TIM2_IRQHandler   stm32f4xx_it.o
    0x080037e4   0x080037e4   0x000000a0   Code   RO         1906    i.TIM_Base_SetConfig  stm32f4xx_hal_tim.o
    0x08003884   0x08003884   0x0000001a   Code   RO         1907    i.TIM_CCxChannelCmd  stm32f4xx_hal_tim.o
    0x0800389e   0x0800389e   0x00000014   Code   RO         1917    i.TIM_ETR_SetConfig  stm32f4xx_hal_tim.o
    0x080038b2   0x080038b2   0x00000010   Code   RO         1918    i.TIM_ITRx_SetConfig  stm32f4xx_hal_tim.o
    0x080038c2   0x080038c2   0x00000002   PAD
    0x080038c4   0x080038c4   0x00000050   Code   RO         1919    i.TIM_OC1_SetConfig  stm32f4xx_hal_tim.o
    0x08003914   0x08003914   0x00000058   Code   RO         1920    i.TIM_OC2_SetConfig  stm32f4xx_hal_tim.o
    0x0800396c   0x0800396c   0x00000058   Code   RO         1921    i.TIM_OC3_SetConfig  stm32f4xx_hal_tim.o
    0x080039c4   0x080039c4   0x00000044   Code   RO         1922    i.TIM_OC4_SetConfig  stm32f4xx_hal_tim.o
    0x08003a08   0x08003a08   0x00000022   Code   RO         1924    i.TIM_TI1_ConfigInputStage  stm32f4xx_hal_tim.o
    0x08003a2a   0x08003a2a   0x00000002   PAD
    0x08003a2c   0x08003a2c   0x0000006c   Code   RO         1925    i.TIM_TI1_SetConfig  stm32f4xx_hal_tim.o
    0x08003a98   0x08003a98   0x00000024   Code   RO         1926    i.TIM_TI2_ConfigInputStage  stm32f4xx_hal_tim.o
    0x08003abc   0x08003abc   0x00000036   Code   RO         1927    i.TIM_TI2_SetConfig  stm32f4xx_hal_tim.o
    0x08003af2   0x08003af2   0x0000000e   Code   RO         4492    i.UART_DMAAbortOnError  stm32f4xx_hal_uart.o
    0x08003b00   0x08003b00   0x0000004e   Code   RO         4502    i.UART_EndRxTransfer  stm32f4xx_hal_uart.o
    0x08003b4e   0x08003b4e   0x000000c2   Code   RO         4504    i.UART_Receive_IT   stm32f4xx_hal_uart.o
    0x08003c10   0x08003c10   0x0000010c   Code   RO         4505    i.UART_SetConfig    stm32f4xx_hal_uart.o
    0x08003d1c   0x08003d1c   0x00000036   Code   RO         4507    i.UART_Start_Receive_IT  stm32f4xx_hal_uart.o
    0x08003d52   0x08003d52   0x00000072   Code   RO         4508    i.UART_WaitOnFlagUntilTimeout  stm32f4xx_hal_uart.o
    0x08003dc4   0x08003dc4   0x0000000c   Code   RO         1653    i.USART1_IRQHandler  stm32f4xx_it.o
    0x08003dd0   0x08003dd0   0x0000000c   Code   RO         1654    i.USART6_IRQHandler  stm32f4xx_it.o
    0x08003ddc   0x08003ddc   0x00000004   Code   RO         1284    i.Uart_Debug_Task   freertos.o
    0x08003de0   0x08003de0   0x00000028   Code   RO          510    i.Uart_Send_Task    uart_task.o
    0x08003e08   0x08003e08   0x00000002   Code   RO         1655    i.UsageFault_Handler  stm32f4xx_it.o
    0x08003e0a   0x08003e0a   0x00000002   PAD
    0x08003e0c   0x08003e0c   0x00000020   Code   RO         6807    i.__0printf$4       mc_w.l(printf4.o)
    0x08003e2c   0x08003e2c   0x00000020   Code   RO         3592    i.__NVIC_SetPriority  stm32f4xx_hal_cortex.o
    0x08003e4c   0x08003e4c   0x0000000e   Code   RO         7025    i.__scatterload_copy  mc_w.l(handlers.o)
    0x08003e5a   0x08003e5a   0x00000002   Code   RO         7026    i.__scatterload_null  mc_w.l(handlers.o)
    0x08003e5c   0x08003e5c   0x0000000e   Code   RO         7027    i.__scatterload_zeroinit  mc_w.l(handlers.o)
    0x08003e6a   0x08003e6a   0x00000002   PAD
    0x08003e6c   0x08003e6c   0x0000022c   Code   RO         6814    i._printf_core      mc_w.l(printf4.o)
    0x08004098   0x08004098   0x00000018   Code   RO         1559    i.fputc             usart.o
    0x080040b0   0x080040b0   0x000000ac   Code   RO         1150    i.main              main.o
    0x0800415c   0x0800415c   0x0000001a   Code   RO         5953    i.osDelay           cmsis_os2.o
    0x08004176   0x08004176   0x00000002   PAD
    0x08004178   0x08004178   0x00000024   Code   RO         5967    i.osKernelInitialize  cmsis_os2.o
    0x0800419c   0x0800419c   0x00000038   Code   RO         5970    i.osKernelStart     cmsis_os2.o
    0x080041d4   0x080041d4   0x0000008a   Code   RO         6012    i.osThreadNew       cmsis_os2.o
    0x0800425e   0x0800425e   0x00000002   PAD
    0x08004260   0x08004260   0x0000005c   Code   RO         5415    i.prvAddCurrentTaskToDelayedList  tasks.o
    0x080042bc   0x080042bc   0x000000d0   Code   RO         5416    i.prvAddNewTaskToReadyList  tasks.o
    0x0800438c   0x0800438c   0x00000058   Code   RO         5780    i.prvCheckForValidListAndQueue  timers.o
    0x080043e4   0x080043e4   0x00000026   Code   RO         5015    i.prvCopyDataFromQueue  queue.o
    0x0800440a   0x0800440a   0x0000006c   Code   RO         5016    i.prvCopyDataToQueue  queue.o
    0x08004476   0x08004476   0x00000034   Code   RO         5417    i.prvDeleteTCB      tasks.o
    0x080044aa   0x080044aa   0x00000002   PAD
    0x080044ac   0x080044ac   0x0000004c   Code   RO         6461    i.prvHeapInit       heap_4.o
    0x080044f8   0x080044f8   0x00000060   Code   RO         5418    i.prvIdleTask       tasks.o
    0x08004558   0x08004558   0x00000016   Code   RO         5017    i.prvInitialiseMutex  queue.o
    0x0800456e   0x0800456e   0x00000002   PAD
    0x08004570   0x08004570   0x00000022   Code   RO         5018    i.prvInitialiseNewQueue  queue.o
    0x08004592   0x08004592   0x00000002   PAD
    0x08004594   0x08004594   0x000000b0   Code   RO         5419    i.prvInitialiseNewTask  tasks.o
    0x08004644   0x08004644   0x0000004c   Code   RO         6462    i.prvInsertBlockIntoFreeList  heap_4.o
    0x08004690   0x08004690   0x00000038   Code   RO         5782    i.prvInsertTimerInActiveList  timers.o
    0x080046c8   0x080046c8   0x0000001c   Code   RO         5019    i.prvIsQueueEmpty   queue.o
    0x080046e4   0x080046e4   0x000000fc   Code   RO         5783    i.prvProcessReceivedCommands  timers.o
    0x080047e0   0x080047e0   0x000000c0   Code   RO         5784    i.prvProcessTimerOrBlockTask  timers.o
    0x080048a0   0x080048a0   0x00000020   Code   RO         5421    i.prvResetNextTaskUnblockTime  tasks.o
    0x080048c0   0x080048c0   0x00000028   Code   RO         5785    i.prvSampleTimeNow  timers.o
    0x080048e8   0x080048e8   0x0000006c   Code   RO         5786    i.prvSwitchTimerLists  timers.o
    0x08004954   0x08004954   0x00000028   Code   RO         6517    i.prvTaskExitError  port.o
    0x0800497c   0x0800497c   0x00000024   Code   RO         5787    i.prvTimerTask      timers.o
    0x080049a0   0x080049a0   0x0000006a   Code   RO         5020    i.prvUnlockQueue    queue.o
    0x08004a0a   0x08004a0a   0x00000002   PAD
    0x08004a0c   0x08004a0c   0x000000dc   Code   RO         6463    i.pvPortMalloc      heap_4.o
    0x08004ae8   0x08004ae8   0x0000002c   Code   RO         6518    i.pxPortInitialiseStack  port.o
    0x08004b14   0x08004b14   0x00000014   Code   RO          511    i.uart1RxStartIT    uart_task.o
    0x08004b28   0x08004b28   0x00000026   Code   RO         4975    i.uxListRemove      list.o
    0x08004b4e   0x08004b4e   0x00000002   PAD
    0x08004b50   0x08004b50   0x00000014   Code   RO         6024    i.vApplicationGetIdleTaskMemory  cmsis_os2.o
    0x08004b64   0x08004b64   0x00000018   Code   RO         6025    i.vApplicationGetTimerTaskMemory  cmsis_os2.o
    0x08004b7c   0x08004b7c   0x00000016   Code   RO         4976    i.vListInitialise   list.o
    0x08004b92   0x08004b92   0x00000006   Code   RO         4977    i.vListInitialiseItem  list.o
    0x08004b98   0x08004b98   0x00000030   Code   RO         4978    i.vListInsert       list.o
    0x08004bc8   0x08004bc8   0x00000018   Code   RO         4979    i.vListInsertEnd    list.o
    0x08004be0   0x08004be0   0x00000040   Code   RO         6520    i.vPortEnterCritical  port.o
    0x08004c20   0x08004c20   0x00000028   Code   RO         6521    i.vPortExitCritical  port.o
    0x08004c48   0x08004c48   0x00000064   Code   RO         6464    i.vPortFree         heap_4.o
    0x08004cac   0x08004cac   0x00000024   Code   RO         6522    i.vPortSetupTimerInterrupt  port.o
    0x08004cd0   0x08004cd0   0x00000054   Code   RO         6523    i.vPortValidateInterruptPriority  port.o
    0x08004d24   0x08004d24   0x00000028   Code   RO         5026    i.vQueueAddToRegistry  queue.o
    0x08004d4c   0x08004d4c   0x00000044   Code   RO         5030    i.vQueueWaitForMessageRestricted  queue.o
    0x08004d90   0x08004d90   0x0000004c   Code   RO         5434    i.vTaskDelay        tasks.o
    0x08004ddc   0x08004ddc   0x00000010   Code   RO         5439    i.vTaskInternalSetTimeOutState  tasks.o
    0x08004dec   0x08004dec   0x0000000c   Code   RO         5440    i.vTaskMissedYield  tasks.o
    0x08004df8   0x08004df8   0x00000030   Code   RO         5442    i.vTaskPlaceOnEventList  tasks.o
    0x08004e28   0x08004e28   0x00000038   Code   RO         5443    i.vTaskPlaceOnEventListRestricted  tasks.o
    0x08004e60   0x08004e60   0x00000088   Code   RO         5451    i.vTaskStartScheduler  tasks.o
    0x08004ee8   0x08004ee8   0x00000010   Code   RO         5453    i.vTaskSuspendAll   tasks.o
    0x08004ef8   0x08004ef8   0x00000064   Code   RO         5454    i.vTaskSwitchContext  tasks.o
    0x08004f5c   0x08004f5c   0x000000f4   Code   RO         6524    i.xPortStartScheduler  port.o
    0x08005050   0x08005050   0x0000002c   Code   RO         6525    i.xPortSysTickHandler  port.o
    0x0800507c   0x0800507c   0x00000016   Code   RO         5033    i.xQueueCreateMutex  queue.o
    0x08005092   0x08005092   0x00000042   Code   RO         5035    i.xQueueGenericCreate  queue.o
    0x080050d4   0x080050d4   0x00000066   Code   RO         5036    i.xQueueGenericCreateStatic  queue.o
    0x0800513a   0x0800513a   0x00000002   PAD
    0x0800513c   0x0800513c   0x00000088   Code   RO         5037    i.xQueueGenericReset  queue.o
    0x080051c4   0x080051c4   0x00000160   Code   RO         5038    i.xQueueGenericSend  queue.o
    0x08005324   0x08005324   0x000000be   Code   RO         5039    i.xQueueGenericSendFromISR  queue.o
    0x080053e2   0x080053e2   0x0000009c   Code   RO         5042    i.xQueueGiveFromISR  queue.o
    0x0800547e   0x0800547e   0x00000002   PAD
    0x08005480   0x08005480   0x00000138   Code   RO         5048    i.xQueueReceive     queue.o
    0x080055b8   0x080055b8   0x00000074   Code   RO         5456    i.xTaskCheckForTimeOut  tasks.o
    0x0800562c   0x0800562c   0x0000005a   Code   RO         5457    i.xTaskCreate       tasks.o
    0x08005686   0x08005686   0x00000056   Code   RO         5458    i.xTaskCreateStatic  tasks.o
    0x080056dc   0x080056dc   0x0000001c   Code   RO         5462    i.xTaskGetSchedulerState  tasks.o
    0x080056f8   0x080056f8   0x0000000c   Code   RO         5463    i.xTaskGetTickCount  tasks.o
    0x08005704   0x08005704   0x000000c8   Code   RO         5465    i.xTaskIncrementTick  tasks.o
    0x080057cc   0x080057cc   0x00000080   Code   RO         5468    i.xTaskPriorityDisinherit  tasks.o
    0x0800584c   0x0800584c   0x00000070   Code   RO         5470    i.xTaskRemoveFromEventList  tasks.o
    0x080058bc   0x080058bc   0x000000c4   Code   RO         5471    i.xTaskResumeAll    tasks.o
    0x08005980   0x08005980   0x00000060   Code   RO         5796    i.xTimerCreateTimerTask  timers.o
    0x080059e0   0x080059e0   0x00000068   Code   RO         5797    i.xTimerGenericCommand  timers.o
    0x08005a48   0x08005a48   0x00000024   Data   RO         1285    .constdata          freertos.o
    0x08005a6c   0x08005a6c   0x00000008   Data   RO         3282    .constdata          stm32f4xx_hal_dma.o
    0x08005a74   0x08005a74   0x00000010   Data   RO         4814    .constdata          system_stm32f4xx.o
    0x08005a84   0x08005a84   0x00000008   Data   RO         4815    .constdata          system_stm32f4xx.o
    0x08005a8c   0x08005a8c   0x0000000c   Data   RO         1286    .conststring        freertos.o
    0x08005a98   0x08005a98   0x00000020   Data   RO         7023    Region$$Table       anon$$obj.o


    Execution Region RW_IRAM1 (Exec base: 0x20000000, Load base: 0x08005ab8, Size: 0x00005190, Max: 0x00018000, ABSOLUTE)

    Exec Addr    Load Addr    Size         Type   Attr      Idx    E Section Name        Object

    0x20000000   0x08005ab8   0x00000028   Data   RW           40    .data               gy86.o
    0x20000028   0x08005ae0   0x00000006   Data   RW          513    .data               uart_task.o
    0x2000002e   0x08005ae6   0x00000002   PAD
    0x20000030   0x08005ae8   0x00000014   Data   RW          609    .data               getppm_task.o
    0x20000044   0x08005afc   0x00000004   Data   RW         1287    .data               freertos.o
    0x20000048   0x08005b00   0x00000008   Data   RW         1413    .data               i2c.o
    0x20000050   0x08005b08   0x0000000c   Data   RW         3751    .data               stm32f4xx_hal.o
    0x2000005c   0x08005b14   0x00000004   Data   RW         4816    .data               system_stm32f4xx.o
    0x20000060   0x08005b18   0x0000003c   Data   RW         5474    .data               tasks.o
    0x2000009c   0x08005b54   0x00000014   Data   RW         5805    .data               timers.o
    0x200000b0   0x08005b68   0x00000004   Data   RW         6027    .data               cmsis_os2.o
    0x200000b4   0x08005b6c   0x00000020   Data   RW         6470    .data               heap_4.o
    0x200000d4   0x08005b8c   0x0000000c   Data   RW         6526    .data               port.o
    0x200000e0   0x08005b98   0x00000004   Data   RW         6990    .data               mc_w.l(stdout.o)
    0x200000e4        -       0x00000100   Zero   RW          512    .bss                uart_task.o
    0x200001e4        -       0x00000012   Zero   RW          608    .bss                getppm_task.o
    0x200001f6   0x08005b9c   0x00000002   PAD
    0x200001f8        -       0x00000114   Zero   RW         1410    .bss                i2c.o
    0x2000030c        -       0x00000090   Zero   RW         1502    .bss                tim.o
    0x2000039c        -       0x000000d8   Zero   RW         1560    .bss                usart.o
    0x20000474        -       0x00000048   Zero   RW         1775    .bss                stm32f4xx_hal_timebase_tim.o
    0x200004bc        -       0x00000040   Zero   RW         5052    .bss                queue.o
    0x200004fc        -       0x000004c4   Zero   RW         5473    .bss                tasks.o
    0x200009c0        -       0x00000118   Zero   RW         5804    .bss                timers.o
    0x20000ad8        -       0x000006b8   Zero   RW         6026    .bss                cmsis_os2.o
    0x20001190        -       0x00003c00   Zero   RW         6469    .bss                heap_4.o
    0x20004d90        -       0x00000400   Zero   RW            1    STACK               startup_stm32f401xe.o


==============================================================================

Image component sizes


      Code (inc. data)   RO Data    RW Data    ZI Data      Debug   Object Name

         0          0          0          0          0        392   attitudeestimator.o
       326         22          0          4       1720      62811   cmsis_os2.o
       110         20          0          0          0       1963   delay.o
        60          4          0          0          0        846   dma.o
         0          0          0          0          0      18136   event_groups.o
         0          0          0          0          0       1472   filter.o
       156         50         48          4          0       2627   freertos.o
       124         18          0         20         18       1775   getppm_task.o
       292         20          0          0          0       1283   gpio.o
         0          0          0         40          0     442957   gy86.o
       472         24          0         32      15360       5059   heap_4.o
       664        108          0          8        276       5673   i2c.o
       138          0          0          0          0       3738   list.o
       344         26          0          0          0       3184   main.o
       786         82          0         12          0      11885   port.o
      1780         20          0          0         64      21646   queue.o
        36          8        404          0       1024        860   startup_stm32f401xe.o
        80         14          0         12          0       8134   stm32f4xx_hal.o
       158         14          0          0          0      33194   stm32f4xx_hal_cortex.o
       940         16          8          0          0       6458   stm32f4xx_hal_dma.o
       490         34          0          0          0       2264   stm32f4xx_hal_gpio.o
      4642         72          0          0          0      28147   stm32f4xx_hal_i2c.o
        56          4          0          0          0        930   stm32f4xx_hal_msp.o
      1408         82          0          0          0       6141   stm32f4xx_hal_rcc.o
      2404        110          0          0          0      21915   stm32f4xx_hal_tim.o
       128         20          0          0          0       2613   stm32f4xx_hal_tim_ex.o
       140         22          0          0         72       1519   stm32f4xx_hal_timebase_tim.o
      1656         14          0          0          0      11892   stm32f4xx_hal_uart.o
       108         48          0          0          0       7012   stm32f4xx_it.o
        16          4         24          4          0       1223   system_stm32f4xx.o
      2084        168          0         60       1220      27732   tasks.o
       588         40          0          0        144       3541   tim.o
       972         80          0         20        280      30139   timers.o
       124         38          0          6        256      13847   uart_task.o
       464         52          0          0        216       5284   usart.o

    ----------------------------------------------------------------------
     21800       1234        516        224      20652     798292   Object Totals
         0          0         32          0          0          0   (incl. Generated)
        54          0          0          2          2          0   (incl. Padding)

    ----------------------------------------------------------------------

      Code (inc. data)   RO Data    RW Data    ZI Data      Debug   Library Member Name

         0          0          0          0          0          0   entry.o
         0          0          0          0          0          0   entry10a.o
         0          0          0          0          0          0   entry11a.o
         8          4          0          0          0          0   entry2.o
         4          0          0          0          0          0   entry5.o
         0          0          0          0          0          0   entry7b.o
         0          0          0          0          0          0   entry8b.o
         8          4          0          0          0          0   entry9a.o
        30          0          0          0          0          0   handlers.o
        36          8          0          0          0         68   init.o
        30          0          0          0          0         68   llshl.o
        32          0          0          0          0         68   llushr.o
        36          0          0          0          0         68   memcpya.o
        36          0          0          0          0        108   memseta.o
       588         14          0          0          0        184   printf4.o
         0          0          0          4          0          0   stdout.o
        98          0          0          0          0         92   uldiv.o

    ----------------------------------------------------------------------
       908         30          0          4          0        656   Library Totals
         2          0          0          0          0          0   (incl. Padding)

    ----------------------------------------------------------------------

      Code (inc. data)   RO Data    RW Data    ZI Data      Debug   Library Name

       906         30          0          4          0        656   mc_w.l

    ----------------------------------------------------------------------
       908         30          0          4          0        656   Library Totals

    ----------------------------------------------------------------------

==============================================================================


      Code (inc. data)   RO Data    RW Data    ZI Data      Debug   

     22708       1264        516        228      20652     778092   Grand Totals
     22708       1264        516        228      20652     778092   ELF Image Totals
     22708       1264        516        228          0          0   ROM Totals

==============================================================================

    Total RO  Size (Code + RO Data)                23224 (  22.68kB)
    Total RW  Size (RW Data + ZI Data)             20880 (  20.39kB)
    Total ROM Size (Code + RO Data + RW Data)      23452 (  22.90kB)

==============================================================================

